Return-Path: <linux-fsdevel+bounces-76118-lists+linux-fsdevel=lfdr.de@vger.kernel.org>
Delivered-To: lists+linux-fsdevel@lfdr.de
Received: from mail.lfdr.de
	by lfdr with LMTP
	id aBTFGOtPgWmLFgMAu9opvQ
	(envelope-from <linux-fsdevel+bounces-76118-lists+linux-fsdevel=lfdr.de@vger.kernel.org>)
	for <lists+linux-fsdevel@lfdr.de>; Tue, 03 Feb 2026 02:31:23 +0100
X-Original-To: lists+linux-fsdevel@lfdr.de
Received: from tor.lore.kernel.org (tor.lore.kernel.org [IPv6:2600:3c04:e001:36c::12fc:5321])
	by mail.lfdr.de (Postfix) with ESMTPS id 0E6EBD362D
	for <lists+linux-fsdevel@lfdr.de>; Tue, 03 Feb 2026 02:31:22 +0100 (CET)
Received: from smtp.subspace.kernel.org (conduit.subspace.kernel.org [100.90.174.1])
	by tor.lore.kernel.org (Postfix) with ESMTP id 333FF3034788
	for <lists+linux-fsdevel@lfdr.de>; Tue,  3 Feb 2026 01:31:19 +0000 (UTC)
Received: from localhost.localdomain (localhost.localdomain [127.0.0.1])
	by smtp.subspace.kernel.org (Postfix) with ESMTP id 98E022417D1;
	Tue,  3 Feb 2026 01:31:17 +0000 (UTC)
Authentication-Results: smtp.subspace.kernel.org;
	dkim=pass (2048-bit key) header.d=intel.com header.i=@intel.com header.b="BI224GMd"
X-Original-To: linux-fsdevel@vger.kernel.org
Received: from mgamail.intel.com (mgamail.intel.com [198.175.65.10])
	(using TLSv1.2 with cipher ECDHE-RSA-AES256-GCM-SHA384 (256/256 bits))
	(No client certificate requested)
	by smtp.subspace.kernel.org (Postfix) with ESMTPS id 601FB221FBA;
	Tue,  3 Feb 2026 01:31:04 +0000 (UTC)
Authentication-Results: smtp.subspace.kernel.org; arc=fail smtp.client-ip=198.175.65.10
ARC-Seal:i=2; a=rsa-sha256; d=subspace.kernel.org; s=arc-20240116;
	t=1770082277; cv=fail; b=QGl2zQLe/E1me02BZUO9Uw0wLch9AQGq/nO2g5JlxU7eOlU6bQMgk5QXbVKReff7HaENzty/VovOZ7FUTtBAjJmrnWf4lL+foa4NEiOKU4bVDcihmybwa6eCVCje/Ay3vXeKnRyCMUdImynA4GMmCOlHcOKYfPAyUatx5gY72l0=
ARC-Message-Signature:i=2; a=rsa-sha256; d=subspace.kernel.org;
	s=arc-20240116; t=1770082277; c=relaxed/simple;
	bh=BN5hx8VST0a8TJb0GOM5+3ZljmXDZNU/QvsJy6KQ6V8=;
	h=Date:From:To:CC:Subject:Message-ID:References:Content-Type:
	 Content-Disposition:In-Reply-To:MIME-Version; b=gpXyZqNC8VbJiGda7gZja+iTS0RT/5tKnRtqXfECf3Iumc5DsrTVuMvFF+WKbEiO11mLtcFR+KL4BMHpWta4Afpk9DKEvR2UGbsOcC4M8roCash53WdD0YfFk1fkFmxENTVPDZkA9mpSPDSz6A/cWbEquMu5IPLuQvHYJnK4de0=
ARC-Authentication-Results:i=2; smtp.subspace.kernel.org; dmarc=pass (p=none dis=none) header.from=intel.com; spf=pass smtp.mailfrom=intel.com; dkim=pass (2048-bit key) header.d=intel.com header.i=@intel.com header.b=BI224GMd; arc=fail smtp.client-ip=198.175.65.10
Authentication-Results: smtp.subspace.kernel.org; dmarc=pass (p=none dis=none) header.from=intel.com
Authentication-Results: smtp.subspace.kernel.org; spf=pass smtp.mailfrom=intel.com
DKIM-Signature: v=1; a=rsa-sha256; c=relaxed/simple;
  d=intel.com; i=@intel.com; q=dns/txt; s=Intel;
  t=1770082265; x=1801618265;
  h=date:from:to:cc:subject:message-id:references:
   in-reply-to:mime-version;
  bh=BN5hx8VST0a8TJb0GOM5+3ZljmXDZNU/QvsJy6KQ6V8=;
  b=BI224GMdKZtC4YZkR5SD9rc7WKm6Ax2Nofh/YUQ/ugpSgvOOkxsFF6k0
   9RlUNxiF+w6NwTcHILjX2X3e3BZDycVOaKjeKB8BjwT+HKfSiu7qATlXi
   n+Kx75Zjzj/LEra5swJrsxfI+bUHb1OwOhotigkE7ec++eyqu1JdlCWEM
   mXsKGo8OkRs68ud22d903kGU2gE86oslQUxkLLnpdETUrFyCt2Qwc2ifm
   G0mlvmottlYgwlWsgGM3VOC9nbQXsvQYtX0plrY27EnmM+aGsPvopRSjU
   DhR2bnGOiemwUdh1tuT7cEMWYPMZcyVdjePef+cv9O7r4DpP/q//ka6KJ
   Q==;
X-CSE-ConnectionGUID: qbcdYZ60QXiGkZ1szfr2sA==
X-CSE-MsgGUID: Em4Ubx8SQmig5ZWgJcSi4w==
X-IronPort-AV: E=McAfee;i="6800,10657,11690"; a="88668804"
X-IronPort-AV: E=Sophos;i="6.21,269,1763452800"; 
   d="log'?scan'208";a="88668804"
Received: from orviesa006.jf.intel.com ([10.64.159.146])
  by orvoesa102.jf.intel.com with ESMTP/TLS/ECDHE-RSA-AES256-GCM-SHA384; 02 Feb 2026 17:31:04 -0800
X-CSE-ConnectionGUID: YLcdtg/iQR2PiclN7i1mCw==
X-CSE-MsgGUID: WI9NEbU+ReWfICIgblolsw==
X-ExtLoop1: 1
X-IronPort-AV: E=Sophos;i="6.21,269,1763452800"; 
   d="log'?scan'208";a="208783675"
Received: from fmsmsx902.amr.corp.intel.com ([10.18.126.91])
  by orviesa006.jf.intel.com with ESMTP/TLS/ECDHE-RSA-AES256-GCM-SHA384; 02 Feb 2026 17:31:03 -0800
Received: from FMSMSX901.amr.corp.intel.com (10.18.126.90) by
 fmsmsx902.amr.corp.intel.com (10.18.126.91) with Microsoft SMTP Server
 (version=TLS1_2, cipher=TLS_ECDHE_RSA_WITH_AES_256_GCM_SHA384) id
 15.2.2562.35; Mon, 2 Feb 2026 17:31:02 -0800
Received: from fmsedg901.ED.cps.intel.com (10.1.192.143) by
 FMSMSX901.amr.corp.intel.com (10.18.126.90) with Microsoft SMTP Server
 (version=TLS1_2, cipher=TLS_ECDHE_RSA_WITH_AES_256_GCM_SHA384) id
 15.2.2562.35 via Frontend Transport; Mon, 2 Feb 2026 17:31:02 -0800
Received: from DM5PR21CU001.outbound.protection.outlook.com (52.101.62.8) by
 edgegateway.intel.com (192.55.55.81) with Microsoft SMTP Server
 (version=TLS1_2, cipher=TLS_ECDHE_RSA_WITH_AES_256_GCM_SHA384) id
 15.2.2562.35; Mon, 2 Feb 2026 17:31:01 -0800
ARC-Seal: i=1; a=rsa-sha256; s=arcselector10001; d=microsoft.com; cv=none;
 b=dsCXKJ5dghakKwAdUCrkAzRBVNp1SDCHR/ThRvq9QCdRs8Av2GQ1o+VrpZ68bpbPw4/p7yZDv5LCbxXS39HB0B147d+qStYJGv/GBQf9CvEe8Y0O++e/v8VvwQ3NfGz2xlcDPLqQh4O9fEKrbk9T99GqdQ73PgH4dH3qOzdhqnPpvCyYK440aKivNHv036LouxuBhT4YIyBcUslYILcnZ3YU7odaabMOVg9DkY1tptrA4OwbSIyZUClMsLx6Ugq3d1LJM6PcfYw4k5I+MOpqRD6D7lYIFNpUSfdK67MzG/rUnWkKc7ouTWU/DgWLXzspHKht8aiBIQxgypwJYDN/Pg==
ARC-Message-Signature: i=1; a=rsa-sha256; c=relaxed/relaxed; d=microsoft.com;
 s=arcselector10001;
 h=From:Date:Subject:Message-ID:Content-Type:MIME-Version:X-MS-Exchange-AntiSpam-MessageData-ChunkCount:X-MS-Exchange-AntiSpam-MessageData-0:X-MS-Exchange-AntiSpam-MessageData-1;
 bh=pmhsw43sRva/RBYp4BhOMuM8HInwD5UDy0bRz5BDvyA=;
 b=M0OCmBp1GUCeVBSRrd6vkIQdaIWIlBwy/FUkR7vD13Hfw2IPG/bbO+MWzWeLGIOh0/Fz8EMjR1UNF5dOGv8WwNho96qNgK7QBF9DRDCsfaVJkIM45lPEsSop7e37sUWZcCbKxsZ/UKzJd8pP0R6sCij19KhG2lFCDhOVP1fonEVrdPbyosWd32Zo1Tq7z1Kw1TBX3ISHful73rf2ECBHhde0c+MDy1mBhVnnSTZtV4dovxf1QX9qABd2okJr4oC+CzTnLdOCMzIqonE70hl2Uv/Cua8lQ92Rt1krU3ihQxS/KMBfsEhAHttnCTdF32u7g+bpeijfkRiCiZNhYpiarg==
ARC-Authentication-Results: i=1; mx.microsoft.com 1; spf=pass
 smtp.mailfrom=intel.com; dmarc=pass action=none header.from=intel.com;
 dkim=pass header.d=intel.com; arc=none
Authentication-Results: dkim=none (message not signed)
 header.d=none;dmarc=none action=none header.from=intel.com;
Received: from LV3PR11MB8603.namprd11.prod.outlook.com (2603:10b6:408:1b6::9)
 by SA1PR11MB6688.namprd11.prod.outlook.com (2603:10b6:806:25b::17) with
 Microsoft SMTP Server (version=TLS1_2,
 cipher=TLS_ECDHE_RSA_WITH_AES_256_GCM_SHA384) id 15.20.9564.16; Tue, 3 Feb
 2026 01:30:53 +0000
Received: from LV3PR11MB8603.namprd11.prod.outlook.com
 ([fe80::e4de:b1d:5557:7257]) by LV3PR11MB8603.namprd11.prod.outlook.com
 ([fe80::e4de:b1d:5557:7257%5]) with mapi id 15.20.9564.016; Tue, 3 Feb 2026
 01:30:52 +0000
Date: Tue, 3 Feb 2026 09:30:43 +0800
From: Oliver Sang <oliver.sang@intel.com>
To: Christian Brauner <brauner@kernel.org>
CC: <oe-lkp@lists.linux.dev>, <lkp@intel.com>, Jeff Layton
	<jlayton@kernel.org>, <linux-doc@vger.kernel.org>,
	<linux-fsdevel@vger.kernel.org>, <oliver.sang@intel.com>
Subject: Re: [linux-next:master] [fs]  313c47f4fe:
 BUG:kernel_hang_in_test_stage
Message-ID: <aYFPw4WeItF84APy@xsang-OptiPlex-9020>
References: <202601270735.29b7c33e-lkp@intel.com>
 <20260130-badeunfall-flaggen-d4df12bcb501@brauner>
 <20260131-dahin-nahtlos-06f69134584a@brauner>
Content-Type: multipart/mixed; boundary="csx8ktZH1zvSCQRU"
Content-Disposition: inline
In-Reply-To: <20260131-dahin-nahtlos-06f69134584a@brauner>
X-ClientProxiedBy: SG2P153CA0039.APCP153.PROD.OUTLOOK.COM (2603:1096:4:c6::8)
 To LV3PR11MB8603.namprd11.prod.outlook.com (2603:10b6:408:1b6::9)
Precedence: bulk
X-Mailing-List: linux-fsdevel@vger.kernel.org
List-Id: <linux-fsdevel.vger.kernel.org>
List-Subscribe: <mailto:linux-fsdevel+subscribe@vger.kernel.org>
List-Unsubscribe: <mailto:linux-fsdevel+unsubscribe@vger.kernel.org>
MIME-Version: 1.0
X-MS-PublicTrafficType: Email
X-MS-TrafficTypeDiagnostic: LV3PR11MB8603:EE_|SA1PR11MB6688:EE_
X-MS-Office365-Filtering-Correlation-Id: 449aac82-1a5e-4c16-ba5f-08de62c3ddff
X-MS-Exchange-SenderADCheck: 1
X-MS-Exchange-AntiSpam-Relay: 0
X-Microsoft-Antispam: BCL:0;ARA:13230040|1800799024|376014|366016|6049299003|13003099007|4053099003;
X-Microsoft-Antispam-Message-Info: =?us-ascii?Q?tzsCj4LFanQLOLp20FZYxrcJvLmuMvPbVZyi0JOttvBM4+Eio+F4ZHaQnpQY?=
 =?us-ascii?Q?ZVdSMZQGul8mX96PA/ngdnZntAgtxsHrxZwcPBdaMcmjUKtqxJlyIFTvUY0l?=
 =?us-ascii?Q?Gh5leeIXIE6dA1rXBIxc0S63F4zKgo7kvR9JRH1yfT75CdTz15po8QKvGMk3?=
 =?us-ascii?Q?IShk2XmgaIav45tvy4Rjfe+yBJalEycDHsydXsYXSU5CJEfox3lX53jVpZW8?=
 =?us-ascii?Q?XcSOwh2Jj5VVm7ASXCRdWyLBejXNz2Rq8UimgkSbelVUMVkbCp6JSbW/qAcM?=
 =?us-ascii?Q?aXQVV+HJHHylbStKjraJ0AGhqldUsyfWC8DpzItEznkfwV0VdbZzxwEBbE0U?=
 =?us-ascii?Q?BerDhAWgoYRaLwvoV7zcf4yuj1JdQC9+PRyl234UbCzSuqbl0yEULKcyFhgT?=
 =?us-ascii?Q?LICYMeCka0926I7N5w0DCMkRumqEztybfiaxTjs2uoahG/hoqfdX3U3qGyjD?=
 =?us-ascii?Q?jqGC+xXPioauoTj4E5Ru8OuxjD+AkXCvvh9aOCOh9gRbDBUGLTG2axCPAFV3?=
 =?us-ascii?Q?wLyrqhATgOR/jxTuk09jMPK4kh9QOKjUO/PFADfzrrPixa55BRIAX1wMv9J/?=
 =?us-ascii?Q?yRrs0SxTrw9IhGsZ4UINZgefblvlOf4B+IKer0UCZmgjCasWoVqZmmG8tN9n?=
 =?us-ascii?Q?Ou00IO8xxdOGcp2UBmwXm1MWMRYCunoOjDxUNaFSZRGaqtEW0NE5QNFqudrt?=
 =?us-ascii?Q?afEk8Ax4GWs0YO7u5uj/Sh9OVHQ1sjWB7O1s0DGPIRa/r5ccJHDAO3tPOtLw?=
 =?us-ascii?Q?iNfvt469DFlFyL/XXeD+q6GyEZ/uszNNnSMpKNHkLKkxJHZodbp2hjo+E+b2?=
 =?us-ascii?Q?1Iwq87MoHuGL6HRPUfdZ7qcAJsT332AgX/O0IoawAD/jPewGuYVyz++hjCF6?=
 =?us-ascii?Q?CEkrzhLBOw6dfDoim4Hhpeez0eOWs2NgpLts/9ATXXj+o5JXqny581LGEwxE?=
 =?us-ascii?Q?otSpkVNFJyhOP/r0nZUc9mQsSQJlz8dWpQAeyrxEnLm+7M+W0E0aIJ98kEsO?=
 =?us-ascii?Q?lpgXclH+y99JESZjB/cq1sZvUWFCEc6IbDVCN7IWeb1rIozqR7jpdhZkgnwS?=
 =?us-ascii?Q?DjeAHYlgTW2zH1tytakF//ESO6U0WUT7j4Qf/p70VVFICytxAtx2X7f+voSZ?=
 =?us-ascii?Q?5enwZr9fkDNGXxzMBeC2zZ58s+vjlr+2WUrm63ne89EogaZWDMm/TEu7ipy+?=
 =?us-ascii?Q?n2e5gOKK2M15ELBgn7MUN1TnXQEulhuCmSjV7v6YgOh6Z6t2V2ElkzKDlPyY?=
 =?us-ascii?Q?N+QmIX5qfeKESejhff1AYDPgb6hFiVxO7idyWGaOSAGwhNEuuyyzH4jhv4Vl?=
 =?us-ascii?Q?81eFo+zFjIKqYgmYLyuMGElFShHsjWBnNb5SBX8XiXtMZzNudeEqz2wSjyi8?=
 =?us-ascii?Q?iESu+0aHgMprtsQ3o828cu1wsGDigsiKJoZDmEM2nBHAWNc1F9K/dvAY1Ld5?=
 =?us-ascii?Q?2/MyS6kUhcG+CY1FDnaaf3oKyqqhxxIZUzcGrlrt2p1TmhlUwgRBDl8S7R0Z?=
 =?us-ascii?Q?eUKbEOLc00OzIMiK+skgxuVFMd0I2M1IFCQ27ceE7GHjEQIAwZlhsm4Tpw9I?=
 =?us-ascii?Q?NRMwzO2ZIidwTZdzI1fzSINs1bbXw2MRjoUmiVMh?=
X-Forefront-Antispam-Report: CIP:255.255.255.255;CTRY:;LANG:en;SCL:1;SRV:;IPV:NLI;SFV:NSPM;H:LV3PR11MB8603.namprd11.prod.outlook.com;PTR:;CAT:NONE;SFS:(13230040)(1800799024)(376014)(366016)(6049299003)(13003099007)(4053099003);DIR:OUT;SFP:1101;
X-MS-Exchange-AntiSpam-MessageData-ChunkCount: 1
X-MS-Exchange-AntiSpam-MessageData-0: =?us-ascii?Q?V/iYZvmDFUjkg42YOx2z3zL0g4OFD+64PNk9ZTwPxBCxWAyqO5JQUC3Wb/dD?=
 =?us-ascii?Q?TzVBUQ7Zo5O5eX0+122mBVhHelHMdAjxizLFZNeWCREo+DzIQOtlPH8J71WQ?=
 =?us-ascii?Q?//qm42WT/ra0Uf+lGKsy9fsiza11FSKcNU8n86UL3GBDD+xGqQfmcsFIiQfE?=
 =?us-ascii?Q?u66FH6m3iZ5ciFWgEIQ8bKE8Cc9O4pSk4Cl9MQUk1fyO0FOKAoVn7u0CbWGx?=
 =?us-ascii?Q?f6Pm2iY10bL4vWtyRl1MrC0A+sKsOA+W63hbqUBRxNsamX4VDy3M1nO999nQ?=
 =?us-ascii?Q?DSadeMSzpRe5Y++V6e33KJLHH4MHOF3p4R2HWnlnNn7yHKzd/CT8k4PqOOM7?=
 =?us-ascii?Q?WAynELXmVSxtEOZM9Q0t7my8aphrLjSZhs8HfBLzxM8JdGVawWfOmBqPslvI?=
 =?us-ascii?Q?/OH4CAOh1f+belIOlFcHCqR8mX6TB+apVAZAWce8MMx62z0xItlti13jlnlW?=
 =?us-ascii?Q?eFRWJKCrII9mHoO9pShEoQeI+3+n86E01JuZLxlGcrLsC8zdW8Lkaget8nWM?=
 =?us-ascii?Q?nK/ofGp0r0jd90IT0hMK5+mwdnPNe80AuPr3COOcL3kJYjKbwogNX57gCfWo?=
 =?us-ascii?Q?2OOIcQBEBmOegVRiOTFZHbPniEDt4/wJnMunyKoUZuw6CbHueDQXmFHH06Gv?=
 =?us-ascii?Q?mbpGlFEOL0iUT6Y1bvfyWcsbdra1ZQqYpe8d89BVPe4ag33xZgVAZoxHLFJU?=
 =?us-ascii?Q?kQuy9uYEtB9cDUpel3Zh7ohRLtl/0Pcqa4Q+rYO1sYngfFnWO5kaWeBi0Ra3?=
 =?us-ascii?Q?RtxaL1K3xpPxc6GonlQbUHG+qHFvdTkDkpWyrvy8srqenDRd6R2QqOWnt3wy?=
 =?us-ascii?Q?eEe9d3C6JBflW6d0nhYsmrunf+6G8FEynYF9cdX/9WnESWhc6qdZQMOq7wRl?=
 =?us-ascii?Q?useNY8v0B1oojQh4lZtNbG8KuN5mIBeOhW+Tq/XQDFFKjgoveUspD6/HFm+E?=
 =?us-ascii?Q?9x2e8zi8j0CN4/VrMP9mmuCYoxqoOiyUVgK5icHKnClXraAYg5AlTOIsCZq7?=
 =?us-ascii?Q?EEYnJyeV8mR6J8Qhr0CxSCbyvKBbRodbaSGEH1/G6kwBOeZ6k9tKInnk7Muv?=
 =?us-ascii?Q?yYw2JuwA+g7Hb0y/k2fZPIG1Ssv1cO+gOmZ2r76rPJOZGQd/9kl7OtdEyH1a?=
 =?us-ascii?Q?oTeZQshxMTRu+U9b3cmLyAaTPG1NzbFNCivsVfULzecr1cUGO3aAS4FrHrZ7?=
 =?us-ascii?Q?tCrA8nHi7TD+Vo+GkWuN88cviTVE2ayb07QdTsjGsjdeKKStWMVhpvmkUnDs?=
 =?us-ascii?Q?QSA/bbmgcX6Y1DGTOzXdfJt4Bbt9spfiWgOIOzc944oi+rHd+nFIqIShK7Lw?=
 =?us-ascii?Q?klxlEWtbKaZrSNzuuVA4nH41o6oT9hSh69/aLmpLrlfDV/LLBdTU0yK5PV5y?=
 =?us-ascii?Q?edotv44Z9gNEpDFl1cyWN/5vUiy7vCh4Gh4HSDepwmNcVbFP2Ej8hpz3jlc6?=
 =?us-ascii?Q?r+cprbVeGwGX+r9FsxW1jaebCIZtfEG/qfP7i0W/itko0G2m+2pIX53B2aUa?=
 =?us-ascii?Q?JOCOJU+Brw++mhy6DMjJw5s2HspTkCSykJ7sUwIVDx3SBZsjm55/Y8M51CUx?=
 =?us-ascii?Q?5P8HMBG/ffJj6KLpXj4Je3fBUYuUFqpI8d4bxcEv6m6VVMtCCpDwNNOLoyxI?=
 =?us-ascii?Q?KPQqL1qNNeip/HFD3n9qVp5NcdDXkze+WW8wxIZHmCKj3+Gx1b8IlA3m2C1T?=
 =?us-ascii?Q?bvgwHhu1AfvZzm3NdsRM/QiHNMWYbQLw6tjTmge7j7lMRa39wdR9JyaMSUeP?=
 =?us-ascii?Q?GmX+EmKDLQ=3D=3D?=
X-MS-Exchange-CrossTenant-Network-Message-Id: 449aac82-1a5e-4c16-ba5f-08de62c3ddff
X-MS-Exchange-CrossTenant-AuthSource: LV3PR11MB8603.namprd11.prod.outlook.com
X-MS-Exchange-CrossTenant-AuthAs: Internal
X-MS-Exchange-CrossTenant-OriginalArrivalTime: 03 Feb 2026 01:30:52.6341
 (UTC)
X-MS-Exchange-CrossTenant-FromEntityHeader: Hosted
X-MS-Exchange-CrossTenant-Id: 46c98d88-e344-4ed4-8496-4ed7712e255d
X-MS-Exchange-CrossTenant-MailboxType: HOSTED
X-MS-Exchange-CrossTenant-UserPrincipalName: DWh9CsuWGZuPTy0q+fGDBYCEWcHlePvDoZ9+H066DlId1aKZKsspL4ZmRKCkkVta93rrl1zrSil0aZ3MdW0vqw==
X-MS-Exchange-Transport-CrossTenantHeadersStamped: SA1PR11MB6688
X-OriginatorOrg: intel.com
X-Rspamd-Server: lfdr
X-Spamd-Result: default: False [0.34 / 15.00];
	ARC_REJECT(1.00)[cv is fail on i=2];
	MID_RHS_NOT_FQDN(0.50)[];
	DMARC_POLICY_ALLOW(-0.50)[intel.com,none];
	R_SPF_ALLOW(-0.20)[+ip6:2600:3c04:e001:36c::/64:c];
	R_DKIM_ALLOW(-0.20)[intel.com:s=Intel];
	MAILLIST(-0.15)[generic];
	MIME_GOOD(-0.10)[multipart/mixed,text/plain];
	HAS_LIST_UNSUB(-0.01)[];
	DKIM_TRACE(0.00)[intel.com:+];
	TAGGED_FROM(0.00)[bounces-76118-lists,linux-fsdevel=lfdr.de];
	DBL_BLOCKED_OPENRESOLVER(0.00)[intel.com:email,intel.com:dkim,tor.lore.kernel.org:helo,tor.lore.kernel.org:rdns,vm-snb:email,pengar:email,2c8541ba7c67:email,9cc2038e482f:email];
	FORGED_SENDER_MAILLIST(0.00)[];
	RCVD_TLS_LAST(0.00)[];
	MIME_TRACE(0.00)[0:+,1:+,2:+,3:+,4:+];
	HAS_ATTACHMENT(0.00)[];
	MISSING_XM_UA(0.00)[];
	TO_DN_SOME(0.00)[];
	PRECEDENCE_BULK(0.00)[];
	FROM_NEQ_ENVFROM(0.00)[oliver.sang@intel.com,linux-fsdevel@vger.kernel.org];
	FROM_HAS_DN(0.00)[];
	FORGED_RECIPIENTS_MAILLIST(0.00)[];
	NEURAL_HAM(-0.00)[-1.000];
	TAGGED_RCPT(0.00)[linux-fsdevel];
	RCPT_COUNT_SEVEN(0.00)[7];
	ASN(0.00)[asn:63949, ipnet:2600:3c04::/32, country:SG];
	RCVD_COUNT_SEVEN(0.00)[10]
X-Rspamd-Queue-Id: 0E6EBD362D
X-Rspamd-Action: no action

--csx8ktZH1zvSCQRU
Content-Type: text/plain; charset="us-ascii"
Content-Disposition: inline
Content-Transfer-Encoding: quoted-printable

hi, Christian Brauner,

sorry for late. it cost us some time to double confirm.

On Sat, Jan 31, 2026 at 12:41:12PM +0100, Christian Brauner wrote:
> On Fri, Jan 30, 2026 at 05:59:00PM +0100, Christian Brauner wrote:
> > On Tue, Jan 27, 2026 at 02:26:09PM +0800, kernel test robot wrote:
> > >=20
> > >=20
> > > Hello,
> > >=20
> > > kernel test robot noticed "BUG:kernel_hang_in_test_stage" on:
> > >=20
> > > commit: 313c47f4fe4d07eb2969f429a66ad331fe2b3b6f ("fs: use nullfs unc=
onditionally as the real rootfs")
> > > https://git.kernel.org/cgit/linux/kernel/git/next/linux-next.git mast=
er
> > >=20
> > > [test failed on linux-next/master ca3a02fda4da8e2c1cb6baee5d72352e9e2=
cfaea]
> > >=20
> > > in testcase: trinity
> > > version:=20
> > > with following parameters:
> > >=20
> > > 	runtime: 300s
> > > 	group: group-00
> > > 	nr_groups: 5
> > >=20
> > >=20
> > >=20
> > > config: x86_64-kexec
> > > compiler: clang-20
> > > test machine: qemu-system-x86_64 -enable-kvm -cpu SandyBridge -smp 2 =
-m 32G
> > >=20
> > > (please refer to attached dmesg/kmsg for entire log/backtrace)
> >=20
> > The reproducer doesn't work:
> >=20
> > ubuntu@pengar:~/data/kernel/linux/MODULES/lkp-tests$ sudo bin/lkp qemu =
-k ../../vmlinux -m ./modules.cgz job-script # job-script
> > result_root: /home/ubuntu/.lkp//result/trinity/group-00-5-300s/vm-snb/y=
octo-x86_64-minimal-20190520.cgz/x86_64-kexec/clang-20/313c47f4fe4d07eb2969=
f429a66ad331fe2b3b6f/15
> > downloading initrds ...
> > skip downloading /home/ubuntu/.lkp/cache/osimage/yocto/yocto-x86_64-min=
imal-20190520.cgz
> > 19270 blocks
> > /usr/bin/wget -q --timeout=3D3600 --tries=3D1 --local-encoding=3DUTF-8 =
https://download.01.org/0day-ci/lkp-qemu/osimage/pkg/debian-x86_64-20180403=
.cgz/trinity-static-x86_64-x86_64-1c734c75-1_2020-01-06.cgz -N -P /home/ubu=
ntu/.lkp/cache/osimage/pkg/debian-x86_64-20180403.cgz
> > Failed to download osimage/pkg/debian-x86_64-20180403.cgz/trinity-stati=
c-x86_64-x86_64-1c734c75-1_2020-01-06.cgz
> > cat: '': No such file or directory
> > exec command: qemu-system-x86_64 -enable-kvm -cpu SandyBridge -fsdev lo=
cal,id=3Dtest_dev,path=3D/home/ubuntu/.lkp//result/trinity/group-00-5-300s/=
vm-snb/yocto-x86_64-minimal-20190520.cgz/x86_64-kexec/clang-20/313c47f4fe4d=
07eb2969f429a66ad331fe2b3b6f/15,security_model=3Dnone -device virtio-9p-pci=
,fsdev=3Dtest_dev,mount_tag=3D9p/virtfs_mount -kernel ../../vmlinux -append=
 root=3D/dev/ram0 RESULT_ROOT=3D/result/trinity/group-00-5-300s/vm-snb/yoct=
o-x86_64-minimal-20190520.cgz/x86_64-kexec/clang-20/313c47f4fe4d07eb2969f42=
9a66ad331fe2b3b6f/0 BOOT_IMAGE=3D/pkg/linux/x86_64-kexec/clang-20/313c47f4f=
e4d07eb2969f429a66ad331fe2b3b6f/vmlinuz-6.19.0-rc1-00006-g313c47f4fe4d bran=
ch=3Dinternal-devel/devel-hourly-20260124-050739 job=3D/lkp/jobs/scheduled/=
vm-meta-17/trinity-group-00-5-300s-yocto-x86_64-minimal-20190520.cgz-313c47=
f4fe4d-20260126-53110-19zhjsh-2.yaml user=3Dlkp ARCH=3Dx86_64 kconfig=3Dx86=
_64-kexec commit=3D313c47f4fe4d07eb2969f429a66ad331fe2b3b6f intremap=3Dpost=
ed_msi watchdog_thresh=3D240 rcuperf.shutdown=3D0 rcuscale.shutdown=3D0 ref=
scale.shutdown=3D0 audit=3D0 kunit.enable=3D0 ia32_emulation=3Don max_uptim=
e=3D7200 LKP_LOCAL_RUN=3D1 selinux=3D0 debug apic=3Ddebug sysrq_always_enab=
led rcupdate.rcu_cpu_stall_timeout=3D100 net.ifnames=3D0 printk.devkmsg=3Do=
n panic=3D-1 softlockup_panic=3D1 nmi_watchdog=3Dpanic oops=3Dpanic load_ra=
mdisk=3D2 prompt_ramdisk=3D0 drbd.minor_count=3D8 systemd.log_level=3Derr i=
gnore_loglevel console=3Dtty0 earlyprintk=3DttyS0,115200 console=3DttyS0,11=
5200 vga=3Dnormal rw  ip=3Ddhcp result_service=3D9p/virtfs_mount -initrd /h=
ome/ubuntu/.lkp/cache/final_initrd -smp 2 -m 12872M -no-reboot -device i630=
0esb -rtc base=3Dlocaltime -device e1000,netdev=3Dnet0 -netdev user,id=3Dne=
t0 -display none -monitor null -serial stdio
> > qemu-system-x86_64: Error loading uncompressed kernel without PVH ELF N=
ote
> >=20
> > The paths for the downloads in the job script are wrong or don't work.
> > Even if I manually modify the above path I still get in the next step:
> >=20
> > /usr/bin/wget -q --timeout=3D3600 --tries=3D1 --local-encoding=3DUTF-8 =
https://download.01.org/0day-ci/lkp-qemu/modules.cgz -N -P /home/ubuntu/.lk=
p/cache
> > Failed to download modules.cgz
> > cat: '': No such file or directory
> >=20
> > I need a way to reproduce the issue to figure out exactly what is
> > happening.
>=20
> Ok, I got it all working and can run the reproducer.

not sure how you solve it? from above log, the problem is caused by
trinity-static-x86_64-x86_64-1c734c75-1_2020-01-06.cgz, do you have any log=
?
internally, it's a soft link pointing to a debian version, so maybe there a=
re
some code issue for uploading to https://download.01.org/0day-ci.

if you could share more information with us, we could check further to impr=
ove
our process and reproducer. thanks a lot!

we will also check by ourselves, so no problem at all if you ignore this.


> But I cannot
> reproduce the error below at all. I've tried vfs.all, vfs-7.0.nullfs,
> vfs-7.0.initrd, and I tried ca3a02fda4da8e2c1cb6baee5d72352e9e2cfaea. In
> all cases:
>=20
> root@vm-snb:~# which dmesg
> /bin/dmesg
> root@vm-snb:~# which sleep
> /bin/sleep
> root@vm-snb:~# which grep
> /bin/grep
> root@vm-snb:~# /lkp/lkp/src/bin/event/wait
> Usage: /lkp/lkp/src/bin/event/wait [-t|--timeout seconds] PIPE_NAME
>=20
> root      1736  0.0  0.0   4144  1020 ?        S    10:36   0:00 /bin/sh =
/etc/rc5.d/S77lkp-bootstrap start
> root      1738  0.0  0.0   4408  2676 ?        S    10:36   0:00  \_ /bin=
/sh /lkp/lkp/src/bin/lkp-setup-rootfs
> root      1771  0.0  0.0   4144  1908 ?        S    10:36   0:00      \_ =
tail -f /tmp/stderr
> root      1853  0.0  0.0   4408  2688 ?        S    10:36   0:00      \_ =
/bin/sh /lkp/lkp/src/bin/run-lkp /lkp/jobs/scheduled/vm-meta-17/trinity-gro=
up-00-5-300s-yocto-x86_64-minimal-20190520.c
> root      1875  0.0  0.0   4144  1932 ?        S    10:36   0:00         =
 \_ tail -n 0 -f /tmp/stdout
> root      1876  0.0  0.0   4144  1900 ?        S    10:36   0:00         =
 \_ tail -n 0 -f /tmp/stderr
> root      1877  0.0  0.0   4144  2196 ?        S    10:36   0:00         =
 \_ tail -n 0 -f /tmp/stdout /tmp/stderr
> root      1930  0.0  0.0   4148  2524 ?        S    10:36   0:00         =
 \_ /bin/sh /lkp/jobs/scheduled/vm-meta-17/trinity-group-00-5-300s-yocto-x8=
6_64-minimal-20190520.cgz-313c47f4fe4d-20260
> root      1943  0.0  0.0   4016  1892 ?        S    10:36   0:00         =
     \_ cat /proc/kmsg
> root      1974  0.0  0.0   4016  1856 ?        S    10:36   0:00         =
     |   \_ cat /tmp/lkp/fifo-kmsg
> root      1945  0.0  0.0   2476  1732 ?        S    10:36   0:00         =
     \_ vmstat --timestamp -n 10
> root      1989  0.0  0.0   4016  1928 ?        S    10:36   0:00         =
     |   \_ cat /tmp/lkp/fifo-heartbeat
> root      1948  0.1  0.0   4148  2492 ?        S    10:36   0:00         =
     \_ /bin/sh /lkp/lkp/src/monitors/meminfo
> root      1995  0.0  0.0   4280  2120 ?        S    10:36   0:00         =
     |   \_ gzip -c
> root      2532  0.0  0.0   1144   832 ?        S    10:39   0:00         =
     |   \_ /lkp/lkp/src/bin/event/wait post-test --timeout 1
> root      1952  0.0  0.0   4148  2392 ?        S    10:36   0:00         =
     \_ /bin/sh /lkp/lkp/src/monitors/oom-killer
> root      1978  0.0  0.0   4016  1880 ?        S    10:36   0:00         =
     |   \_ cat /tmp/lkp/fifo-oom-killer
> root      2523  0.0  0.0   1144   836 ?        S    10:39   0:00         =
     |   \_ /lkp/lkp/src/bin/event/wait post-test --timeout 11
> root      1955  0.0  0.0   4148  2140 ?        S    10:36   0:00         =
     \_ /bin/sh /lkp/lkp/src/monitors/plain/watchdog
> root      1971  0.0  0.0   1144   832 ?        S    10:36   0:00         =
     |   \_ /lkp/lkp/src/bin/event/wait job-finished --timeout 7200
> root      2026  0.0  0.0   4148  2448 ?        S    10:37   0:00         =
     \_ /bin/sh /lkp/lkp/src/programs/trinity/run
> root      2049  0.0  0.0   4016  1820 ?        S    10:37   0:00         =
         \_ sleep 300
> root      1747  0.0  0.0   4144  2176 ?        Ss   10:36   0:00 /bin/sh =
/bin/start_getty 115200 ttyS0 vt102
> root      1794  0.0  0.0   4188  2424 ttyS0    Ss   10:36   0:00  \_ -sh
> root      2533  0.0  0.0   3288  2272 ttyS0    R+   10:39   0:00      \_ =
ps auxf
> root      1749  0.0  0.0   4144  2176 tty1     Ss+  10:36   0:00 /sbin/ge=
tty 38400 tty1
> root      1963  0.0  0.0   1144   324 ?        Ss   10:36   0:00 /lkp/lkp=
/src/bin/event/wakeup activate-monitor
> root      1968  0.0  0.0   1144   320 ?        Ss   10:36   0:00 /lkp/lkp=
/src/bin/event/wakeup pre-test
> root      2030  0.0  0.0   4148  1972 ?        S    10:37   0:00 tee -a /=
/result/trinity/group-00-5-300s/vm-snb/yocto-x86_64-minimal-20190520.cgz/x8=
6_64-kexec/clang-20/313c47f4fe4d07eb2969f429
>=20
> Is there any more data you can provide or how much and how reliable this
> test fails? Otherwise I have no choice but to discount this for now.

in our bot tests, the results are quite persistent, now we run even more ti=
ll
~120 times for either 313c47f4fe4d07eb2969f429a66 or its parent, always see
the issue for 313c47f4fe4d07eb2969f429a66, and parent keeps clean.

=3D=3D=3D=3D=3D=3D=3D=3D=3D=3D=3D=3D=3D=3D=3D=3D=3D=3D=3D=3D=3D=3D=3D=3D=3D=
=3D=3D=3D=3D=3D=3D=3D=3D=3D=3D=3D=3D=3D=3D=3D=3D=3D=3D=3D=3D=3D=3D=3D=3D=3D=
=3D=3D=3D=3D=3D=3D=3D=3D=3D=3D=3D=3D=3D=3D=3D=3D=3D=3D=3D=3D=3D=3D=3D=3D=3D=
=3D=3D=3D=3D=3D=3D=3D=3D=3D=3D=3D=3D=3D=3D
tbox_group/testcase/rootfs/kconfig/compiler/runtime/group/nr_groups:
  vm-snb/trinity/yocto-x86_64-minimal-20190520.cgz/x86_64-kexec/clang-20/30=
0s/group-00/5

7416634fd6f18762 313c47f4fe4d07eb2969f429a66
---------------- ---------------------------
       fail:runs  %reproduction    fail:runs
           |             |             |
           :121         98%         119:119   last_state.is_incomplete_run
           :121         98%         119:119   last_state.running
           :121         98%         119:119   dmesg.BUG:kernel_hang_in_test=
_stage

(BTW, in fact we also tried to rebuild the kernel and rerun tests, also got
same results)

I also tried reproducer
https://download.01.org/0day-ci/archive/20260127/202601270735.29b7c33e-lkp@=
intel.com/reproduce
on my local Ubuntu 22.04.5 LTS

can reproduce the issue for 313c47f4fe4d07eb2969f429a66. one log is attache=
d as
313c47f4fe4d-run.log.

no issue if running upon parent commit 7416634fd6f18762. one log is attache=
d as
parent-7416634fd6f1-run.log.

you mentioned you tried ca3a02fda4da8e2c1cb6baee5d72352e9e2cfaea
(commit ca3a02fda4da8e2c1cb6baee5d72352e9e2cfaea (tag: next-20260123))
I can reproduce the issue upon it. one log is attached as
next-20260123-ca3a02fda4da-run.log.


I uploaded the binaries I used for reproducer to
https://download.01.org/0day-ci/archive/20260127/202601270735.29b7c33e-lkp@=
intel.com
not sure if they are useful.

for 313c47f4fe4d07eb2969f429a66:
vmlinuz-6.19.0-rc1-00006-g313c47f4fe4d <-- <bzImage>
modules-313c47f4fe4d.cgz
vmlinux-313c47f4fe4d.xz   <---- not sure if it could supply some informatio=
n

for parent 7416634fd6f18762:
vmlinuz-6.19.0-rc1-00005-g7416634fd6f1
modules-7416634fd6f1.cgz
vmlinux-7416634fd6f1.xz

for ca3a02fda4da8e2c1cb6baee5d72352e9e2cfaea (tag: next-20260123):
vmlinuz-6.19.0-rc6-next-20260123
modules-6.19.0-rc6-next-20260123.cgz
vmlinux-next-20260123.xz
config-6.19.0-rc6-next-20260123  <--- since it has diff with config-6.19.0-=
rc1-00006-g313c47f4fe4d

>=20
> > > If you fix the issue in a separate patch/commit (i.e. not just a new =
version of
> > > the same patch/commit), kindly add following tags
> > > | Reported-by: kernel test robot <oliver.sang@intel.com>
> > > | Closes: https://lore.kernel.org/oe-lkp/202601270735.29b7c33e-lkp@in=
tel.com
> > >=20
> > >=20
> > >=20
> > > [   27.746952][ T1793] /lkp/lkp/src/monitors/meminfo: line 25: /lkp/l=
kp/src/bin/event/wait: not found
> > > [   31.757224][ T1793] /lkp/lkp/src/monitors/oom-killer: line 94: dme=
sg: not found
> > > [   31.757224][ T1793] /lkp/lkp/src/monitors/oom-killer: line 94: gre=
p: not found
> > > [   31.757224][ T1793] /lkp/lkp/src/monitors/oom-killer: line 25: /lk=
p/lkp/src/bin/event/wait: not found
> > > [   65.744824][ T4974] trinity-main[4974]: segfault at 0 ip 000000000=
0000000 sp 00007ffe08d2ec08 error 15 likely on CPU 0 (core 0, socket 0)
> > > [   65.746308][ T4974] Code: Unable to access opcode bytes at 0xfffff=
fffffffffd6.
> > >=20
> > > Code starting with the faulting instruction
> > > =3D=3D=3D=3D=3D=3D=3D=3D=3D=3D=3D=3D=3D=3D=3D=3D=3D=3D=3D=3D=3D=3D=3D=
=3D=3D=3D=3D=3D=3D=3D=3D=3D=3D=3D=3D=3D=3D=3D=3D=3D=3D=3D=3D
> > > /etc/rc5.d/S77lkp-bootstrap: line 79: sleep: not found
> > > BUG: kernel hang in test stage
> > >=20
> > >=20
> > >=20
> > > The kernel config and materials to reproduce are available at:
> > > https://download.01.org/0day-ci/archive/20260127/202601270735.29b7c33=
e-lkp@intel.com
> > >=20
> > >=20
> > >=20
> > > --=20
> > > 0-DAY CI Kernel Test Service
> > > https://github.com/intel/lkp-tests/wiki
> > >=20
>=20

--csx8ktZH1zvSCQRU
Content-Type: text/plain; charset="us-ascii"
Content-Disposition: attachment; filename="313c47f4fe4d-run.log"
Content-Transfer-Encoding: quoted-printable

$ sudo bin/lkp qemu -k vmlinuz-6.19.0-rc1-00006-g313c47f4fe4d -m modules-31=
3c47f4fe4d.cgz job-script
result_root: /home/xsang/.lkp//result/trinity/group-00-5-300s/vm-snb/yocto-=
x86_64-minimal-20190520.cgz/x86_64-kexec/clang-20/313c47f4fe4d07eb2969f429a=
66ad331fe2b3b6f/6
downloading initrds ...
use local modules: /home/xsang/.lkp/cache/modules-313c47f4fe4d.cgz
skip downloading /home/xsang/.lkp/cache/osimage/yocto/yocto-x86_64-minimal-=
20190520.cgz
19270 blocks
skip downloading /home/xsang/.lkp/cache/osimage/pkg/debian-x86_64-20180403.=
cgz/trinity-static-x86_64-x86_64-1c734c75-1_2020-01-06.cgz
43381 blocks
exec command: qemu-system-x86_64 -enable-kvm -cpu SandyBridge -fsdev local,=
id=3Dtest_dev,path=3D/home/xsang/.lkp//result/trinity/group-00-5-300s/vm-sn=
b/yocto-x86_64-minimal-20190520.cgz/x86_64-kexec/clang-20/313c47f4fe4d07eb2=
969f429a66ad331fe2b3b6f/6,security_model=3Dnone -device virtio-9p-pci,fsdev=
=3Dtest_dev,mount_tag=3D9p/virtfs_mount -kernel vmlinuz-6.19.0-rc1-00006-g3=
13c47f4fe4d -append root=3D/dev/ram0 RESULT_ROOT=3D/result/trinity/group-00=
-5-300s/vm-snb/yocto-x86_64-minimal-20190520.cgz/x86_64-kexec/clang-20/313c=
47f4fe4d07eb2969f429a66ad331fe2b3b6f/0 BOOT_IMAGE=3D/pkg/linux/x86_64-kexec=
/clang-20/313c47f4fe4d07eb2969f429a66ad331fe2b3b6f/vmlinuz-6.19.0-rc1-00006=
-g313c47f4fe4d branch=3Dinternal-devel/devel-hourly-20260124-050739 job=3D/=
lkp/jobs/scheduled/vm-meta-17/trinity-group-00-5-300s-yocto-x86_64-minimal-=
20190520.cgz-313c47f4fe4d-20260126-53110-19zhjsh-2.yaml user=3Dlkp ARCH=3Dx=
86_64 kconfig=3Dx86_64-kexec commit=3D313c47f4fe4d07eb2969f429a66ad331fe2b3=
b6f intremap=3Dposted_msi watchdog_thresh=3D240 rcuperf.shutdown=3D0 rcusca=
le.shutdown=3D0 refscale.shutdown=3D0 audit=3D0 kunit.enable=3D0 ia32_emula=
tion=3Don max_uptime=3D7200 LKP_LOCAL_RUN=3D1 selinux=3D0 debug apic=3Ddebu=
g sysrq_always_enabled rcupdate.rcu_cpu_stall_timeout=3D100 net.ifnames=3D0=
 printk.devkmsg=3Don panic=3D-1 softlockup_panic=3D1 nmi_watchdog=3Dpanic o=
ops=3Dpanic load_ramdisk=3D2 prompt_ramdisk=3D0 drbd.minor_count=3D8 system=
d.log_level=3Derr ignore_loglevel console=3Dtty0 earlyprintk=3DttyS0,115200=
 console=3DttyS0,115200 vga=3Dnormal rw  ip=3Ddhcp result_service=3D9p/virt=
fs_mount -initrd /home/xsang/.lkp/cache/final_initrd -smp 2 -m 32768M -no-r=
eboot -device i6300esb -rtc base=3Dlocaltime -device e1000,netdev=3Dnet0 -n=
etdev user,id=3Dnet0 -display none -monitor null -serial stdio
early console in setup code
No EFI environment detected.
early console in extract_kernel
input_data: 0x00000000031ee2c4
input_len: 0x0000000000ce259d
output: 0x0000000001000000
output_len: 0x0000000002e81808
kernel_total_size: 0x0000000002c28000
needed_size: 0x0000000003000000
trampoline_32bit: 0x0000000000000000

Decompressing Linux... Parsing ELF... done.
Booting the kernel (entry_offset: 0x0000000002718ff0).
[    0.000000][    T0] Linux version 6.19.0-rc1-00006-g313c47f4fe4d (kbuild=
@e073fd8671b0) (clang version 20.1.8 (git://gitmirror/llvm_project 87f0227c=
b60147a26a1eeb4fb06e3b505e9c7261), LLD 20.1.8 (git://gitmirror/llvm_project=
 87f0227cb60147a26a1eeb4fb06e3b505e9c7261)) #1 SMP PREEMPT_DYNAMIC Mon Jan =
26 21:00:53 CET 2026
[    0.000000][    T0] Command line: root=3D/dev/ram0 RESULT_ROOT=3D/result=
/trinity/group-00-5-300s/vm-snb/yocto-x86_64-minimal-20190520.cgz/x86_64-ke=
xec/clang-20/313c47f4fe4d07eb2969f429a66ad331fe2b3b6f/0 BOOT_IMAGE=3D/pkg/l=
inux/x86_64-kexec/clang-20/313c47f4fe4d07eb2969f429a66ad331fe2b3b6f/vmlinuz=
-6.19.0-rc1-00006-g313c47f4fe4d branch=3Dinternal-devel/devel-hourly-202601=
24-050739 job=3D/lkp/jobs/scheduled/vm-meta-17/trinity-group-00-5-300s-yoct=
o-x86_64-minimal-20190520.cgz-313c47f4fe4d-20260126-53110-19zhjsh-2.yaml us=
er=3Dlkp ARCH=3Dx86_64 kconfig=3Dx86_64-kexec commit=3D313c47f4fe4d07eb2969=
f429a66ad331fe2b3b6f intremap=3Dposted_msi watchdog_thresh=3D240 rcuperf.sh=
utdown=3D0 rcuscale.shutdown=3D0 refscale.shutdown=3D0 audit=3D0 kunit.enab=
le=3D0 ia32_emulation=3Don max_uptime=3D7200 LKP_LOCAL_RUN=3D1 selinux=3D0 =
debug apic=3Ddebug sysrq_always_enabled rcupdate.rcu_cpu_stall_timeout=3D10=
0 net.ifnames=3D0 printk.devkmsg=3Don panic=3D-1 softlockup_panic=3D1 nmi_w=
atchdog=3Dpanic oops=3Dpanic load_ramdisk=3D2 prompt_ramdisk=3D0 drbd.minor=
_count=3D8 systemd.log_level=3Derr ignore_loglevel console
[    0.000000][    T0] KERNEL supported cpus:
[    0.000000][    T0]   Intel GenuineIntel
[    0.000000][    T0]   AMD AuthenticAMD
[    0.000000][    T0]   Hygon HygonGenuine
[    0.000000][    T0]   Centaur CentaurHauls
[    0.000000][    T0]   zhaoxin   Shanghai
[    0.000000][    T0] x86/CPU: Model not found in latest microcode list
[    0.000000][    T0] BIOS-provided physical RAM map:
[    0.000000][    T0] BIOS-e820: [mem 0x0000000000000000-0x000000000009fbf=
f] usable
[    0.000000][    T0] BIOS-e820: [mem 0x000000000009fc00-0x000000000009fff=
f] reserved
[    0.000000][    T0] BIOS-e820: [mem 0x00000000000f0000-0x00000000000ffff=
f] reserved
[    0.000000][    T0] BIOS-e820: [mem 0x0000000000100000-0x00000000bffdfff=
f] usable
[    0.000000][    T0] BIOS-e820: [mem 0x00000000bffe0000-0x00000000bffffff=
f] reserved
[    0.000000][    T0] BIOS-e820: [mem 0x00000000feffc000-0x00000000fefffff=
f] reserved
[    0.000000][    T0] BIOS-e820: [mem 0x00000000fffc0000-0x00000000fffffff=
f] reserved
[    0.000000][    T0] BIOS-e820: [mem 0x0000000100000000-0x000000083ffffff=
f] usable
[    0.000000][    T0] printk: debug: ignoring loglevel setting.
[    0.000000][    T0] printk: legacy bootconsole [earlyser0] enabled
[    0.000000][    T0] NX (Execute Disable) protection: active
[    0.000000][    T0] APIC: Static calls initialized
[    0.000000][    T0] SMBIOS 2.8 present.
[    0.000000][    T0] DMI: QEMU Standard PC (i440FX + PIIX, 1996), BIOS 1.=
15.0-1 04/01/2014
[    0.000000][    T0] DMI: Memory slots populated: 2/2
[    0.000000][    T0] Hypervisor detected: KVM
[    0.000000][    T0] last_pfn =3D 0xbffe0 max_arch_pfn =3D 0x400000000
[    0.000000][    T0] kvm-clock: Using msrs 4b564d01 and 4b564d00
[    0.000001][    T0] kvm-clock: using sched offset of 338611590 cycles
[    0.000533][    T0] clocksource: kvm-clock: mask: 0xffffffffffffffff max=
_cycles: 0x1cd42e4dffb, max_idle_ns: 881590591483 ns
[    0.002227][    T0] tsc: Detected 3000.000 MHz processor
[    0.003344][    T0] e820: update [mem 0x00000000-0x00000fff] usable =3D=
=3D> reserved
[    0.004067][    T0] e820: remove [mem 0x000a0000-0x000fffff] usable
[    0.004675][    T0] last_pfn =3D 0x840000 max_arch_pfn =3D 0x400000000
[    0.005291][    T0] MTRR map: 4 entries (3 fixed + 1 variable; max 19), =
built from 8 variable MTRRs
[    0.006152][    T0] x86/PAT: Configuration [0-7]: WB  WC  UC- UC  WB  WP=
  UC- WT
[    0.006833][    T0] last_pfn =3D 0xbffe0 max_arch_pfn =3D 0x400000000
[    0.007402][    T0] Scan for SMP in [mem 0x00000000-0x000003ff]
[    0.007960][    T0] Scan for SMP in [mem 0x0009fc00-0x0009ffff]
[    0.008558][    T0] Scan for SMP in [mem 0x000f0000-0x000fffff]
[    0.013547][    T0] found SMP MP-table at [mem 0x000f5b90-0x000f5b9f]
[    0.014107][    T0]   mpc: f5ba0-f5c78
[    0.014892][    T0] RAMDISK: [mem 0xb215e000-0xbffdffff]
[    0.015396][    T0] ACPI: Early table checksum verification disabled
[    0.016012][    T0] ACPI: RSDP 0x00000000000F5970 000014 (v00 BOCHS )
[    0.016640][    T0] ACPI: RSDT 0x00000000BFFE196E 000034 (v01 BOCHS  BXP=
C     00000001 BXPC 00000001)
[    0.017534][    T0] ACPI: FACP 0x00000000BFFE181A 000074 (v01 BOCHS  BXP=
C     00000001 BXPC 00000001)
[    0.018448][    T0] ACPI: DSDT 0x00000000BFFE0040 0017DA (v01 BOCHS  BXP=
C     00000001 BXPC 00000001)
[    0.019275][    T0] ACPI: FACS 0x00000000BFFE0000 000040
[    0.019786][    T0] ACPI: APIC 0x00000000BFFE188E 000080 (v01 BOCHS  BXP=
C     00000001 BXPC 00000001)
[    0.020585][    T0] ACPI: HPET 0x00000000BFFE190E 000038 (v01 BOCHS  BXP=
C     00000001 BXPC 00000001)
[    0.021467][    T0] ACPI: WAET 0x00000000BFFE1946 000028 (v01 BOCHS  BXP=
C     00000001 BXPC 00000001)
[    0.022378][    T0] ACPI: Reserving FACP table memory at [mem 0xbffe181a=
-0xbffe188d]
[    0.023042][    T0] ACPI: Reserving DSDT table memory at [mem 0xbffe0040=
-0xbffe1819]
[    0.023701][    T0] ACPI: Reserving FACS table memory at [mem 0xbffe0000=
-0xbffe003f]
[    0.024342][    T0] ACPI: Reserving APIC table memory at [mem 0xbffe188e=
-0xbffe190d]
[    0.025000][    T0] ACPI: Reserving HPET table memory at [mem 0xbffe190e=
-0xbffe1945]
[    0.025741][    T0] ACPI: Reserving WAET table memory at [mem 0xbffe1946=
-0xbffe196d]
[    0.026511][    T0] Mapped APIC to ffffffffff5fd000 (        fee00000)
[    0.027260][    T0] No NUMA configuration found
[    0.027635][    T0] Faking a node at [mem 0x0000000000000000-0x000000083=
fffffff]
[    0.028331][    T0] NODE_DATA(0) allocated [mem 0x83ffe0380-0x83ffe4fff]
[    0.028980][    T0] cma: Reserved 200 MiB at 0x0000000100000000
[    0.103221][    T0] Zone ranges:
[    0.103676][    T0]   DMA      [mem 0x0000000000001000-0x0000000000fffff=
f]
[    0.105374][    T0]   DMA32    [mem 0x0000000001000000-0x00000000fffffff=
f]
[    0.107078][    T0]   Normal   [mem 0x0000000100000000-0x000000083ffffff=
f]
[    0.108759][    T0]   Device   empty
[    0.109639][    T0] Movable zone start for each node
[    0.110864][    T0] Early memory node ranges
[    0.111905][    T0]   node   0: [mem 0x0000000000001000-0x000000000009ef=
ff]
[    0.113616][    T0]   node   0: [mem 0x0000000000100000-0x00000000bffdff=
ff]
[    0.115332][    T0]   node   0: [mem 0x0000000100000000-0x000000083fffff=
ff]
[    0.117037][    T0] Initmem setup node 0 [mem 0x0000000000001000-0x00000=
0083fffffff]
[    0.118956][    T0] On node 0, zone DMA: 1 pages in unavailable ranges
[    0.120158][    T0] On node 0, zone DMA: 97 pages in unavailable ranges
[    0.165539][    T0] On node 0, zone Normal: 32 pages in unavailable rang=
es
[    0.166390][    T0] ACPI: PM-Timer IO Port: 0x608
[    0.166806][    T0] ACPI: LAPIC_NMI (acpi_id[0xff] dfl dfl lint[0x1])
[    0.167369][    T0] IOAPIC[0]: apic_id 0, version 17, address 0xfec00000=
, GSI 0-23
[    0.168008][    T0] ACPI: INT_SRC_OVR (bus 0 bus_irq 0 global_irq 2 dfl =
dfl)
[    0.168600][    T0] Int: type 0, pol 0, trig 0, bus 00, IRQ 00, APIC ID =
0, APIC INT 02
[    0.169276][    T0] ACPI: INT_SRC_OVR (bus 0 bus_irq 5 global_irq 5 high=
 level)
[    0.169893][    T0] Int: type 0, pol 1, trig 3, bus 00, IRQ 05, APIC ID =
0, APIC INT 05
[    0.170561][    T0] ACPI: INT_SRC_OVR (bus 0 bus_irq 9 global_irq 9 high=
 level)
[    0.171190][    T0] Int: type 0, pol 1, trig 3, bus 00, IRQ 09, APIC ID =
0, APIC INT 09
[    0.171852][    T0] ACPI: INT_SRC_OVR (bus 0 bus_irq 10 global_irq 10 hi=
gh level)
[    0.172479][    T0] Int: type 0, pol 1, trig 3, bus 00, IRQ 0a, APIC ID =
0, APIC INT 0a
[    0.173145][    T0] ACPI: INT_SRC_OVR (bus 0 bus_irq 11 global_irq 11 hi=
gh level)
[    0.173775][    T0] Int: type 0, pol 1, trig 3, bus 00, IRQ 0b, APIC ID =
0, APIC INT 0b
[    0.174445][    T0] Int: type 0, pol 0, trig 0, bus 00, IRQ 01, APIC ID =
0, APIC INT 01
[    0.175119][    T0] Int: type 0, pol 0, trig 0, bus 00, IRQ 03, APIC ID =
0, APIC INT 03
[    0.175781][    T0] Int: type 0, pol 0, trig 0, bus 00, IRQ 04, APIC ID =
0, APIC INT 04
[    0.176453][    T0] Int: type 0, pol 0, trig 0, bus 00, IRQ 06, APIC ID =
0, APIC INT 06
[    0.177130][    T0] Int: type 0, pol 0, trig 0, bus 00, IRQ 07, APIC ID =
0, APIC INT 07
[    0.177800][    T0] Int: type 0, pol 0, trig 0, bus 00, IRQ 08, APIC ID =
0, APIC INT 08
[    0.178467][    T0] Int: type 0, pol 0, trig 0, bus 00, IRQ 0c, APIC ID =
0, APIC INT 0c
[    0.179152][    T0] Int: type 0, pol 0, trig 0, bus 00, IRQ 0d, APIC ID =
0, APIC INT 0d
[    0.179853][    T0] Int: type 0, pol 0, trig 0, bus 00, IRQ 0e, APIC ID =
0, APIC INT 0e
[    0.180522][    T0] Int: type 0, pol 0, trig 0, bus 00, IRQ 0f, APIC ID =
0, APIC INT 0f
[    0.181203][    T0] ACPI: Using ACPI (MADT) for SMP configuration inform=
ation
[    0.181796][    T0] ACPI: HPET id: 0x8086a201 base: 0xfed00000
[    0.182288][    T0] TSC deadline timer available
[    0.182679][    T0] CPU topo: Max. logical packages:   1
[    0.183127][    T0] CPU topo: Max. logical dies:       1
[    0.183573][    T0] CPU topo: Max. dies per package:   1
[    0.184035][    T0] CPU topo: Max. threads per core:   1
[    0.184479][    T0] CPU topo: Num. cores per package:     2
[    0.184942][    T0] CPU topo: Num. threads per package:   2
[    0.185406][    T0] CPU topo: Allowing 2 present CPUs plus 0 hotplug CPU=
s
[    0.185974][    T0] mapped IOAPIC to ffffffffff5fc000 (fec00000)
[    0.186491][    T0] kvm-guest: APIC: eoi() replaced with kvm_guest_apic_=
eoi_write()
[    0.187148][    T0] PM: hibernation: Registered nosave memory: [mem 0x00=
000000-0x00000fff]
[    0.187846][    T0] PM: hibernation: Registered nosave memory: [mem 0x00=
09f000-0x000fffff]
[    0.188548][    T0] PM: hibernation: Registered nosave memory: [mem 0xbf=
fe0000-0xffffffff]
[    0.189257][    T0] [mem 0xc0000000-0xfeffbfff] available for PCI device=
s
[    0.189841][    T0] Booting paravirtualized kernel on KVM
[    0.190304][    T0] clocksource: refined-jiffies: mask: 0xffffffff max_c=
ycles: 0xffffffff, max_idle_ns: 7645519600211568 ns
[    0.196197][    T0] setup_percpu: NR_CPUS:512 nr_cpumask_bits:2 nr_cpu_i=
ds:2 nr_node_ids:1
[    0.197253][    T0] percpu: Embedded 55 pages/cpu s185240 r8192 d31848 u=
1048576
[    0.197888][    T0] pcpu-alloc: s185240 r8192 d31848 u1048576 alloc=3D1*=
2097152
[    0.198502][    T0] pcpu-alloc: [0] 0 1
[    0.198867][    T0] Kernel command line: root=3D/dev/ram0 RESULT_ROOT=3D=
/result/trinity/group-00-5-300s/vm-snb/yocto-x86_64-minimal-20190520.cgz/x8=
6_64-kexec/clang-20/313c47f4fe4d07eb2969f429a66ad331fe2b3b6f/0 BOOT_IMAGE=
=3D/pkg/linux/x86_64-kexec/clang-20/313c47f4fe4d07eb2969f429a66ad331fe2b3b6=
f/vmlinuz-6.19.0-rc1-00006-g313c47f4fe4d branch=3Dinternal-devel/devel-hour=
ly-20260124-050739 job=3D/lkp/jobs/scheduled/vm-meta-17/trinity-group-00-5-=
300s-yocto-x86_64-minimal-20190520.cgz-313c47f4fe4d-20260126-53110-19zhjsh-=
2.yaml user=3Dlkp ARCH=3Dx86_64 kconfig=3Dx86_64-kexec commit=3D313c47f4fe4=
d07eb2969f429a66ad331fe2b3b6f intremap=3Dposted_msi watchdog_thresh=3D240 r=
cuperf.shutdown=3D0 rcuscale.shutdown=3D0 refscale.shutdown=3D0 audit=3D0 k=
unit.enable=3D0 ia32_emulation=3Don max_uptime=3D7200 LKP_LOCAL_RUN=3D1 sel=
inux=3D0 debug apic=3Ddebug sysrq_always_enabled rcupdate.rcu_cpu_stall_tim=
eout=3D100 net.ifnames=3D0 printk.devkmsg=3Don panic=3D-1 softlockup_panic=
=3D1 nmi_watchdog=3Dpanic oops=3Dpanic load_ramdisk=3D2 prompt_ramdisk=3D0 =
drbd.minor_count=3D8 systemd.log_level=3Derr \
[    0.206599][    T0] Kernel command line: ignore_loglevel console=3Dtty0 =
earlyprintk=3DttyS0,115200 console=3DttyS0,115200 vga=3Dnormal rw  ip=3Ddhc=
p result_service=3D9p/virtfs_mount
[    0.208074][    T0] audit: disabled (until reboot)
[    0.208585][    T0] sysrq: sysrq always enabled.
[    0.209043][    T0] ignoring the deprecated load_ramdisk=3D option
[    0.209674][    T0] Unknown kernel command line parameters "RESULT_ROOT=
=3D/result/trinity/group-00-5-300s/vm-snb/yocto-x86_64-minimal-20190520.cgz=
/x86_64-kexec/clang-20/313c47f4fe4d07eb2969f429a66ad331fe2b3b6f/0 branch=3D=
internal-devel/devel-hourly-20260124-050739 job=3D/lkp/jobs/scheduled/vm-me=
ta-17/trinity-group-00-5-300s-yocto-x86_64-minimal-20190520.cgz-313c47f4fe4=
d-20260126-53110-19zhjsh-2.yaml user=3Dlkp ARCH=3Dx86_64 kconfig=3Dx86_64-k=
exec commit=3D313c47f4fe4d07eb2969f429a66ad331fe2b3b6f ia32_emulation=3Don =
max_uptime=3D7200 LKP_LOCAL_RUN=3D1 selinux=3D0 nmi_watchdog=3Dpanic prompt=
_ramdisk=3D0 vga=3Dnormal result_service=3D9p/virtfs_mount", will be passed=
 to user space.
[    0.214622][    T0] printk: log buffer data + meta data: 1048576 + 36700=
16 =3D 4718592 bytes
[    0.219992][    T0] Dentry cache hash table entries: 4194304 (order: 13,=
 33554432 bytes, linear)
[    0.223158][    T0] Inode-cache hash table entries: 2097152 (order: 12, =
16777216 bytes, linear)
[    0.223980][    T0] software IO TLB: area num 2.
[    0.237876][    T0] Fallback order for Node 0: 0
[    0.237882][    T0] Built 1 zonelists, mobility grouping on.  Total page=
s: 8388478
[    0.238948][    T0] Policy zone: Normal
[    0.239261][    T0] mem auto-init: stack:all(zero), heap alloc:off, heap=
 free:off
[    0.317637][    T0] SLUB: HWalign=3D64, Order=3D0-3, MinObjects=3D0, CPU=
s=3D2, Nodes=3D1
[    0.318258][    T0] Kernel/User page tables isolation: enabled
[    0.319042][    T0] ftrace: allocating 59362 entries in 232 pages
[    0.319557][    T0] ftrace: allocated 232 pages with 4 groups
[    0.320982][    T0] Dynamic Preempt: voluntary
[    0.321592][    T0] rcu: Preemptible hierarchical RCU implementation.
[    0.322122][    T0] rcu:     RCU restricting CPUs from NR_CPUS=3D512 to =
nr_cpu_ids=3D2.
[    0.322727][    T0]  RCU CPU stall warnings timeout set to 100 (rcu_cpu_=
stall_timeout).
[    0.323383][    T0]  Trampoline variant of Tasks RCU enabled.
[    0.323851][    T0]  Rude variant of Tasks RCU enabled.
[    0.324285][    T0]  Tracing variant of Tasks RCU enabled.
[    0.324731][    T0] rcu: RCU calculated value of scheduler-enlistment de=
lay is 25 jiffies.
[    0.325422][    T0] rcu: Adjusting geometry for rcu_fanout_leaf=3D16, nr=
_cpu_ids=3D2
[    0.326045][    T0] RCU Tasks: Setting shift to 1 and lim to 1 rcu_task_=
cb_adjust=3D1 rcu_task_cpu_ids=3D2.
[    0.326828][    T0] RCU Tasks Rude: Setting shift to 1 and lim to 1 rcu_=
task_cb_adjust=3D1 rcu_task_cpu_ids=3D2.
[    0.327634][    T0] RCU Tasks Trace: Setting shift to 1 and lim to 1 rcu=
_task_cb_adjust=3D1 rcu_task_cpu_ids=3D2.
[    0.331547][    T0] NR_IRQS: 33024, nr_irqs: 440, preallocated irqs: 16
[    0.332486][    T0] rcu: srcu_init: Setting srcu_struct sizes based on c=
ontention.
[    0.336105][    T0] Console: colour VGA+ 80x25
[    0.336481][    T0] printk: legacy console [tty0] enabled
[    0.369485][    T0] printk: legacy console [ttyS0] enabled
[    0.369485][    T0] printk: legacy console [ttyS0] enabled
[    0.370553][    T0] printk: legacy bootconsole [earlyser0] disabled
[    0.370553][    T0] printk: legacy bootconsole [earlyser0] disabled
[    0.371777][    T0] ACPI: Core revision 20250807
[    0.372387][    T0] clocksource: hpet: mask: 0xffffffff max_cycles: 0xff=
ffffff, max_idle_ns: 19112604467 ns
[    0.373504][    T0] APIC: Switch to symmetric I/O mode setup
[    0.374297][    T0] x2apic enabled
[    0.374893][    T0] APIC: Switched APIC routing to: physical x2apic
[    0.375592][    T0] Masked ExtINT on CPU#0
[    0.376532][    T0] ENABLING IO-APIC IRQs
[    0.376992][    T0] Init IO_APIC IRQs
[    0.377418][    T0] apic 0 pin 0 not connected
[    0.377969][    T0] IOAPIC[0]: Preconfigured routing entry (0-1 -> IRQ 1=
 Level:0 ActiveLow:0)
[    0.378890][    T0] IOAPIC[0]: Preconfigured routing entry (0-2 -> IRQ 0=
 Level:0 ActiveLow:0)
[    0.379840][    T0] IOAPIC[0]: Preconfigured routing entry (0-3 -> IRQ 3=
 Level:0 ActiveLow:0)
[    0.380775][    T0] IOAPIC[0]: Preconfigured routing entry (0-4 -> IRQ 4=
 Level:0 ActiveLow:0)
[    0.381721][    T0] IOAPIC[0]: Preconfigured routing entry (0-5 -> IRQ 5=
 Level:1 ActiveLow:0)
[    0.382664][    T0] IOAPIC[0]: Preconfigured routing entry (0-6 -> IRQ 6=
 Level:0 ActiveLow:0)
[    0.383604][    T0] IOAPIC[0]: Preconfigured routing entry (0-7 -> IRQ 7=
 Level:0 ActiveLow:0)
[    0.384544][    T0] IOAPIC[0]: Preconfigured routing entry (0-8 -> IRQ 8=
 Level:0 ActiveLow:0)
[    0.385475][    T0] IOAPIC[0]: Preconfigured routing entry (0-9 -> IRQ 9=
 Level:1 ActiveLow:0)
[    0.386461][    T0] IOAPIC[0]: Preconfigured routing entry (0-10 -> IRQ =
10 Level:1 ActiveLow:0)
[    0.387436][    T0] IOAPIC[0]: Preconfigured routing entry (0-11 -> IRQ =
11 Level:1 ActiveLow:0)
[    0.388388][    T0] IOAPIC[0]: Preconfigured routing entry (0-12 -> IRQ =
12 Level:0 ActiveLow:0)
[    0.389345][    T0] IOAPIC[0]: Preconfigured routing entry (0-13 -> IRQ =
13 Level:0 ActiveLow:0)
[    0.390357][    T0] IOAPIC[0]: Preconfigured routing entry (0-14 -> IRQ =
14 Level:0 ActiveLow:0)
[    0.391319][    T0] IOAPIC[0]: Preconfigured routing entry (0-15 -> IRQ =
15 Level:0 ActiveLow:0)
[    0.392284][    T0] apic 0 pin 16 not connected
[    0.392794][    T0] apic 0 pin 17 not connected
[    0.393311][    T0] apic 0 pin 18 not connected
[    0.393861][    T0] apic 0 pin 19 not connected
[    0.394377][    T0] apic 0 pin 20 not connected
[    0.394895][    T0] apic 0 pin 21 not connected
[    0.395415][    T0] apic 0 pin 22 not connected
[    0.395933][    T0] apic 0 pin 23 not connected
[    0.396584][    T0] ..TIMER: vector=3D0x30 apic1=3D0 pin1=3D2 apic2=3D-1=
 pin2=3D-1
[    0.397331][    T0] clocksource: tsc-early: mask: 0xffffffffffffffff max=
_cycles: 0x2b3e459bf4c, max_idle_ns: 440795289890 ns
[    0.398605][    T0] Calibrating delay loop (skipped) preset value.. 6000=
.00 BogoMIPS (lpj=3D12000000)
[    0.399698][    T0] Last level iTLB entries: 4KB 0, 2MB 0, 4MB 0
[    0.400369][    T0] Last level dTLB entries: 4KB 0, 2MB 0, 4MB 0, 1GB 0
[    0.401086][    T0] mitigations: Enabled attack vectors: user_kernel, us=
er_user, guest_host, guest_guest, SMT mitigations: auto
[    0.402858][    T0] Speculative Store Bypass: Vulnerable
[    0.403476][    T0] Spectre V2 : Mitigation: Retpolines
[    0.404070][    T0] ITS: Mitigation: Aligned branch/return thunks
[    0.404734][    T0] MDS: Vulnerable: Clear CPU buffers attempted, no mic=
rocode
[    0.405542][    T0] Spectre V1 : Mitigation: usercopy/swapgs barriers an=
d __user pointer sanitization
[    0.406821][    T0] Spectre V2 : Spectre v2 / SpectreRSB: Filling RSB on=
 context switch and VMEXIT
[    0.407809][    T0] active return thunk: its_return_thunk
[    0.408425][    T0] x86/fpu: Supporting XSAVE feature 0x001: 'x87 floati=
ng point registers'
[    0.409381][    T0] x86/fpu: Supporting XSAVE feature 0x002: 'SSE regist=
ers'
[    0.410147][    T0] x86/fpu: Supporting XSAVE feature 0x004: 'AVX regist=
ers'
[    0.410766][    T0] x86/fpu: xstate_offset[2]:  576, xstate_sizes[2]:  2=
56
[    0.411521][    T0] x86/fpu: Enabled xstate features 0x7, context size i=
s 832 bytes, using 'standard' format.
[    0.429103][    T0] Freeing SMP alternatives memory: 48K
[    0.429743][    T0] pid_max: default: 32768 minimum: 301
[    0.430392][    T0] Mount-cache hash table entries: 65536 (order: 7, 524=
288 bytes, linear)
[    0.430843][    T0] Mountpoint-cache hash table entries: 65536 (order: 7=
, 524288 bytes, linear)
[    0.431875][    T0] VFS: Finished mounting rootfs on nullfs
[    0.432645][    T1] smpboot: CPU0: Intel Xeon E312xx (Sandy Bridge) (fam=
ily: 0x6, model: 0x2a, stepping: 0x1)
[    0.434073][    T1] Performance Events: unsupported CPU family 6 model 4=
2 no PMU driver, software events only.
[    0.434601][    T1] signal: max sigframe size: 1360
[    0.434601][    T1] rcu: Hierarchical SRCU implementation.
[    0.434601][    T1] rcu:     Max phase no-delay instances is 1000.
[    0.434778][    T1] Timer migration: 1 hierarchy levels; 8 children per =
group; 1 crossnode level
[    0.439249][    T1] smp: Bringing up secondary CPUs ...
[    0.439948][    T1] smpboot: x86: Booting SMP configuration:
[    0.440584][    T1] .... node  #0, CPUs:      #1
[    0.061475][    T0] Masked ExtINT on CPU#1
[    0.444604][    T1] smp: Brought up 1 node, 2 CPUs
[    0.444604][    T1] smpboot: Total of 2 processors activated (12000.00 B=
ogoMIPS)
[    0.446995][    T1] Memory: 32429364K/33553912K available (19529K kernel=
 code, 5589K rwdata, 6912K rodata, 3364K init, 1652K bss, 913912K reserved,=
 204800K cma-reserved)
[    0.451848][    T1] devtmpfs: initialized
[    0.451848][    T1] x86/mm: Memory block size: 128MB
[    0.455638][    T1] clocksource: jiffies: mask: 0xffffffff max_cycles: 0=
xffffffff, max_idle_ns: 7645041785100000 ns
[    0.455748][    T1] posixtimers hash table entries: 1024 (order: 2, 1638=
4 bytes, linear)
[    0.458608][    T1] futex hash table entries: 512 (32768 bytes on 1 NUMA=
 nodes, total 32 KiB, linear).
[    0.460332][    T1] NET: Registered PF_NETLINK/PF_ROUTE protocol family
[    0.461441][    T1] thermal_sys: Registered thermal governor 'step_wise'
[    0.461443][    T1] thermal_sys: Registered thermal governor 'user_space=
'
[    0.462185][    T1] cpuidle: using governor ladder
[    0.463314][    T1] cpuidle: using governor menu
[    0.464235][    T1] PCI: Using configuration type 1 for base access
[    0.465234][    T1] kprobes: kprobe jump-optimization is enabled. All kp=
robes are optimized if possible.
[    0.511996][    T1] ACPI: Added _OSI(Module Device)
[    0.511996][    T1] ACPI: Added _OSI(Processor Device)
[    0.511996][    T1] ACPI: Added _OSI(Processor Aggregator Device)
[    0.512980][    T1] ACPI: 1 ACPI AML tables successfully acquired and lo=
aded
[    0.524104][    T1] ACPI: Interpreter enabled
[    0.524104][    T1] ACPI: PM: (supports S0 S3 S4 S5)
[    0.524104][    T1] ACPI: Using IOAPIC for interrupt routing
[    0.524320][    T1] PCI: Using host bridge windows from ACPI; if necessa=
ry, use "pci=3Dnocrs" and report a bug
[    0.525681][    T1] PCI: Using E820 reservations for host bridge windows
[    0.526676][    T1] ACPI: Enabled 2 GPEs in block 00 to 0F
[    0.529194][    T1] ACPI: PCI Root Bridge [PCI0] (domain 0000 [bus 00-ff=
])
[    0.530167][    T1] acpi PNP0A03:00: _OSC: OS supports [ASPM ClockPM Seg=
ments MSI HPX-Type3]
[    0.530854][    T1] acpi PNP0A03:00: _OSC: not requesting OS control; OS=
 requires [ExtendedConfig ASPM ClockPM MSI]
[    0.532125][    T1] acpi PNP0A03:00: fail to add MMCONFIG information, c=
an't access extended configuration space under this bridge
[    0.533625][    T1] PCI host bridge to bus 0000:00
[    0.534237][    T1] pci_bus 0000:00: root bus resource [io  0x0000-0x0cf=
7 window]
[    0.534843][    T1] pci_bus 0000:00: root bus resource [io  0x0d00-0xfff=
f window]
[    0.535776][    T1] pci_bus 0000:00: root bus resource [mem 0x000a0000-0=
x000bffff window]
[    0.536795][    T1] pci_bus 0000:00: root bus resource [mem 0xc0000000-0=
xfebfffff window]
[    0.537800][    T1] pci_bus 0000:00: root bus resource [mem 0x840000000-=
0x8bfffffff window]
[    0.538604][    T1] pci_bus 0000:00: root bus resource [bus 00-ff]
[    0.539395][    T1] pci 0000:00:00.0: [8086:1237] type 00 class 0x060000=
 conventional PCI endpoint
[    0.540872][    T1] pci 0000:00:01.0: [8086:7000] type 00 class 0x060100=
 conventional PCI endpoint
[    0.542118][    T1] pci 0000:00:01.1: [8086:7010] type 00 class 0x010180=
 conventional PCI endpoint
[    0.543277][    T1] pci 0000:00:01.1: BAR 4 [io  0xc080-0xc08f]
[    0.543943][    T1] pci 0000:00:01.1: BAR 0 [io  0x01f0-0x01f7]: legacy =
IDE quirk
[    0.544771][    T1] pci 0000:00:01.1: BAR 1 [io  0x03f6]: legacy IDE qui=
rk
[    0.545508][    T1] pci 0000:00:01.1: BAR 2 [io  0x0170-0x0177]: legacy =
IDE quirk
[    0.546336][    T1] pci 0000:00:01.1: BAR 3 [io  0x0376]: legacy IDE qui=
rk
[    0.546851][    T1] pci 0000:00:01.3: [8086:7113] type 00 class 0x068000=
 conventional PCI endpoint
[    0.548030][    T1] pci 0000:00:01.3: quirk: [io  0x0600-0x063f] claimed=
 by PIIX4 ACPI
[    0.548909][    T1] pci 0000:00:01.3: quirk: [io  0x0700-0x070f] claimed=
 by PIIX4 SMB
[    0.549901][    T1] pci 0000:00:02.0: [1234:1111] type 00 class 0x030000=
 conventional PCI endpoint
[    0.552272][    T1] pci 0000:00:02.0: BAR 0 [mem 0xfd000000-0xfdffffff p=
ref]
[    0.553087][    T1] pci 0000:00:02.0: BAR 2 [mem 0xfebb0000-0xfebb0fff]
[    0.553826][    T1] pci 0000:00:02.0: ROM [mem 0xfeba0000-0xfebaffff pre=
f]
[    0.554661][    T1] pci 0000:00:02.0: Video device with shadowed ROM at =
[mem 0x000c0000-0x000dffff]
[    0.556120][    T1] pci 0000:00:03.0: [1af4:1009] type 00 class 0x000200=
 conventional PCI endpoint
[    0.558030][    T1] pci 0000:00:03.0: BAR 0 [io  0xc000-0xc03f]
[    0.558608][    T1] pci 0000:00:03.0: BAR 1 [mem 0xfebb1000-0xfebb1fff]
[    0.559336][    T1] pci 0000:00:03.0: BAR 4 [mem 0xfe000000-0xfe003fff 6=
4bit pref]
[    0.560668][    T1] pci 0000:00:04.0: [8086:25ab] type 00 class 0x088000=
 conventional PCI endpoint
[    0.562089][    T1] pci 0000:00:04.0: BAR 0 [mem 0xfebb2000-0xfebb200f]
[    0.563749][    T1] pci 0000:00:05.0: [8086:100e] type 00 class 0x020000=
 conventional PCI endpoint
[    0.570628][    T1] pci 0000:00:05.0: BAR 0 [mem 0xfeb80000-0xfeb9ffff]
[    0.572860][    T1] pci 0000:00:05.0: BAR 1 [io  0xc040-0xc07f]
[    0.574685][    T1] pci 0000:00:05.0: ROM [mem 0xfeb00000-0xfeb7ffff pre=
f]
[    0.580362][    T1] ACPI: PCI: Interrupt link LNKA configured for IRQ 10
[    0.582704][    T1] ACPI: PCI: Interrupt link LNKB configured for IRQ 10
[    0.584424][    T1] ACPI: PCI: Interrupt link LNKC configured for IRQ 11
[    0.585963][    T1] ACPI: PCI: Interrupt link LNKD configured for IRQ 11
[    0.587014][    T1] ACPI: PCI: Interrupt link LNKS configured for IRQ 9
[    0.588800][    T1] iommu: Default domain type: Translated
[    0.590019][    T1] iommu: DMA domain TLB invalidation policy: lazy mode
[    0.593878][    T1] SCSI subsystem initialized
[    0.594601][    T1] libata version 3.00 loaded.
[    0.594601][    T1] ACPI: bus type USB registered
[    0.594601][    T1] usbcore: registered new interface driver usbfs
[    0.594849][    T1] usbcore: registered new interface driver hub
[    0.595779][    T1] usbcore: registered new device driver usb
[    0.596678][    T1] pps_core: LinuxPPS API ver. 1 registered
[    0.597615][    T1] pps_core: Software ver. 5.3.6 - Copyright 2005-2007 =
Rodolfo Giometti <giometti@linux.it>
[    0.598969][    T1] PTP clock support registered
[    0.604415][    T1] Advanced Linux Sound Architecture Driver Initialized=
.
[    0.604415][    T1] PCI: Using ACPI for IRQ routing
[    0.604415][    T1] PCI: pci_cache_line_size set to 64 bytes
[    0.604415][    T1] e820: reserve RAM buffer [mem 0x0009fc00-0x0009ffff]
[    0.605035][    T1] e820: reserve RAM buffer [mem 0xbffe0000-0xbfffffff]
[    0.605930][    T1] pci 0000:00:02.0: vgaarb: setting as boot VGA device
[    0.606601][    T1] pci 0000:00:02.0: vgaarb: bridge control possible
[    0.606601][    T1] pci 0000:00:02.0: vgaarb: VGA device added: decodes=
=3Dio+mem,owns=3Dio+mem,locks=3Dnone
[    0.610604][    T1] vgaarb: loaded
[    0.612161][    T1] clocksource: Switched to clocksource kvm-clock
[    0.673620][    T1] VFS: Disk quotas dquot_6.6.0
[    0.675245][    T1] VFS: Dquot-cache hash table entries: 512 (order 0, 4=
096 bytes)
[    0.678166][    T1] pnp: PnP ACPI init
[    0.679712][    T1] pnp 00:02: [dma 2]
[    0.681522][    T1] pnp: PnP ACPI: found 6 devices
[    0.689204][    T1] clocksource: acpi_pm: mask: 0xffffff max_cycles: 0xf=
fffff, max_idle_ns: 2085701024 ns
[    0.691533][    T1] NET: Registered PF_INET protocol family
[    0.693168][    T1] IP idents hash table entries: 262144 (order: 9, 2097=
152 bytes, linear)
[    0.697185][    T1] tcp_listen_portaddr_hash hash table entries: 16384 (=
order: 6, 262144 bytes, linear)
[    0.698702][    T1] Table-perturb hash table entries: 65536 (order: 6, 2=
62144 bytes, linear)
[    0.700045][    T1] TCP established hash table entries: 262144 (order: 9=
, 2097152 bytes, linear)
[    0.701946][    T1] TCP bind hash table entries: 65536 (order: 9, 209715=
2 bytes, linear)
[    0.703594][    T1] TCP: Hash tables configured (established 262144 bind=
 65536)
[    0.704465][    T1] UDP hash table entries: 16384 (order: 8, 1048576 byt=
es, linear)
[    0.705606][    T1] UDP-Lite hash table entries: 16384 (order: 8, 104857=
6 bytes, linear)
[    0.706621][    T1] NET: Registered PF_UNIX/PF_LOCAL protocol family
[    0.707525][    T1] RPC: Registered named UNIX socket transport module.
[    0.708276][    T1] RPC: Registered udp transport module.
[    0.708890][    T1] RPC: Registered tcp transport module.
[    0.709519][    T1] RPC: Registered tcp-with-tls transport module.
[    0.710212][    T1] RPC: Registered tcp NFSv4.1 backchannel transport mo=
dule.
[    0.711009][    T1] pci_bus 0000:00: resource 4 [io  0x0000-0x0cf7 windo=
w]
[    0.711753][    T1] pci_bus 0000:00: resource 5 [io  0x0d00-0xffff windo=
w]
[    0.712509][    T1] pci_bus 0000:00: resource 6 [mem 0x000a0000-0x000bff=
ff window]
[    0.713377][    T1] pci_bus 0000:00: resource 7 [mem 0xc0000000-0xfebfff=
ff window]
[    0.714221][    T1] pci_bus 0000:00: resource 8 [mem 0x840000000-0x8bfff=
ffff window]
[    0.715104][    T1] pci 0000:00:01.0: PIIX3: Enabling Passive Release
[    0.715824][    T1] pci 0000:00:00.0: Limiting direct PCI/PCI transfers
[    0.716578][    T1] PCI: CLS 0 bytes, default 64
[    0.717121][    T1] PCI-DMA: Using software bounce buffering for IO (SWI=
OTLB)
[    0.717289][   T11] Trying to unpack rootfs image as initramfs...
[    0.717720][    T1] software IO TLB: mapped [mem 0x00000000ae15e000-0x00=
000000b215e000] (64MB)
[    0.717990][    T1] clocksource: tsc: mask: 0xffffffffffffffff max_cycle=
s: 0x2b3e459bf4c, max_idle_ns: 440795289890 ns
[    0.723010][    T1] Initialise system trusted keyrings
[    0.723943][    T1] workingset: timestamp_bits=3D40 max_order=3D23 bucke=
t_order=3D0
[    0.725086][    T1] NFS: Registering the id_resolver key type
[    0.725726][    T1] Key type id_resolver registered
[    0.726274][    T1] Key type id_legacy registered
[    0.726808][    T1] nfs4filelayout_init: NFSv4 File Layout Driver Regist=
ering...
[    0.727642][    T1] nfs4flexfilelayout_init: NFSv4 Flexfile Layout Drive=
r Registering...
[    0.728849][    T1] Key type cifs.idmap registered
[    0.729408][    T1] 9p: Installing v9fs 9p2000 file system support
[    0.738955][    T1] Key type asymmetric registered
[    0.739506][    T1] Asymmetric key parser 'x509' registered
[    0.740147][    T1] Block layer SCSI generic (bsg) driver version 0.4 lo=
aded (major 249)
[    0.741025][    T1] io scheduler mq-deadline registered
[    0.741627][    T1] io scheduler kyber registered
[    0.744802][    T1] input: Power Button as /devices/LNXSYSTM:00/LNXPWRBN=
:00/input/input0
[    0.745877][    T1] ACPI: button: Power Button [PWRF]
[    0.746835][    T1] ERST DBG: ERST support is disabled.
[    0.756290][    T1] Serial: 8250/16550 driver, 4 ports, IRQ sharing enab=
led
[    0.757243][    T1] 00:04: ttyS0 at I/O 0x3f8 (irq =3D 4, base_baud =3D =
115200) is a 16550A
[    0.758594][    T1] Non-volatile memory driver v1.3
[    0.762270][    T1] loop: module loaded
[    0.762743][    T1] rdac: device handler registered
[    0.763400][    T1] hp_sw: device handler registered
[    0.763968][    T1] emc: device handler registered
[    0.764674][    T1] alua: device handler registered
[    0.766376][    T1] scsi host0: ata_piix
[    0.766977][    T1] scsi host1: ata_piix
[    0.767489][    T1] ata1: PATA max MWDMA2 cmd 0x1f0 ctl 0x3f6 bmdma 0xc0=
80 irq 14 lpm-pol 0
[    0.768414][    T1] ata2: PATA max MWDMA2 cmd 0x170 ctl 0x376 bmdma 0xc0=
88 irq 15 lpm-pol 0
[    0.769446][    T1] MACsec IEEE 802.1AE
[    0.772044][    T1] cnic: QLogic cnicDriver v2.5.22 (July 20, 2015)
[    0.773857][    T1] e100: Intel(R) PRO/100 Network Driver
[    0.774481][    T1] e100: Copyright(c) 1999-2006 Intel Corporation
[    0.775179][    T1] e1000: Intel(R) PRO/1000 Network Driver
[    0.775804][    T1] e1000: Copyright (c) 1999-2006 Intel Corporation.
[    0.786772][    T1] ACPI: \_SB_.LNKA: Enabled at IRQ 10
[    0.932273][  T692] ata2: found unknown device (class 0)
[    0.941346][  T692] ata2.00: ATAPI: QEMU DVD-ROM, 2.5+, max UDMA/100
[    0.942905][   T32] scsi 1:0:0:0: CD-ROM            QEMU     QEMU DVD-RO=
M     2.5+ PQ: 0 ANSI: 5
[    1.101597][    T1] e1000 0000:00:05.0 eth0: (PCI:33MHz:32-bit) 52:54:00=
:12:34:56
[    1.102756][    T1] e1000 0000:00:05.0 eth0: Intel(R) PRO/1000 Network C=
onnection
[    1.103925][    T1] e1000e: Intel(R) PRO/1000 Network Driver
[    1.104759][    T1] e1000e: Copyright(c) 1999 - 2015 Intel Corporation.
[    1.105764][    T1] igb: Intel(R) Gigabit Ethernet Network Driver
[    1.106659][    T1] igb: Copyright (c) 2007-2014 Intel Corporation.
[    1.107841][    T1] Intel(R) 2.5G Ethernet Linux Driver
[    1.108619][    T1] Copyright(c) 2018 Intel Corporation.
[    1.109377][    T1] igbvf: Intel(R) Gigabit Virtual Function Network Dri=
ver
[    1.110135][    T1] igbvf: Copyright (c) 2009 - 2012 Intel Corporation.
[    1.110873][    T1] ixgbe: Intel(R) 10 Gigabit PCI Express Network Drive=
r
[    1.111616][    T1] ixgbe: Copyright (c) 1999-2016 Intel Corporation.
[    1.112370][    T1] i40e: Intel(R) Ethernet Connection XL710 Network Dri=
ver
[    1.113151][    T1] i40e: Copyright (c) 2013 - 2019 Intel Corporation.
[    1.113898][    T1] jme: JMicron JMC2XX ethernet driver version 1.0.8
[    1.114619][    T1] sky2: driver version 1.30
[    1.115130][    T1] myri10ge: Version 1.5.3-1.534
[    1.115681][    T1] ns83820.c: National Semiconductor DP83820 10/100/100=
0 driver.
[    1.116552][    T1] QLogic 1/10 GbE Converged/Intelligent Ethernet Drive=
r v5.3.66
[    1.117397][    T1] QLogic/NetXen Network Driver v4.0.82
[    1.118423][    T1] tehuti: Tehuti Networks(R) Network Driver, 7.29.3
[    1.119144][    T1] tehuti: Options: hw_csum
[    1.119651][    T1] tlan: ThunderLAN driver v1.17
[    1.120211][    T1] tlan: 0 devices installed, PCI: 0  EISA: 0
[    1.120929][    T1] PPP generic driver version 2.4.2
[    1.121773][    T1] PPP BSD Compression module registered
[    1.122384][    T1] PPP Deflate Compression module registered
[    1.123031][    T1] PPP MPPE Compression module registered
[    1.123658][    T1] NET: Registered PF_PPPOX protocol family
[    1.124313][    T1] SLIP: version 0.8.4-NET3.019-NEWTTY (dynamic channel=
s, max=3D256) (6 bit encapsulation enabled).
[    1.125447][    T1] SLIP linefill/keepalive option.
[    1.126037][    T1] usbcore: registered new interface driver catc
[    1.126722][    T1] usbcore: registered new interface driver kaweth
[    1.127409][    T1] pegasus: Pegasus/Pegasus II USB Ethernet driver
[    1.128105][    T1] usbcore: registered new interface driver pegasus
[    1.128831][    T1] usbcore: registered new interface driver rtl8150
[    1.129551][    T1] usbcore: registered new interface driver asix
[    1.130227][    T1] usbcore: registered new interface driver ax88179_178=
a
[    1.130971][    T1] usbcore: registered new interface driver cdc_ether
[    1.131689][    T1] usbcore: registered new interface driver cdc_eem
[    1.132388][    T1] usbcore: registered new interface driver dm9601
[    1.133294][    T1] usbcore: registered new interface driver smsc75xx
[    1.134028][    T1] usbcore: registered new interface driver smsc95xx
[    1.134740][    T1] usbcore: registered new interface driver gl620a
[    1.135439][    T1] usbcore: registered new interface driver net1080
[    1.136139][    T1] usbcore: registered new interface driver plusb
[    1.136825][    T1] usbcore: registered new interface driver rndis_host
[    1.137550][    T1] usbcore: registered new interface driver cdc_subset
[    1.138287][    T1] usbcore: registered new interface driver zaurus
[    1.138978][    T1] usbcore: registered new interface driver MOSCHIP usb=
-ethernet driver
[    1.139873][    T1] usbcore: registered new interface driver int51x1
[    1.140579][    T1] usbcore: registered new interface driver kalmia
[    1.141294][    T1] usbcore: registered new interface driver ipheth
[    1.141973][    T1] usbcore: registered new interface driver sierra_net
[    1.142671][    T1] usbcore: registered new interface driver cx82310_eth
[    1.143395][    T1] usbcore: registered new interface driver cdc_ncm
[    1.144083][    T1] usbcore: registered new interface driver lg-vl600
[    1.144772][    T1] usbcore: registered new interface driver r8153_ecm
[    1.149512][    T1] aoe: AoE v85 initialised.
[    1.150095][    T1] usbcore: registered new interface driver cdc_acm
[    1.150788][    T1] cdc_acm: USB Abstract Control Model driver for USB m=
odems and ISDN adapters
[    1.151753][    T1] usbcore: registered new interface driver cdc_wdm
[    1.152464][    T1] usbcore: registered new interface driver usb-storage
[    1.153215][    T1] usbcore: registered new interface driver ums-alauda
[    1.153959][    T1] usbcore: registered new interface driver ums-cypress
[    1.154690][    T1] usbcore: registered new interface driver ums-datafab
[    1.155427][    T1] usbcore: registered new interface driver ums_eneub62=
50
[    1.156167][    T1] usbcore: registered new interface driver ums-freecom
[    1.156899][    T1] usbcore: registered new interface driver ums-isd200
[    1.157637][    T1] usbcore: registered new interface driver ums-jumpsho=
t
[    1.158375][    T1] usbcore: registered new interface driver ums-karma
[    1.159102][    T1] usbcore: registered new interface driver ums-onetouc=
h
[    1.159850][    T1] usbcore: registered new interface driver ums-realtek
[    1.160584][    T1] usbcore: registered new interface driver ums-sddr09
[    1.161316][    T1] usbcore: registered new interface driver ums-sddr55
[    1.162055][    T1] usbcore: registered new interface driver ums-usbat
[    1.162805][    T1] i8042: PNP: PS/2 Controller [PNP0303:KBD,PNP0f13:MOU=
] at 0x60,0x64 irq 1,12
[    1.164260][    T1] serio: i8042 KBD port at 0x60,0x64 irq 1
[    1.164893][    T1] serio: i8042 AUX port at 0x60,0x64 irq 12
[    1.165626][    T1] mousedev: PS/2 mouse device common for all mice
[    1.166474][   T41] input: AT Translated Set 2 keyboard as /devices/plat=
form/i8042/serio0/input/input1
[    1.167656][    T1] rtc_cmos 00:05: RTC can wake from S4
[    1.169101][    T1] rtc_cmos 00:05: registered as rtc0
[    1.169731][    T1] rtc_cmos 00:05: setting system clock to 2026-02-02T1=
3:59:37 UTC (1770040777)
[    1.170741][    T1] rtc_cmos 00:05: alarms up to one day, y3k, 242 bytes=
 nvram, hpet irqs
[    1.171772][    T1] intel_pstate: CPU model not supported
[    1.172560][    T1] hid: raw HID events driver (C) Jiri Kosina
[    1.173273][    T1] usbcore: registered new interface driver usbhid
[    1.173947][    T1] usbhid: USB HID core driver
[    1.175056][    T1] NET: Registered PF_PACKET protocol family
[    1.175765][    T1] 9pnet: Installing 9P2000 support
[    1.176324][    T1] Key type dns_resolver registered
[    1.177657][    T1] IPI shorthand broadcast: enabled
[    1.178227][    C0] ... APIC ID:      00000000 (0)
[    1.178799][    C0] ... APIC VERSION: 00050014
[    1.179309][    C0] 0000000000000000000000000000000000000000000000000000=
000000000000
[    1.180182][    C0] 0000000000000000000000000000000000000000000000000000=
000000000000
[    1.181067][    C0] 0000000000000000000000000000000000000000000000000000=
000000000000
[    1.181478][    C0]
[    1.182239][    T1] number of MP IRQ sources: 15.
[    1.182782][    T1] number of IO-APIC #0 registers: 24.
[    1.183364][    T1] testing the IO APIC.......................
[    1.184004][    T1] IO APIC #0......
[    1.184503][    T1] .... register #00: 00000000
[    1.185026][    T1] .......    : physical APIC id: 00
[    1.185606][    T1] .......    : Delivery Type: 0
[    1.186149][    T1] .......    : LTS          : 0
[    1.186678][    T1] .... register #01: 00170011
[    1.187192][    T1] .......     : max redirection entries: 17
[    1.187831][    T1] .......     : PRQ implemented: 0
[    1.188394][    T1] .......     : IO APIC version: 11
[    1.188969][    T1] .... register #02: 00000000
[    1.189501][    T1] .......     : arbitration: 00
[    1.190041][    T1] .... IRQ redirection table:
[    1.190555][    T1] IOAPIC 0:
[    1.190929][    T1]  pin00, disabled, edge , high, V(00), IRR(0), S(0), =
physical, D(0000), M(0)
[    1.191889][    T1]  pin01, enabled , edge , high, V(22), IRR(0), S(0), =
physical, D(0001), M(0)
[    1.192862][    T1]  pin02, enabled , edge , high, V(30), IRR(0), S(0), =
physical, D(0000), M(0)
[    1.193835][    T1]  pin03, disabled, edge , high, V(00), IRR(0), S(0), =
physical, D(0000), M(0)
[    1.194800][    T1]  pin04, disabled, edge , high, V(00), IRR(0), S(0), =
physical, D(0000), M(0)
[    1.195760][    T1]  pin05, disabled, edge , high, V(00), IRR(0), S(0), =
physical, D(0000), M(0)
[    1.196723][    T1]  pin06, disabled, edge , high, V(00), IRR(0), S(0), =
physical, D(0000), M(0)
[    1.197704][    T1]  pin07, disabled, edge , high, V(00), IRR(0), S(0), =
physical, D(0000), M(0)
[    1.198665][    T1]  pin08, enabled , edge , high, V(22), IRR(0), S(0), =
physical, D(0000), M(0)
[    1.199623][    T1]  pin09, enabled , level, high, V(20), IRR(0), S(0), =
physical, D(0001), M(0)
[    1.200617][    T1]  pin0a, disabled, edge , high, V(00), IRR(0), S(0), =
physical, D(0000), M(0)
[    1.203496][    T1]  pin0b, disabled, edge , high, V(00), IRR(0), S(0), =
physical, D(0000), M(0)
[    1.204471][    T1]  pin0c, enabled , edge , high, V(21), IRR(0), S(0), =
physical, D(0000), M(0)
[    1.205442][    T1]  pin0d, disabled, edge , high, V(00), IRR(0), S(0), =
physical, D(0000), M(0)
[    1.206379][    T1]  pin0e, enabled , edge , high, V(20), IRR(0), S(0), =
physical, D(0000), M(0)
[    1.207313][    T1]  pin0f, enabled , edge , high, V(21), IRR(0), S(0), =
physical, D(0001), M(0)
[    1.208239][    T1]  pin10, disabled, edge , high, V(00), IRR(0), S(0), =
physical, D(0000), M(0)
[    1.209177][    T1]  pin11, disabled, edge , high, V(00), IRR(0), S(0), =
physical, D(0000), M(0)
[    1.210138][    T1]  pin12, disabled, edge , high, V(00), IRR(0), S(0), =
physical, D(0000), M(0)
[    1.211089][    T1]  pin13, disabled, edge , high, V(00), IRR(0), S(0), =
physical, D(0000), M(0)
[    1.212051][    T1]  pin14, disabled, edge , high, V(00), IRR(0), S(0), =
physical, D(0000), M(0)
[    1.213005][    T1]  pin15, disabled, edge , high, V(00), IRR(0), S(0), =
physical, D(0000), M(0)
[    1.213975][    T1]  pin16, disabled, edge , high, V(00), IRR(0), S(0), =
physical, D(0000), M(0)
[    1.214930][    T1]  pin17, disabled, edge , high, V(00), IRR(0), S(0), =
physical, D(0000), M(0)
[    1.215865][    T1] IRQ to pin mappings:
[    1.216318][    T1] IRQ0 -> 0:2
[    1.216700][    T1] IRQ1 -> 0:1
[    1.217076][    T1] IRQ3 -> 0:3
[    1.217460][    T1] IRQ4 -> 0:4
[    1.217848][    T1] IRQ5 -> 0:5
[    1.218226][    T1] IRQ6 -> 0:6
[    1.218599][    T1] IRQ7 -> 0:7
[    1.218978][    T1] IRQ8 -> 0:8
[    1.219359][    T1] IRQ9 -> 0:9
[    1.219738][    T1] IRQ10 -> 0:10
[    1.220137][    T1] IRQ11 -> 0:11
[    1.220539][    T1] IRQ12 -> 0:12
[    1.220938][    T1] IRQ13 -> 0:13
[    1.221335][    T1] IRQ14 -> 0:14
[    1.221743][    T1] IRQ15 -> 0:15
[    1.222139][    T1] .................................... done.
[    1.226941][    T1] sched_clock: Marking stable (1168002013, 57475960)->=
(1230977136, -5499163)
[    1.229766][    T1] registered taskstats version 1
[    1.230359][    T1] Loading compiled-in X.509 certificates
[    1.232293][    T1] Demotion targets for Node 0: null
[    1.232901][    T1] debug_vm_pgtable: [debug_vm_pgtable         ]: Valid=
ating architecture page table helpers
[    1.261410][    T1] Key type .fscrypt registered
[    1.262000][    T1] Key type fscrypt-provisioning registered
[    1.262808][    T1] netconsole: network logging started
[    1.631577][   T41] input: ImExPS/2 Generic Explorer Mouse as /devices/p=
latform/i8042/serio1/input/input3
[    1.642081][   T41] e1000: eth0 NIC Link is Up 1000 Mbps Full Duplex, Fl=
ow Control: RX
[    1.661530][    T1] Sending DHCP requests .
[    2.116982][   T11] Freeing initrd memory: 227848K
[    2.641652][    T1] , OK
[    2.651011][    T1] IP-Config: Got DHCP answer from 10.0.2.2, my address=
 is 10.0.2.15
[    2.653792][    T1] IP-Config: Complete:
[    2.655205][    T1]      device=3Deth0, hwaddr=3D52:54:00:12:34:56, ipad=
dr=3D10.0.2.15, mask=3D255.255.255.0, gw=3D10.0.2.2
[    2.658702][    T1]      host=3D10.0.2.15, domain=3D, nis-domain=3D(none=
)
[    2.660876][    T1]      bootserver=3D10.0.2.2, rootserver=3D10.0.2.2, r=
ootpath=3D
[    2.660880][    T1]      nameserver0=3D10.0.2.3
[    2.664936][    T1] clk: Disabling unused clocks
[    2.666094][    T1] ALSA device list:
[    2.667014][    T1]   No soundcards found.
[    2.671849][    T1] Freeing unused kernel image (initmem) memory: 3364K
[    2.673331][    T1] Write protecting the kernel read-only data: 28672k
[    2.675414][    T1] Freeing unused kernel image (text/rodata gap) memory=
: 948K
[    2.677047][    T1] Freeing unused kernel image (rodata/data gap) memory=
: 1280K
[    2.678198][    T1] Run /init as init process
[    2.678803][    T1]   with arguments:
[    2.679323][    T1]     /init
[    2.679757][    T1]   with environment:
[    2.680286][    T1]     HOME=3D/
[    2.680747][    T1]     TERM=3Dlinux
[    2.681256][    T1]     RESULT_ROOT=3D/result/trinity/group-00-5-300s/vm=
-snb/yocto-x86_64-minimal-20190520.cgz/x86_64-kexec/clang-20/313c47f4fe4d07=
eb2969f429a66ad331fe2b3b6f/0
[    2.683190][    T1]     branch=3Dinternal-devel/devel-hourly-20260124-05=
0739
[    2.684075][    T1]     job=3D/lkp/jobs/scheduled/vm-meta-17/trinity-gro=
up-00-5-300s-yocto-x86_64-minimal-20190520.cgz-313c47f4fe4d-20260126-53110-=
19zhjsh-2.yaml
[    2.685675][    T1]     user=3Dlkp
[    2.686017][    T1]     ARCH=3Dx86_64
[    2.686392][    T1]     kconfig=3Dx86_64-kexec
[    2.686826][    T1]     commit=3D313c47f4fe4d07eb2969f429a66ad331fe2b3b6=
f
[    2.687460][    T1]     ia32_emulation=3Don
[    2.687870][    T1]     max_uptime=3D7200
[    2.688262][    T1]     LKP_LOCAL_RUN=3D1
[    2.688658][    T1]     selinux=3D0
[    2.689003][    T1]     nmi_watchdog=3Dpanic
[    2.689428][    T1]     prompt_ramdisk=3D0
[    2.689826][    T1]     vga=3Dnormal
[    2.690197][    T1]     result_service=3D9p/virtfs_mount
INIT: version 2.88 booting
[    2.706824][ T1549] /dev/root: Can't lookup blockdev
[    2.707381][ T1549] /dev/root: Can't lookup blockdev
[    2.707896][ T1549] /dev/root: Can't lookup blockdev
[    2.708414][ T1549] /dev/root: Can't lookup blockdev
Starting udev
[    2.727678][ T1560] udevd[1560]: starting version 3.2.7
[    3.733523][    C0] random: crng init done
[    3.735162][ T1560] udevd[1560]: specified group 'kvm' unknown
[    3.736379][ T1561] udevd[1561]: starting eudev-3.2.7
[    3.759264][ T1561] udevd[1561]: specified group 'kvm' unknown
[    3.802990][ T1569] sr 1:0:0:0: [sr0] scsi3-mmc drive: 4x/4x cd/rw xa/fo=
rm2 tray
[    3.804791][ T1569] cdrom: Uniform CD-ROM driver Revision: 3.20
[    3.841799][ T1569] sr 1:0:0:0: Attached scsi CD-ROM sr0
INIT: Entering runlevel: 5
Configuring network interfaces... ip: RTNETLINK answers: File exists
Starting syslogd/klogd: done
/etc/rc5.d/S77lkp-bootstrap: /lkp/jobs/scheduled/vm-meta-17/trinity-group-0=
0-5-300s-yocto-x86_64-minimal-20190520.cgz-313c47f4fe4d-20260126-53110-19zh=
jsh-2.sh: line 126: start: not found
PATH=3D/sbin:/usr/sbin:/bin:/usr/bin:/lkp/lkp/src/bin
export VM_VIRTFS=3D1 due to result service 9p/virtfs_mount
[    4.546745][ T1797] redirect stdout and stderr directly
LKP: ttyS0: 1744: Kernel tests: Boot OK!
LKP: ttyS0: 1744: HOSTNAME vm-snb, MAC ce:68:d9:55:0f:a7, kernel 6.19.0-rc1=
-00006-g313c47f4fe4d 1
LKP: ttyS0: 1744:  /lkp/lkp/src/bin/run-lkp /lkp/jobs/scheduled/vm-meta-17/=
trinity-group-00-5-300s-yocto-x86_64-minimal-20190520.cgz-313c47f4fe4d-2026=
0126-53110-19zhjsh-2.yaml
[    4.582001][ T1910] 9p: Could not find request transport: virtio
[    4.597808][ T1980] process 'src/bin/event/wakeup' started with executab=
le stack
INIT: Id "S1" respawning too fast: disabled for 5 minutes

Poky (Yocto Project Reference Distro) 2.7+snapshot vm-snb /dev/ttyS0

vm-snb login: [    5.547047][ T1798] mount: mounting 9p/virtfs_mount on //r=
esult/trinity/group-00-5-300s/vm-snb/yocto-x86_64-minimal-20190520.cgz/x86_=
64-kexec/clang-20/313c47f4fe4d07eb2969f429a66ad331fe2b3b6f/0 failed: Invali=
d argument
[   16.799071][ T5087] UDPLite: UDP-Lite is deprecated and scheduled to be =
removed in 2025, please contact the netdev mailing list
[   16.801107][ T5087] trinity-main uses obsolete (PF_INET,SOCK_PACKET)
[   16.830562][ T5173] Loading iSCSI transport class v2.0-870.
[   16.865286][ T5216] can: controller area network core
[   16.865990][ T5216] NET: Registered PF_CAN protocol family
[   16.868837][ T5217] CAN device driver interface
[   16.870020][ T5217] can: raw protocol
[   16.871397][ T5218] can: broadcast manager protocol
[   16.900769][ T5087] NOTICE: Automounting of tracing to debugfs is deprec=
ated and will be removed in 2030
[   16.936202][ T5284] Invalid ELF header magic: !=3D ELF
[   16.939236][ T5286] Invalid ELF header magic: !=3D ELF
[   17.907791][ T5262] Invalid ELF header magic: !=3D ELF
[   17.913348][ T5269] raw_sendmsg: trinity-c7 forgot to set AF_INET. Fix i=
t!
[   17.919074][ T5269] Invalid ELF header magic: !=3D ELF
[   17.934038][ T5285] Invalid ELF header magic: !=3D ELF
[   17.952884][ T5290] Invalid ELF header magic: !=3D ELF
[   17.954525][ T5290] Invalid ELF header magic: !=3D ELF
[   18.062149][ T5283] Invalid ELF header magic: !=3D ELF
[   18.063723][ T5283] Zero length message leads to an empty skb
[   18.923608][ T5269] Invalid ELF header magic: !=3D ELF
[   19.932497][ T5262] Invalid ELF header magic: !=3D ELF
[   19.935000][ T5262] Invalid ELF header magic: !=3D ELF
[   19.940608][ T5262] Invalid ELF header magic: !=3D ELF
[   19.971579][ T5290] Invalid ELF header magic: !=3D ELF
[   20.924566][ T5263] Invalid ELF header magic: !=3D ELF
[   20.939475][ T5269] Invalid ELF header magic: !=3D ELF
[   20.941000][ T5269] Invalid ELF header magic: !=3D ELF
[   20.946010][ T5263] Invalid ELF header magic: !=3D ELF
[   20.948842][ T5298] Invalid ELF header magic: !=3D ELF
[   20.959459][ T5302] Invalid ELF header magic: !=3D ELF
[   20.962874][ T5297] Invalid ELF header magic: !=3D ELF
[   20.965109][ T5297] Invalid ELF header magic: !=3D ELF
[   20.965807][ T5297] Invalid ELF header magic: !=3D ELF
[   20.967361][ T5302] Invalid ELF header magic: !=3D ELF
[   21.097128][ T5283] Invalid ELF header magic: !=3D ELF
[   21.101221][ T5283] Invalid ELF header magic: !=3D ELF
[   21.955505][ T5284] Invalid ELF header magic: !=3D ELF
[   21.970691][ T5297] Invalid ELF header magic: !=3D ELF
[   21.986261][ T5306] Invalid ELF header magic: !=3D ELF
[   21.987797][ T5306] Invalid ELF header magic: !=3D ELF
[   22.996302][ T5269] Invalid ELF header magic: !=3D ELF
[   23.147234][ T5283] Invalid ELF header magic: !=3D ELF
[   23.953718][ T5262] Invalid ELF header magic: !=3D ELF
[   24.021682][ T5262] Invalid ELF header magic: !=3D ELF
[   24.039381][ T5290] Invalid ELF header magic: !=3D ELF
[   24.155303][ T5283] Invalid ELF header magic: !=3D ELF
[   24.157447][ T5283] Invalid ELF header magic: !=3D ELF
[   24.160642][ T5283] Invalid ELF header magic: !=3D ELF
[   24.164616][ T5283] Invalid ELF header magic: !=3D ELF
[   24.169884][ T5283] Invalid ELF header magic: !=3D ELF
[   25.257089][ T5316] Invalid ELF header magic: !=3D ELF
[   25.556574][ T1798] /lkp/lkp/src/monitors/meminfo: line 45: date: not fo=
und
[   25.556574][ T1798] /lkp/lkp/src/monitors/meminfo: line 46: cat: not fou=
nd
[   25.556574][ T1798] /lkp/lkp/src/monitors/meminfo: line 25: /lkp/lkp/src=
/bin/event/wait: not found
[   26.009083][ T5269] Invalid ELF header magic: !=3D ELF
[   26.013796][ T5269] Invalid ELF header magic: !=3D ELF
[   26.016090][ T5302] Invalid ELF header magic: !=3D ELF
[   26.020689][ T5302] Invalid ELF header magic: !=3D ELF
[   26.084126][ T5306] Invalid ELF header magic: !=3D ELF
[   27.040204][ T5269] Invalid ELF header magic: !=3D ELF
[   27.092837][ T5290] Invalid ELF header magic: !=3D ELF
[   27.144209][ T5306] Invalid ELF header magic: !=3D ELF
[   27.158496][ T5306] Invalid ELF header magic: !=3D ELF
[   27.160797][ T5306] Invalid ELF header magic: !=3D ELF
[   27.569977][ T1798] /lkp/lkp/src/monitors/oom-killer: line 94: dmesg: no=
t found
[   27.569977][ T1798] /lkp/lkp/src/monitors/oom-killer: line 94: grep: not=
 found
[   27.569977][ T1798] /lkp/lkp/src/monitors/oom-killer: line 25: /lkp/lkp/=
src/bin/event/wait: not found
[   28.012488][ T5263] Invalid ELF header magic: !=3D ELF
[   28.020803][ T5263] Invalid ELF header magic: !=3D ELF
[   28.026680][ T5263] Invalid ELF header magic: !=3D ELF
[   28.049996][ T5320] Invalid ELF header magic: !=3D ELF
[   28.127646][ T5321] Invalid ELF header magic: !=3D ELF
[   29.045650][ T5302] Invalid ELF header magic: !=3D ELF
[   29.048577][ T5262] Invalid ELF header magic: !=3D ELF
[   29.054828][ T5320] Invalid ELF header magic: !=3D ELF
[   29.058082][ T5320] Invalid ELF header magic: !=3D ELF
[   29.169582][ T5306] Invalid ELF header magic: !=3D ELF
[   30.059353][ T5322] Invalid ELF header magic: !=3D ELF
[   30.067533][ T5322] Invalid ELF header magic: !=3D ELF
[   30.137799][ T5321] Invalid ELF header magic: !=3D ELF
[   30.144101][ T5321] Invalid ELF header magic: !=3D ELF
[   30.189678][ T5306] Invalid ELF header magic: !=3D ELF
[   30.305978][ T5316] Invalid ELF header magic: !=3D ELF
[   30.309799][ T5316] Invalid ELF header magic: !=3D ELF
[   31.072663][ T5322] Invalid ELF header magic: !=3D ELF
[   31.081355][ T5320] Invalid ELF header magic: !=3D ELF
[   31.211846][ T5306] Invalid ELF header magic: !=3D ELF
[   32.074614][ T5263] Invalid ELF header magic: !=3D ELF
[   32.077790][ T5263] Invalid ELF header magic: !=3D ELF
[   32.079049][ T5263] Invalid ELF header magic: !=3D ELF
[   32.100538][ T5262] Invalid ELF header magic: !=3D ELF
[   32.103459][ T5320] Invalid ELF header magic: !=3D ELF
[   33.090219][ T5322] Invalid ELF header magic: !=3D ELF
[   33.156536][ T5321] Invalid ELF header magic: !=3D ELF
[   34.057746][ T5323] Invalid ELF header magic: !=3D ELF
[   34.222260][ T5306] Invalid ELF header magic: !=3D ELF
[   35.060372][ T5323] Invalid ELF header magic: !=3D ELF
[   35.093733][ T5322] Invalid ELF header magic: !=3D ELF
[   35.100462][ T5322] Invalid ELF header magic: !=3D ELF
[   35.109288][ T5320] Invalid ELF header magic: !=3D ELF
[   35.111687][ T5324] Invalid ELF header magic: !=3D ELF
[   35.227139][ T5306] Invalid ELF header magic: !=3D ELF
[   36.126358][ T5325] Invalid ELF header magic: !=3D ELF
[   36.229974][ T5306] Invalid ELF header magic: !=3D ELF
[   36.230932][ T5306] Invalid ELF header magic: !=3D ELF
[   36.231660][ T5306] Invalid ELF header magic: !=3D ELF
[   38.168575][ T5321] Invalid ELF header magic: !=3D ELF
[   39.126368][ T5320] Invalid ELF header magic: !=3D ELF
[   39.150290][ T5263] Invalid ELF header magic: !=3D ELF
[   39.152270][ T5325] Invalid ELF header magic: !=3D ELF
[   39.152830][ T5325] Invalid ELF header magic: !=3D ELF
[   40.162387][ T5325] Invalid ELF header magic: !=3D ELF
[   40.165657][ T5325] Invalid ELF header magic: !=3D ELF
[   40.174809][ T5263] Invalid ELF header magic: !=3D ELF
[   41.182994][ T5321] Invalid ELF header magic: !=3D ELF
[   41.203045][ T5329] Invalid ELF header magic: !=3D ELF
[   42.058246][ T5325] Invalid ELF header magic: !=3D ELF
[   42.059380][ T5325] Invalid ELF header magic: !=3D ELF
[   42.066113][ T5325] Invalid ELF header magic: !=3D ELF
[   42.210127][ T5329] Invalid ELF header magic: !=3D ELF
[   43.073810][ T5325] Invalid ELF header magic: !=3D ELF
[   43.148946][ T5328] Invalid ELF header magic: !=3D ELF
[   43.192374][ T5321] Invalid ELF header magic: !=3D ELF
[   43.199122][ T5321] Invalid ELF header magic: !=3D ELF
[   43.211915][ T5329] Invalid ELF header magic: !=3D ELF
[   44.170655][ T5327] Invalid ELF header magic: !=3D ELF
[   44.220880][ T5330] Invalid ELF header magic: !=3D ELF
[   44.321324][ T5326] Invalid ELF header magic: !=3D ELF
[   45.082183][ T5325] Invalid ELF header magic: !=3D ELF
[   45.229898][ T5321] Invalid ELF header magic: !=3D ELF
[   45.231042][ T5321] Invalid ELF header magic: !=3D ELF
[   46.421830][ T5331] Invalid ELF header magic: !=3D ELF
[   47.084258][ T5325] Invalid ELF header magic: !=3D ELF
[   47.175216][ T5332] Invalid ELF header magic: !=3D ELF
[   47.178225][ T5327] Invalid ELF header magic: !=3D ELF
[   48.176976][ T5332] Invalid ELF header magic: !=3D ELF
[   48.254305][ T5321] Invalid ELF header magic: !=3D ELF
[   49.182596][ T5327] Invalid ELF header magic: !=3D ELF
[   49.183143][ T5327] Invalid ELF header magic: !=3D ELF
[   49.199024][ T5327] Invalid ELF header magic: !=3D ELF
[   49.254173][ T5330] Invalid ELF header magic: !=3D ELF
[   49.279851][ T5321] Invalid ELF header magic: !=3D ELF
[   49.280521][ T5321] Invalid ELF header magic: !=3D ELF
[   49.286593][ T5321] Invalid ELF header magic: !=3D ELF
[   50.194329][ T5333] Invalid ELF header magic: !=3D ELF
[   50.194979][ T5333] Invalid ELF header magic: !=3D ELF
[   50.220417][ T5333] Invalid ELF header magic: !=3D ELF
[   50.439746][ T5331] Invalid ELF header magic: !=3D ELF
[   51.320188][ T5337] Invalid ELF header magic: !=3D ELF
[   51.448366][ T5331] Invalid ELF header magic: !=3D ELF
[   52.238007][ T5339] Invalid ELF header magic: !=3D ELF
[   53.091581][ T5339] Invalid ELF header magic: !=3D ELF
[   53.097848][ T5339] Invalid ELF header magic: !=3D ELF
[   53.099502][ T5339] Invalid ELF header magic: !=3D ELF
[   53.482300][ T5331] Invalid ELF header magic: !=3D ELF
[   53.483254][ T5331] Invalid ELF header magic: !=3D ELF
[   54.270193][ T5330] Invalid ELF header magic: !=3D ELF
[   54.272082][ T5330] Invalid ELF header magic: !=3D ELF
[   55.107871][ T5339] Invalid ELF header magic: !=3D ELF
[   55.484549][ T5331] Invalid ELF header magic: !=3D ELF
[   55.485181][ T5331] Invalid ELF header magic: !=3D ELF
[   56.220306][ T5340] Invalid ELF header magic: !=3D ELF
[   56.279239][ T5330] Invalid ELF header magic: !=3D ELF
[   56.370266][ T5338] Invalid ELF header magic: !=3D ELF
[   57.063981][ T5339] Invalid ELF header magic: !=3D ELF
[   57.226318][ T5340] Invalid ELF header magic: !=3D ELF
[   58.084732][ T5341] Invalid ELF header magic: !=3D ELF
[   58.090737][ T5341] Invalid ELF header magic: !=3D ELF
[   58.091419][ T5341] Invalid ELF header magic: !=3D ELF
[   58.092189][ T5341] Invalid ELF header magic: !=3D ELF
[   58.093415][ T5341] Invalid ELF header magic: !=3D ELF
[   58.286266][ T5330] Invalid ELF header magic: !=3D ELF
[   58.493307][ T5331] Invalid ELF header magic: !=3D ELF
[   59.254750][ T5333] Invalid ELF header magic: !=3D ELF
[   59.287051][ T5330] Invalid ELF header magic: !=3D ELF
[   59.298173][ T5343] Invalid ELF header magic: !=3D ELF
[   59.315281][ T5343] Invalid ELF header magic: !=3D ELF
[   59.315927][ T5343] Invalid ELF header magic: !=3D ELF
[   59.403672][ T5338] Invalid ELF header magic: !=3D ELF
[   60.405385][ T5338] Invalid ELF header magic: !=3D ELF
[   61.146259][ T5342] Invalid ELF header magic: !=3D ELF
[   61.195438][ T5345] Invalid ELF header magic: !=3D ELF
[   61.199237][ T5346] Invalid ELF header magic: !=3D ELF
[   61.200254][ T5346] Invalid ELF header magic: !=3D ELF
[   61.242566][ T5340] Invalid ELF header magic: !=3D ELF
[   61.510912][ T5344] Invalid ELF header magic: !=3D ELF
[   62.208793][ T5346] Invalid ELF header magic: !=3D ELF
[   62.244519][ T5340] Invalid ELF header magic: !=3D ELF
[   62.280069][ T5347] Invalid ELF header magic: !=3D ELF
[   62.285950][ T5347] Invalid ELF header magic: !=3D ELF
[   62.297388][ T5347] Invalid ELF header magic: !=3D ELF
[   62.330105][ T5343] Invalid ELF header magic: !=3D ELF
[   63.416336][ T5338] Invalid ELF header magic: !=3D ELF
[   63.422616][ T5338] Invalid ELF header magic: !=3D ELF
[   63.423217][ T5338] Invalid ELF header magic: !=3D ELF
[   63.424301][ T5338] Invalid ELF header magic: !=3D ELF
[   64.253943][ T5348] Invalid ELF header magic: !=3D ELF
[   65.230366][ T5346] Invalid ELF header magic: !=3D ELF
[   65.233395][ T5346] Invalid ELF header magic: !=3D ELF
[   65.260100][ T5333] Invalid ELF header magic: !=3D ELF
[   65.435690][ T5338] Invalid ELF header magic: !=3D ELF
[   65.442281][ T5338] Invalid ELF header magic: !=3D ELF
[   66.264479][ T5333] Invalid ELF header magic: !=3D ELF
[   66.282102][ T5348] Invalid ELF header magic: !=3D ELF
[   66.308783][ T5348] Invalid ELF header magic: !=3D ELF
[   66.313904][ T5348] Invalid ELF header magic: !=3D ELF
[   66.354782][ T5343] Invalid ELF header magic: !=3D ELF
[   66.356346][ T5343] Invalid ELF header magic: !=3D ELF
[   67.445782][ T5338] Invalid ELF header magic: !=3D ELF
[   67.451375][ T5338] Invalid ELF header magic: !=3D ELF
[   68.286387][ T5349] Invalid ELF header magic: !=3D ELF
[   68.335387][ T5350] Invalid ELF header magic: !=3D ELF
[   68.338206][ T5350] Invalid ELF header magic: !=3D ELF
[   68.535761][ T5344] Invalid ELF header magic: !=3D ELF
[   69.333770][ T5353] Invalid ELF header magic: !=3D ELF
[   69.378232][ T5347] Invalid ELF header magic: !=3D ELF
[   70.293608][ T5349] Invalid ELF header magic: !=3D ELF
[   70.294323][ T5349] Invalid ELF header magic: !=3D ELF
[   70.384330][ T5347] Invalid ELF header magic: !=3D ELF
[   70.612764][ T5352] Invalid ELF header magic: !=3D ELF
[   71.296617][ T5349] Invalid ELF header magic: !=3D ELF
[   71.297121][ T5349] Invalid ELF header magic: !=3D ELF
[   71.623098][ T5352] Invalid ELF header magic: !=3D ELF
[   72.303379][ T5349] Invalid ELF header magic: !=3D ELF
[   72.309750][ T5349] Invalid ELF header magic: !=3D ELF
[   72.417090][ T5347] Invalid ELF header magic: !=3D ELF
[   72.627427][ T5352] Invalid ELF header magic: !=3D ELF
[   72.629309][ T5352] Invalid ELF header magic: !=3D ELF
[   74.323954][ T5349] Invalid ELF header magic: !=3D ELF
[   74.382244][ T5353] Invalid ELF header magic: !=3D ELF
[   74.384265][ T5354] Invalid ELF header magic: !=3D ELF
[   75.394581][ T5354] Invalid ELF header magic: !=3D ELF
[   75.569792][ T5356] Invalid ELF header magic: !=3D ELF
[   75.659361][ T5355] Invalid ELF header magic: !=3D ELF
[   76.370410][ T5350] Invalid ELF header magic: !=3D ELF
[   76.416470][ T5359] Invalid ELF header magic: !=3D ELF
[   76.418249][ T5359] Invalid ELF header magic: !=3D ELF
[   76.869124][ T5349] Invalid ELF header magic: !=3D ELF
[   77.394402][ T5353] Invalid ELF header magic: !=3D ELF
[   77.395676][ T5353] Invalid ELF header magic: !=3D ELF
[   77.432829][ T5347] Invalid ELF header magic: !=3D ELF
[   77.599261][ T5356] Invalid ELF header magic: !=3D ELF
[   77.678894][ T5355] Invalid ELF header magic: !=3D ELF
[   79.409217][ T5353] Invalid ELF header magic: !=3D ELF
[   79.418691][ T5353] Invalid ELF header magic: !=3D ELF
[   79.428272][ T5360] Invalid ELF header magic: !=3D ELF
[   79.449534][ T5359] Invalid ELF header magic: !=3D ELF
[   80.058269][ T5349] Invalid ELF header magic: !=3D ELF
[   80.393443][ T5350] Invalid ELF header magic: !=3D ELF
[   80.457575][ T5359] Invalid ELF header magic: !=3D ELF
[   80.463688][ T5359] Invalid ELF header magic: !=3D ELF
[   80.464488][ T5359] Invalid ELF header magic: !=3D ELF
[   80.491610][ T5361] Invalid ELF header magic: !=3D ELF
[   80.603683][ T5356] Invalid ELF header magic: !=3D ELF
[   81.433486][ T5350] Invalid ELF header magic: !=3D ELF
[   81.451583][ T5347] Invalid ELF header magic: !=3D ELF
[   82.456720][ T5347] Invalid ELF header magic: !=3D ELF
[   82.470899][ T5347] Invalid ELF header magic: !=3D ELF
[   82.490344][ T5359] Invalid ELF header magic: !=3D ELF
[   82.531296][ T5364] Invalid ELF header magic: !=3D ELF
[   83.540140][ T5364] Invalid ELF header magic: !=3D ELF
[   83.545502][ T5364] Invalid ELF header magic: !=3D ELF
[   83.629244][ T5356] Invalid ELF header magic: !=3D ELF
[   84.524214][ T5365] Invalid ELF header magic: !=3D ELF
[   84.529702][ T5365] Invalid ELF header magic: !=3D ELF
[   84.530237][ T5365] Invalid ELF header magic: !=3D ELF
[   85.715067][ T5355] Invalid ELF header magic: !=3D ELF
[   86.451506][ T5363] Invalid ELF header magic: !=3D ELF
[   86.544741][ T5362] Invalid ELF header magic: !=3D ELF
[   86.550359][ T5366] Invalid ELF header magic: !=3D ELF
[   86.552773][ T5366] Invalid ELF header magic: !=3D ELF
[   86.556978][ T5366] Invalid ELF header magic: !=3D ELF
[   86.574051][ T5366] Invalid ELF header magic: !=3D ELF
[   86.574904][ T5366] Invalid ELF header magic: !=3D ELF
[   87.070308][ T5349] Invalid ELF header magic: !=3D ELF
[   87.126776][ T5349] Invalid ELF header magic: !=3D ELF
[   87.127442][ T5349] scsi_nl_rcv_msg: discarding partial skb
[   88.460810][ T5363] Invalid ELF header magic: !=3D ELF
[   88.462566][ T5363] Invalid ELF header magic: !=3D ELF
[   88.554883][ T5362] Invalid ELF header magic: !=3D ELF
[   88.556693][ T5362] Invalid ELF header magic: !=3D ELF
[   88.559829][ T5362] Invalid ELF header magic: !=3D ELF
[   88.734485][ T5355] Invalid ELF header magic: !=3D ELF
[   89.588064][ T5366] Invalid ELF header magic: !=3D ELF
[   89.591926][ T5366] Invalid ELF header magic: !=3D ELF
[   89.596505][ T5366] Invalid ELF header magic: !=3D ELF
[   90.466241][ T5363] Invalid ELF header magic: !=3D ELF
[   90.587716][ T5368] Invalid ELF header magic: !=3D ELF
[   90.780954][ T5355] Invalid ELF header magic: !=3D ELF
[   90.783317][ T5355] Invalid ELF header magic: !=3D ELF
[   91.475466][ T5363] Invalid ELF header magic: !=3D ELF
[   91.480938][ T5363] Invalid ELF header magic: !=3D ELF
[   91.484755][ T5363] Invalid ELF header magic: !=3D ELF
[   91.601949][ T5366] Invalid ELF header magic: !=3D ELF
[   91.790332][ T5355] Invalid ELF header magic: !=3D ELF
[   92.070498][ T5367] Invalid ELF header magic: !=3D ELF
[   92.555074][ T5364] Invalid ELF header magic: !=3D ELF
[   93.557215][ T5364] Invalid ELF header magic: !=3D ELF
[   93.602353][ T5364] Invalid ELF header magic: !=3D ELF
[   93.603930][ T5368] Invalid ELF header magic: !=3D ELF
[   93.604014][ T5364] Invalid ELF header magic: !=3D ELF
[   93.609616][ T5364] Invalid ELF header magic: !=3D ELF
[   93.611300][ T5364] Invalid ELF header magic: !=3D ELF
[   93.677024][ T5356] Invalid ELF header magic: !=3D ELF
[   94.061817][ T5363] Invalid ELF header magic: !=3D ELF
[   94.091525][ T5367] Invalid ELF header magic: !=3D ELF
[   94.612666][ T5364] Invalid ELF header magic: !=3D ELF
[   94.652196][ T5368] Invalid ELF header magic: !=3D ELF
[   94.653322][ T5368] Invalid ELF header magic: !=3D ELF
[   94.654800][ T5368] Invalid ELF header magic: !=3D ELF
[   95.069654][ T5363] Invalid ELF header magic: !=3D ELF
[   95.075925][ T5363] Invalid ELF header magic: !=3D ELF
[   95.110447][ T5369] Invalid ELF header magic: !=3D ELF
[   95.613558][ T5364] Invalid ELF header magic: !=3D ELF
[   95.614479][ T5364] Invalid ELF header magic: !=3D ELF
[   95.615119][ T5364] Invalid ELF header magic: !=3D ELF
[   95.657829][ T5368] Invalid ELF header magic: !=3D ELF
[   95.664809][ T5368] Invalid ELF header magic: !=3D ELF
[   95.773033][ T5371] Invalid ELF header magic: !=3D ELF
[   96.777226][ T5371] Invalid ELF header magic: !=3D ELF
[   96.787305][ T5371] Invalid ELF header magic: !=3D ELF
[   97.091757][ T5363] Invalid ELF header magic: !=3D ELF
[   97.093391][ T5363] Invalid ELF header magic: !=3D ELF
[   97.646917][ T5366] Invalid ELF header magic: !=3D ELF
[   97.671833][ T5368] Invalid ELF header magic: !=3D ELF
[   97.674225][ T5368] Invalid ELF header magic: !=3D ELF
[   98.680131][ T5368] Invalid ELF header magic: !=3D ELF
[   98.681609][ T5368] Invalid ELF header magic: !=3D ELF
[   98.682619][ T5368] Invalid ELF header magic: !=3D ELF
[   98.824300][ T5371] Invalid ELF header magic: !=3D ELF
[   99.104732][ T5363] Invalid ELF header magic: !=3D ELF
[   99.679506][ T5366] Invalid ELF header magic: !=3D ELF
[   99.690132][ T5364] Invalid ELF header magic: !=3D ELF
[   99.692871][ T5368] Invalid ELF header magic: !=3D ELF
