Return-Path: <linux-fsdevel+bounces-41057-lists+linux-fsdevel=lfdr.de@vger.kernel.org>
X-Original-To: lists+linux-fsdevel@lfdr.de
Delivered-To: lists+linux-fsdevel@lfdr.de
Received: from sy.mirrors.kernel.org (sy.mirrors.kernel.org [IPv6:2604:1380:40f1:3f00::1])
	by mail.lfdr.de (Postfix) with ESMTPS id D622FA2A659
	for <lists+linux-fsdevel@lfdr.de>; Thu,  6 Feb 2025 11:54:53 +0100 (CET)
Received: from smtp.subspace.kernel.org (relay.kernel.org [52.25.139.140])
	(using TLSv1.2 with cipher ECDHE-ECDSA-AES256-GCM-SHA384 (256/256 bits))
	(No client certificate requested)
	by sy.mirrors.kernel.org (Postfix) with ESMTPS id 2726F7A1B7D
	for <lists+linux-fsdevel@lfdr.de>; Thu,  6 Feb 2025 10:53:57 +0000 (UTC)
Received: from localhost.localdomain (localhost.localdomain [127.0.0.1])
	by smtp.subspace.kernel.org (Postfix) with ESMTP id 49A6422758B;
	Thu,  6 Feb 2025 10:54:25 +0000 (UTC)
Authentication-Results: smtp.subspace.kernel.org;
	dkim=pass (2048-bit key) header.d=heusel.eu header.i=christian@heusel.eu header.b="DvHlPtWx"
X-Original-To: linux-fsdevel@vger.kernel.org
Received: from mout.kundenserver.de (mout.kundenserver.de [212.227.126.133])
	(using TLSv1.2 with cipher ECDHE-RSA-AES256-GCM-SHA384 (256/256 bits))
	(No client certificate requested)
	by smtp.subspace.kernel.org (Postfix) with ESMTPS id D1476227580;
	Thu,  6 Feb 2025 10:54:12 +0000 (UTC)
Authentication-Results: smtp.subspace.kernel.org; arc=none smtp.client-ip=212.227.126.133
ARC-Seal:i=1; a=rsa-sha256; d=subspace.kernel.org; s=arc-20240116;
	t=1738839264; cv=none; b=afKUx7GAH2/qPQ3xkyu14Bu9w0vS/Nqw6OrPm3R44kPZ1RAvCleu7V02KTC18YuV4vhbZbxWIihno6dbcD6U57NAcpVuTxA7F3prGoh0+oa3pP4Ob23pFJlT8aw/DXZkpumIXJFSNNZOd4nMyOXzfcWUqXOQSowQYXGcMGobuac=
ARC-Message-Signature:i=1; a=rsa-sha256; d=subspace.kernel.org;
	s=arc-20240116; t=1738839264; c=relaxed/simple;
	bh=ecBLWbFlGgTe7jkhUolhscOAYW7hHiUSCSYGL/lgH6Q=;
	h=Date:From:To:Cc:Subject:Message-ID:MIME-Version:Content-Type:
	 Content-Disposition; b=H5sUE4ZY7IB59Gvo0S+q+ZZ1wPgD4PWtrW8QIn9M3S+dvsRoD6jNembLDAkmnfIBIzl5VdIkO+qUxwcKUFFF1Tf3V6Nxr7kspOznxx2CYzHDfUxDcMeRxVojg6dQJ20bp4r2dRMjtySn2kCgeQdwSe6TlL5o8P5eUziSP1bA2Mw=
ARC-Authentication-Results:i=1; smtp.subspace.kernel.org; dmarc=none (p=none dis=none) header.from=heusel.eu; spf=pass smtp.mailfrom=heusel.eu; dkim=pass (2048-bit key) header.d=heusel.eu header.i=christian@heusel.eu header.b=DvHlPtWx; arc=none smtp.client-ip=212.227.126.133
Authentication-Results: smtp.subspace.kernel.org; dmarc=none (p=none dis=none) header.from=heusel.eu
Authentication-Results: smtp.subspace.kernel.org; spf=pass smtp.mailfrom=heusel.eu
DKIM-Signature: v=1; a=rsa-sha256; c=relaxed/relaxed; d=heusel.eu;
	s=s1-ionos; t=1738839235; x=1739444035; i=christian@heusel.eu;
	bh=PaDCg/42ZOzIs+EkyKGX5gcoxqb7gauMs9lZCRAKsJg=;
	h=X-UI-Sender-Class:Date:From:To:Cc:Subject:Message-ID:
	 MIME-Version:Content-Type:cc:content-transfer-encoding:
	 content-type:date:from:message-id:mime-version:reply-to:subject:
	 to;
	b=DvHlPtWx3DZtPAnaiQPNnWoSMlz0W0oGaQzYJSwKJ009/Lv3caO+ul0PPBnx80rb
	 8ZsyXkgaaVkgRWLIN570CkAI6hW0fZnY5Ng8Ra8MEV3aCp1wlF3Srv3PLPDX0aPgB
	 nKWhseyhWv21WHt14OukXf+ghxJDPsjcoZXYYJVXHuxCwt6/uZNU1gtMw3UEz/Ksl
	 xBG14KpHqUF3mQk9yYownw+WeJUFa3vA/c76opVlngtLnu8lyerjTLnmxxTO4JWHn
	 JqL9oMoh7l9jyBatBHjwzLWzwxhG0u4tQN0P8gd6lzZ5nYbb8SAPVIwt3tghwq6mP
	 +y8X2D3HEr8EkLYgWw==
X-UI-Sender-Class: 55c96926-9e95-11ee-ae09-1f7a4046a0f6
Received: from localhost ([141.70.80.5]) by mrelayeu.kundenserver.de (mreue011
 [212.227.15.167]) with ESMTPSA (Nemesis) id 1Mo77T-1t5JGb2dD9-00eLCD; Thu, 06
 Feb 2025 11:53:54 +0100
Date: Thu, 6 Feb 2025 11:53:53 +0100
From: Christian Heusel <christian@heusel.eu>
To: Josef Bacik <josef@toxicpanda.com>, 
	Miklos Szeredi <mszeredi@redhat.com>
Cc: regressions@lists.linux.dev, linux-kernel@vger.kernel.org, 
	linux-fsdevel@vger.kernel.org
Subject: [REGRESSION][BISECTED] Crash with Bad page state for FUSE/Flatpak
 related applications since v6.13
Message-ID: <2f681f48-00f5-4e09-8431-2b3dbfaa881e@heusel.eu>
Precedence: bulk
X-Mailing-List: linux-fsdevel@vger.kernel.org
List-Id: <linux-fsdevel.vger.kernel.org>
List-Subscribe: <mailto:linux-fsdevel+subscribe@vger.kernel.org>
List-Unsubscribe: <mailto:linux-fsdevel+unsubscribe@vger.kernel.org>
MIME-Version: 1.0
Content-Type: multipart/signed; micalg=pgp-sha256;
	protocol="application/pgp-signature"; boundary="xqg47v3xy6vv4paz"
Content-Disposition: inline
X-Provags-ID: V03:K1:LtgCkhmKg5RJMyAidJ3BBRfDxS/3N4sQIAun4skTAWEFyxFJtZg
 DE1/DpssXR2HA6STRGBfNdN0v+Hf1MYPloE5mgSij3MktmKfKV0WF0ZJ7N8zBHvwlvMToaJ
 /DZUaz3oYbvZ7dmAJ/KiH0IOt75NzGHpAh8sgNbY0VK45eb5DlfwLM+NHH3uqFNsrvXrsXU
 9PahOIHZ6O2IoBAQ+Upwg==
X-Spam-Flag: NO
UI-OutboundReport: notjunk:1;M01:P0:9lP82Ua1OBI=;EdF5+nJHfxyCescVlwMkulKrQvC
 u8D1E7oxyWZ1TwrEzcwZRw0e9d4IXaNkkzhe+tGOQPk94/K6N3Hc8kGPibMEuZPUVhOCg+pMi
 n6Vd03oqIYlLaUDX0jSG1EtU22jCNqHwmeBfzr/6iqtwoN3HhPicr4HWDdM6MkFHwcRmt7G4U
 CeTjclaCpynqzIogu+yXlfstt7qMqV3ssOoUntZZDhHmjPL4m+F6bM6/zxCvzuiLJkyRKDMof
 Ozz5SJRZuFsD75xvMaw7M3wuVKlfkOP4uCKfe8+Xqaf89LrgqyitCFSFJM7SlV1lovDN6U9fG
 3d09xVtZ41W6Dlw8ynv2QyAIGYvEUr/bx3V6OGDD2IV9nVtbgNn/XcrwKP8h5sEfPHpZYFjeA
 oelGNsLnkCviQXuevmptEkubWCH0VOwGXGeAwbQMFKnKRPmr0CPqw5scZoP9Sc/TSwXALs3BF
 PhkXFhU2iUDuadpqim++wYhGk297kaQ8qtEx3GzagWFVlPLA28dy1d4PQEs6qoxmhuSiyjGHT
 wuQ2hlfrcCD6wxDk+q51pmtHpxLB1t8QjZZ9fEo1JJ1q3dVwYETpBz3r4dNWoCjsdF+3e9L1r
 ekT6ttlBBp/nSfZKpF48KkRZheZOEGlcKFYrZF/5BWpxsDsKrffuYXjqAKZVsA3TRcQT8f24L
 jgt6eXWAH2/2LvhcZBCVtPHueZTqtQR90wVeVgivnvYjYDxVjDdpIMz8jdFsMYNO8MhqKv/35
 RaHT032QMtj0f8qlbxyHMfq01hu9wAMv+DYQlFzbuBSQWG4Bbpl/XMDFAQf0o9spcn5dQ/A/b
 DhB+hbBjdwBw4HIJPQ7dySIrBgprA5+H85MAxnAXzzj1eiRYQdpk2sYjsYTO/YJzekfUtI4nv
 6ujmo01g5p85CSfSKVqH29tE5W3lO7H/wq1IpA9nevlZiAuxgNt5TnHvJnxPGh3XvCvP79t7V
 xDJnfpCIN0/Sok0WanYdAGtKi4xsND2ca9sh+osLOYeJMdoS/jvVzZlaMaN5rD0RTtfMSBbxy
 shyzlzJG5fOa6og/futs6gcS8+EI3th3ydtHJq1ROG5Sk+GD3Kt0LMDQ/g7tmtg4COiQb1Rvh
 KF5+WiJKA1LxKz6Oclzsc9w71lLGm5AICmWbc3nJC/xQuKMtcTZUCQHfAJNZUDbYNPdUGXAxL
 kzJJfgWrLaghFljtVd80jkx1QmWV1oRObEmXGo1Ug31SYm26oV4WCEBQNYmpAXWVZfbLZofXS
 oaFXOyu03iHrAzrXvfGzEBrbr/mHSKrkmGubySTquzEHaYJcGpFhxg846y2JGEncwgH3LjGow
 i64rDf2ZPXpro071ptmcai0Y/x4cL7Z2Tp77qmaT/3Reyp3ofS4j8GCKLP09AyA20kZEGAqGn
 NKk43VfUywaSWA/7MdFC/798cSJDp/4PFE66sdvcBzHpVIgzI+jLYNZjkS


--xqg47v3xy6vv4paz
Content-Type: text/plain; protected-headers=v1; charset=utf-8
Content-Disposition: inline
Content-Transfer-Encoding: quoted-printable
Subject: [REGRESSION][BISECTED] Crash with Bad page state for FUSE/Flatpak
 related applications since v6.13
MIME-Version: 1.0

Hello everyone,

we have recently received [a report][0] on the Arch Linux Gitlab about
multiple users having system crashes when using Flatpak programs and
related FUSE errors in their dmesg logs.

We have subsequently bisected the issue within the mainline kernel tree
to the following commit:

    3eab9d7bc2f4 ("fuse: convert readahead to use folios")

The error is still present in the latest mainline release 6.14-rc1 and
sadly testing a revert is not trivially possible due to conflicts.

I have attached a dmesg output from a boot where the failure occurs and
I'm happy to test any debug patches with the help of the other reporters
on our GitLab.

We also noticed that there already was [a discussion][1] about a related
commit but the fix for the issue back then 7a4f54187373 ("fuse: fix
direct io folio offset and length calculation") was already included in
the revisions we have tested.

Cheers,
Christian

[0]: https://gitlab.archlinux.org/archlinux/packaging/packages/linux/-/issu=
es/110
[1]: https://lore.kernel.org/all/p3iss6hssbvtdutnwmuddvdadubrhfkdoosgmbewvo=
674f7f3y@cwnwffjqltzw/

---

#regzbot link: https://gitlab.archlinux.org/archlinux/packaging/packages/li=
nux/-/issues/110
#regzbot introduced: 3eab9d7bc2f4
#regzbot title: fuse: Crashes with Bad page state when using Flatpaks

---

Feb 06 08:53:45 archvm kernel: Linux version 6.14.0-rc1-1-mainline (linux-m=
ainline@archlinux) (gcc (GCC) 14.2.1 20250128, GNU ld (GNU Binutils) 2.43.1=
) #1 SMP PREEMPT_DYNAMIC Mon, 03 Feb 2025 12:52:24 +0000
Feb 06 08:53:45 archvm kernel: Command line: initrd=3D\initramfs-linux-main=
line.img root=3D"LABEL=3DARCH" rw net.ifnames=3D0
Feb 06 08:53:45 archvm kernel: [Firmware Bug]: TSC doesn't count with P0 fr=
equency!
Feb 06 08:53:45 archvm kernel: BIOS-provided physical RAM map:
Feb 06 08:53:45 archvm kernel: BIOS-e820: [mem 0x0000000000000000-0x0000000=
00002ffff] usable
Feb 06 08:53:45 archvm kernel: BIOS-e820: [mem 0x0000000000030000-0x0000000=
00004ffff] reserved
Feb 06 08:53:45 archvm kernel: BIOS-e820: [mem 0x0000000000050000-0x0000000=
00009efff] usable
Feb 06 08:53:45 archvm kernel: BIOS-e820: [mem 0x000000000009f000-0x0000000=
00009ffff] reserved
Feb 06 08:53:45 archvm kernel: BIOS-e820: [mem 0x0000000000100000-0x0000000=
07e8ebfff] usable
Feb 06 08:53:45 archvm kernel: BIOS-e820: [mem 0x000000007e8ec000-0x0000000=
07eb6bfff] reserved
Feb 06 08:53:45 archvm kernel: BIOS-e820: [mem 0x000000007eb6c000-0x0000000=
07eb7dfff] ACPI data
Feb 06 08:53:45 archvm kernel: BIOS-e820: [mem 0x000000007eb7e000-0x0000000=
07ebfdfff] ACPI NVS
Feb 06 08:53:45 archvm kernel: BIOS-e820: [mem 0x000000007ebfe000-0x0000000=
07ef99fff] usable
Feb 06 08:53:45 archvm kernel: BIOS-e820: [mem 0x000000007ef9a000-0x0000000=
07ef9bfff] ACPI NVS
Feb 06 08:53:45 archvm kernel: BIOS-e820: [mem 0x000000007ef9c000-0x0000000=
07effffff] usable
Feb 06 08:53:45 archvm kernel: BIOS-e820: [mem 0x000000007f000000-0x0000000=
07fffffff] reserved
Feb 06 08:53:45 archvm kernel: BIOS-e820: [mem 0x00000000e0000000-0x0000000=
0efffffff] reserved
Feb 06 08:53:45 archvm kernel: BIOS-e820: [mem 0x00000000feffc000-0x0000000=
0feffffff] reserved
Feb 06 08:53:45 archvm kernel: BIOS-e820: [mem 0x000000fd00000000-0x000000f=
fffffffff] reserved
Feb 06 08:53:45 archvm kernel: NX (Execute Disable) protection: active
Feb 06 08:53:45 archvm kernel: APIC: Static calls initialized
Feb 06 08:53:45 archvm kernel: e820: update [mem 0x7bc2a018-0x7bc51457] usa=
ble =3D=3D> usable
Feb 06 08:53:45 archvm kernel: e820: update [mem 0x7bc09018-0x7bc29457] usa=
ble =3D=3D> usable
Feb 06 08:53:45 archvm kernel: extended physical RAM map:
Feb 06 08:53:45 archvm kernel: reserve setup_data: [mem 0x0000000000000000-=
0x000000000002ffff] usable
Feb 06 08:53:45 archvm kernel: reserve setup_data: [mem 0x0000000000030000-=
0x000000000004ffff] reserved
Feb 06 08:53:45 archvm kernel: reserve setup_data: [mem 0x0000000000050000-=
0x000000000009efff] usable
Feb 06 08:53:45 archvm kernel: reserve setup_data: [mem 0x000000000009f000-=
0x000000000009ffff] reserved
Feb 06 08:53:45 archvm kernel: reserve setup_data: [mem 0x0000000000100000-=
0x000000007bc09017] usable
Feb 06 08:53:45 archvm kernel: reserve setup_data: [mem 0x000000007bc09018-=
0x000000007bc29457] usable
Feb 06 08:53:45 archvm kernel: reserve setup_data: [mem 0x000000007bc29458-=
0x000000007bc2a017] usable
Feb 06 08:53:45 archvm kernel: reserve setup_data: [mem 0x000000007bc2a018-=
0x000000007bc51457] usable
Feb 06 08:53:45 archvm kernel: reserve setup_data: [mem 0x000000007bc51458-=
0x000000007e8ebfff] usable
Feb 06 08:53:45 archvm kernel: reserve setup_data: [mem 0x000000007e8ec000-=
0x000000007eb6bfff] reserved
Feb 06 08:53:45 archvm kernel: reserve setup_data: [mem 0x000000007eb6c000-=
0x000000007eb7dfff] ACPI data
Feb 06 08:53:45 archvm kernel: reserve setup_data: [mem 0x000000007eb7e000-=
0x000000007ebfdfff] ACPI NVS
Feb 06 08:53:45 archvm kernel: reserve setup_data: [mem 0x000000007ebfe000-=
0x000000007ef99fff] usable
Feb 06 08:53:45 archvm kernel: reserve setup_data: [mem 0x000000007ef9a000-=
0x000000007ef9bfff] ACPI NVS
Feb 06 08:53:45 archvm kernel: reserve setup_data: [mem 0x000000007ef9c000-=
0x000000007effffff] usable
Feb 06 08:53:45 archvm kernel: reserve setup_data: [mem 0x000000007f000000-=
0x000000007fffffff] reserved
Feb 06 08:53:45 archvm kernel: reserve setup_data: [mem 0x00000000e0000000-=
0x00000000efffffff] reserved
Feb 06 08:53:45 archvm kernel: reserve setup_data: [mem 0x00000000feffc000-=
0x00000000feffffff] reserved
Feb 06 08:53:45 archvm kernel: reserve setup_data: [mem 0x000000fd00000000-=
0x000000ffffffffff] reserved
Feb 06 08:53:45 archvm kernel: efi: EFI v2.7 by EDK II
Feb 06 08:53:45 archvm kernel: efi: SMBIOS=3D0x7e9d4000 ACPI=3D0x7eb7d000 A=
CPI 2.0=3D0x7eb7d014 MEMATTR=3D0x7d632018 RNG=3D0x7eb73f18 INITRD=3D0x7d633=
d18
Feb 06 08:53:45 archvm kernel: random: crng init done
Feb 06 08:53:45 archvm kernel: SMBIOS 2.8 present.
Feb 06 08:53:45 archvm kernel: DMI: QEMU Standard PC (Q35 + ICH9, 2009), BI=
OS unknown 02/02/2022
Feb 06 08:53:45 archvm kernel: DMI: Memory slots populated: 1/1
Feb 06 08:53:45 archvm kernel: Hypervisor detected: KVM
Feb 06 08:53:45 archvm kernel: kvm-clock: Using msrs 4b564d01 and 4b564d00
Feb 06 08:53:45 archvm kernel: kvm-clock: using sched offset of 17158487143=
 cycles
Feb 06 08:53:45 archvm kernel: clocksource: kvm-clock: mask: 0xffffffffffff=
ffff max_cycles: 0x1cd42e4dffb, max_idle_ns: 881590591483 ns
Feb 06 08:53:45 archvm kernel: tsc: Detected 3700.034 MHz processor
Feb 06 08:53:45 archvm kernel: e820: update [mem 0x00000000-0x00000fff] usa=
ble =3D=3D> reserved
Feb 06 08:53:45 archvm kernel: e820: remove [mem 0x000a0000-0x000fffff] usa=
ble
Feb 06 08:53:45 archvm kernel: last_pfn =3D 0x7f000 max_arch_pfn =3D 0x4000=
00000
Feb 06 08:53:45 archvm kernel: MTRR map: 4 entries (2 fixed + 2 variable; m=
ax 18), built from 8 variable MTRRs
Feb 06 08:53:45 archvm kernel: x86/PAT: Configuration [0-7]: WB  WC  UC- UC=
  WB  WP  UC- WT
Feb 06 08:53:45 archvm kernel: Using GB pages for direct mapping
Feb 06 08:53:45 archvm kernel: Secure boot disabled
Feb 06 08:53:45 archvm kernel: RAMDISK: [mem 0x7bc52000-0x7c6b9fff]
Feb 06 08:53:45 archvm kernel: ACPI: Early table checksum verification disa=
bled
Feb 06 08:53:45 archvm kernel: ACPI: RSDP 0x000000007EB7D014 000024 (v02 BO=
CHS )
Feb 06 08:53:45 archvm kernel: ACPI: XSDT 0x000000007EB7C0E8 00004C (v01 BO=
CHS  BXPC     00000001      01000013)
Feb 06 08:53:45 archvm kernel: ACPI: FACP 0x000000007EB78000 0000F4 (v03 BO=
CHS  BXPC     00000001 BXPC 00000001)
Feb 06 08:53:45 archvm kernel: ACPI: DSDT 0x000000007EB79000 002A44 (v01 BO=
CHS  BXPC     00000001 BXPC 00000001)
Feb 06 08:53:45 archvm kernel: ACPI: FACS 0x000000007EBDC000 000040
Feb 06 08:53:45 archvm kernel: ACPI: APIC 0x000000007EB77000 0000B0 (v03 BO=
CHS  BXPC     00000001 BXPC 00000001)
Feb 06 08:53:45 archvm kernel: ACPI: MCFG 0x000000007EB76000 00003C (v01 BO=
CHS  BXPC     00000001 BXPC 00000001)
Feb 06 08:53:45 archvm kernel: ACPI: WAET 0x000000007EB75000 000028 (v01 BO=
CHS  BXPC     00000001 BXPC 00000001)
Feb 06 08:53:45 archvm kernel: ACPI: BGRT 0x000000007EB74000 000038 (v01 IN=
TEL  EDK2     00000002      01000013)
Feb 06 08:53:45 archvm kernel: ACPI: Reserving FACP table memory at [mem 0x=
7eb78000-0x7eb780f3]
Feb 06 08:53:45 archvm kernel: ACPI: Reserving DSDT table memory at [mem 0x=
7eb79000-0x7eb7ba43]
Feb 06 08:53:45 archvm kernel: ACPI: Reserving FACS table memory at [mem 0x=
7ebdc000-0x7ebdc03f]
Feb 06 08:53:45 archvm kernel: ACPI: Reserving APIC table memory at [mem 0x=
7eb77000-0x7eb770af]
Feb 06 08:53:45 archvm kernel: ACPI: Reserving MCFG table memory at [mem 0x=
7eb76000-0x7eb7603b]
Feb 06 08:53:45 archvm kernel: ACPI: Reserving WAET table memory at [mem 0x=
7eb75000-0x7eb75027]
Feb 06 08:53:45 archvm kernel: ACPI: Reserving BGRT table memory at [mem 0x=
7eb74000-0x7eb74037]
Feb 06 08:53:45 archvm kernel: No NUMA configuration found
Feb 06 08:53:45 archvm kernel: Faking a node at [mem 0x0000000000000000-0x0=
00000007effffff]
Feb 06 08:53:45 archvm kernel: NODE_DATA(0) allocated [mem 0x7ef212c0-0x7ef=
4bfff]
Feb 06 08:53:45 archvm kernel: Zone ranges:
Feb 06 08:53:45 archvm kernel:   DMA      [mem 0x0000000000001000-0x0000000=
000ffffff]
Feb 06 08:53:45 archvm kernel:   DMA32    [mem 0x0000000001000000-0x0000000=
07effffff]
Feb 06 08:53:45 archvm kernel:   Normal   empty
Feb 06 08:53:45 archvm kernel:   Device   empty
Feb 06 08:53:45 archvm kernel: Movable zone start for each node
Feb 06 08:53:45 archvm kernel: Early memory node ranges
Feb 06 08:53:45 archvm kernel:   node   0: [mem 0x0000000000001000-0x000000=
000002ffff]
Feb 06 08:53:45 archvm kernel:   node   0: [mem 0x0000000000050000-0x000000=
000009efff]
Feb 06 08:53:45 archvm kernel:   node   0: [mem 0x0000000000100000-0x000000=
007e8ebfff]
Feb 06 08:53:45 archvm kernel:   node   0: [mem 0x000000007ebfe000-0x000000=
007ef99fff]
Feb 06 08:53:45 archvm kernel:   node   0: [mem 0x000000007ef9c000-0x000000=
007effffff]
Feb 06 08:53:45 archvm kernel: Initmem setup node 0 [mem 0x0000000000001000=
-0x000000007effffff]
Feb 06 08:53:45 archvm kernel: On node 0, zone DMA: 1 pages in unavailable =
ranges
Feb 06 08:53:45 archvm kernel: On node 0, zone DMA: 32 pages in unavailable=
 ranges
Feb 06 08:53:45 archvm kernel: On node 0, zone DMA: 97 pages in unavailable=
 ranges
Feb 06 08:53:45 archvm kernel: On node 0, zone DMA32: 786 pages in unavaila=
ble ranges
Feb 06 08:53:45 archvm kernel: On node 0, zone DMA32: 2 pages in unavailabl=
e ranges
Feb 06 08:53:45 archvm kernel: On node 0, zone DMA32: 4096 pages in unavail=
able ranges
Feb 06 08:53:45 archvm kernel: ACPI: PM-Timer IO Port: 0x608
Feb 06 08:53:45 archvm kernel: ACPI: LAPIC_NMI (acpi_id[0xff] dfl dfl lint[=
0x1])
Feb 06 08:53:45 archvm kernel: IOAPIC[0]: apic_id 0, version 17, address 0x=
fec00000, GSI 0-23
Feb 06 08:53:45 archvm kernel: ACPI: INT_SRC_OVR (bus 0 bus_irq 0 global_ir=
q 2 dfl dfl)
Feb 06 08:53:45 archvm kernel: ACPI: INT_SRC_OVR (bus 0 bus_irq 5 global_ir=
q 5 high level)
Feb 06 08:53:45 archvm kernel: ACPI: INT_SRC_OVR (bus 0 bus_irq 9 global_ir=
q 9 high level)
Feb 06 08:53:45 archvm kernel: ACPI: INT_SRC_OVR (bus 0 bus_irq 10 global_i=
rq 10 high level)
Feb 06 08:53:45 archvm kernel: ACPI: INT_SRC_OVR (bus 0 bus_irq 11 global_i=
rq 11 high level)
Feb 06 08:53:45 archvm kernel: ACPI: Using ACPI (MADT) for SMP configuratio=
n information
Feb 06 08:53:45 archvm kernel: e820: update [mem 0x7d16f000-0x7d177fff] usa=
ble =3D=3D> reserved
Feb 06 08:53:45 archvm kernel: TSC deadline timer available
Feb 06 08:53:45 archvm kernel: CPU topo: Max. logical packages:   1
Feb 06 08:53:45 archvm kernel: CPU topo: Max. logical dies:       1
Feb 06 08:53:45 archvm kernel: CPU topo: Max. dies per package:   1
Feb 06 08:53:45 archvm kernel: CPU topo: Max. threads per core:   2
Feb 06 08:53:45 archvm kernel: CPU topo: Num. cores per package:     4
Feb 06 08:53:45 archvm kernel: CPU topo: Num. threads per package:   8
Feb 06 08:53:45 archvm kernel: CPU topo: Allowing 8 present CPUs plus 0 hot=
plug CPUs
Feb 06 08:53:45 archvm kernel: kvm-guest: APIC: eoi() replaced with kvm_gue=
st_apic_eoi_write()
Feb 06 08:53:45 archvm kernel: kvm-guest: KVM setup pv remote TLB flush
Feb 06 08:53:45 archvm kernel: kvm-guest: setup PV sched yield
Feb 06 08:53:45 archvm kernel: PM: hibernation: Registered nosave memory: [=
mem 0x00000000-0x00000fff]
Feb 06 08:53:45 archvm kernel: PM: hibernation: Registered nosave memory: [=
mem 0x00030000-0x0004ffff]
Feb 06 08:53:45 archvm kernel: PM: hibernation: Registered nosave memory: [=
mem 0x0009f000-0x0009ffff]
Feb 06 08:53:45 archvm kernel: PM: hibernation: Registered nosave memory: [=
mem 0x000a0000-0x000fffff]
Feb 06 08:53:45 archvm kernel: PM: hibernation: Registered nosave memory: [=
mem 0x7bc09000-0x7bc09fff]
Feb 06 08:53:45 archvm kernel: PM: hibernation: Registered nosave memory: [=
mem 0x7bc29000-0x7bc29fff]
Feb 06 08:53:45 archvm kernel: PM: hibernation: Registered nosave memory: [=
mem 0x7bc2a000-0x7bc2afff]
Feb 06 08:53:45 archvm kernel: PM: hibernation: Registered nosave memory: [=
mem 0x7bc51000-0x7bc51fff]
Feb 06 08:53:45 archvm kernel: PM: hibernation: Registered nosave memory: [=
mem 0x7d16f000-0x7d177fff]
Feb 06 08:53:45 archvm kernel: PM: hibernation: Registered nosave memory: [=
mem 0x7e8ec000-0x7eb6bfff]
Feb 06 08:53:45 archvm kernel: PM: hibernation: Registered nosave memory: [=
mem 0x7eb6c000-0x7eb7dfff]
Feb 06 08:53:45 archvm kernel: PM: hibernation: Registered nosave memory: [=
mem 0x7eb7e000-0x7ebfdfff]
Feb 06 08:53:45 archvm kernel: PM: hibernation: Registered nosave memory: [=
mem 0x7ef9a000-0x7ef9bfff]
Feb 06 08:53:45 archvm kernel: [mem 0x80000000-0xdfffffff] available for PC=
I devices
Feb 06 08:53:45 archvm kernel: Booting paravirtualized kernel on KVM
Feb 06 08:53:45 archvm kernel: clocksource: refined-jiffies: mask: 0xffffff=
ff max_cycles: 0xffffffff, max_idle_ns: 1910969940391419 ns
Feb 06 08:53:45 archvm kernel: setup_percpu: NR_CPUS:8192 nr_cpumask_bits:8=
 nr_cpu_ids:8 nr_node_ids:1
Feb 06 08:53:45 archvm kernel: percpu: Embedded 67 pages/cpu s237568 r8192 =
d28672 u524288
Feb 06 08:53:45 archvm kernel: pcpu-alloc: s237568 r8192 d28672 u524288 all=
oc=3D1*2097152
Feb 06 08:53:45 archvm kernel: pcpu-alloc: [0] 0 1 2 3 [0] 4 5 6 7
Feb 06 08:53:45 archvm kernel: kvm-guest: PV spinlocks enabled
Feb 06 08:53:45 archvm kernel: PV qspinlock hash table entries: 256 (order:=
 0, 4096 bytes, linear)
Feb 06 08:53:45 archvm kernel: Kernel command line: initrd=3D\initramfs-lin=
ux-mainline.img root=3D"LABEL=3DARCH" rw net.ifnames=3D0
Feb 06 08:53:45 archvm kernel: printk: log buffer data + meta data: 131072 =
+ 458752 =3D 589824 bytes
Feb 06 08:53:45 archvm kernel: Dentry cache hash table entries: 262144 (ord=
er: 9, 2097152 bytes, linear)
Feb 06 08:53:45 archvm kernel: Inode-cache hash table entries: 131072 (orde=
r: 8, 1048576 bytes, linear)
Feb 06 08:53:45 archvm kernel: Fallback order for Node 0: 0
Feb 06 08:53:45 archvm kernel: Built 1 zonelists, mobility grouping on.  To=
tal pages: 519274
Feb 06 08:53:45 archvm kernel: Policy zone: DMA32
Feb 06 08:53:45 archvm kernel: mem auto-init: stack:all(zero), heap alloc:o=
n, heap free:off
Feb 06 08:53:45 archvm kernel: SLUB: HWalign=3D64, Order=3D0-3, MinObjects=
=3D0, CPUs=3D8, Nodes=3D1
Feb 06 08:53:45 archvm kernel: ftrace: allocating 51829 entries in 203 pages
Feb 06 08:53:45 archvm kernel: ftrace: allocated 203 pages with 5 groups
Feb 06 08:53:45 archvm kernel: Dynamic Preempt: full
Feb 06 08:53:45 archvm kernel: rcu: Preemptible hierarchical RCU implementa=
tion.
Feb 06 08:53:45 archvm kernel: rcu:         RCU restricting CPUs from NR_CP=
US=3D8192 to nr_cpu_ids=3D8.
Feb 06 08:53:45 archvm kernel: rcu:         RCU priority boosting: priority=
 1 delay 500 ms.
Feb 06 08:53:45 archvm kernel:         Trampoline variant of Tasks RCU enab=
led.
Feb 06 08:53:45 archvm kernel:         Rude variant of Tasks RCU enabled.
Feb 06 08:53:45 archvm kernel:         Tracing variant of Tasks RCU enabled.
Feb 06 08:53:45 archvm kernel: rcu: RCU calculated value of scheduler-enlis=
tment delay is 100 jiffies.
Feb 06 08:53:45 archvm kernel: rcu: Adjusting geometry for rcu_fanout_leaf=
=3D16, nr_cpu_ids=3D8
Feb 06 08:53:45 archvm kernel: RCU Tasks: Setting shift to 3 and lim to 1 r=
cu_task_cb_adjust=3D1 rcu_task_cpu_ids=3D8.
Feb 06 08:53:45 archvm kernel: RCU Tasks Rude: Setting shift to 3 and lim t=
o 1 rcu_task_cb_adjust=3D1 rcu_task_cpu_ids=3D8.
Feb 06 08:53:45 archvm kernel: RCU Tasks Trace: Setting shift to 3 and lim =
to 1 rcu_task_cb_adjust=3D1 rcu_task_cpu_ids=3D8.
Feb 06 08:53:45 archvm kernel: NR_IRQS: 524544, nr_irqs: 488, preallocated =
irqs: 16
Feb 06 08:53:45 archvm kernel: rcu: srcu_init: Setting srcu_struct sizes ba=
sed on contention.
Feb 06 08:53:45 archvm kernel: kfence: initialized - using 2097152 bytes fo=
r 255 objects at 0x(____ptrval____)-0x(____ptrval____)
Feb 06 08:53:45 archvm kernel: Console: colour dummy device 80x25
Feb 06 08:53:45 archvm kernel: printk: legacy console [tty0] enabled
Feb 06 08:53:45 archvm kernel: ACPI: Core revision 20240827
Feb 06 08:53:45 archvm kernel: APIC: Switch to symmetric I/O mode setup
Feb 06 08:53:45 archvm kernel: x2apic enabled
Feb 06 08:53:45 archvm kernel: APIC: Switched APIC routing to: physical x2a=
pic
Feb 06 08:53:45 archvm kernel: kvm-guest: APIC: send_IPI_mask() replaced wi=
th kvm_send_ipi_mask()
Feb 06 08:53:45 archvm kernel: kvm-guest: APIC: send_IPI_mask_allbutself() =
replaced with kvm_send_ipi_mask_allbutself()
Feb 06 08:53:45 archvm kernel: kvm-guest: setup PV IPIs
Feb 06 08:53:45 archvm kernel: clocksource: tsc-early: mask: 0xffffffffffff=
ffff max_cycles: 0x6aaaebaad24, max_idle_ns: 881591041906 ns
Feb 06 08:53:45 archvm kernel: Calibrating delay loop (skipped) preset valu=
e.. 7400.06 BogoMIPS (lpj=3D3700034)
Feb 06 08:53:45 archvm kernel: AMD Zen1 DIV0 bug detected. Disable SMT for =
full protection.
Feb 06 08:53:45 archvm kernel: Last level iTLB entries: 4KB 1024, 2MB 1024,=
 4MB 512
Feb 06 08:53:45 archvm kernel: Last level dTLB entries: 4KB 1536, 2MB 1536,=
 4MB 768, 1GB 0
Feb 06 08:53:45 archvm kernel: Spectre V1 : Mitigation: usercopy/swapgs bar=
riers and __user pointer sanitization
Feb 06 08:53:45 archvm kernel: Spectre V2 : Mitigation: Retpolines
Feb 06 08:53:45 archvm kernel: Spectre V2 : Spectre v2 / SpectreRSB mitigat=
ion: Filling RSB on context switch
Feb 06 08:53:45 archvm kernel: Spectre V2 : Spectre v2 / SpectreRSB : Filli=
ng RSB on VMEXIT
Feb 06 08:53:45 archvm kernel: Spectre V2 : Enabling Speculation Barrier fo=
r firmware calls
Feb 06 08:53:45 archvm kernel: RETBleed: Mitigation: untrained return thunk
Feb 06 08:53:45 archvm kernel: Spectre V2 : mitigation: Enabling conditiona=
l Indirect Branch Prediction Barrier
Feb 06 08:53:45 archvm kernel: Speculative Store Bypass: Mitigation: Specul=
ative Store Bypass disabled via prctl
Feb 06 08:53:45 archvm kernel: Speculative Return Stack Overflow: Mitigatio=
n: Safe RET
Feb 06 08:53:45 archvm kernel: x86/fpu: Supporting XSAVE feature 0x001: 'x8=
7 floating point registers'
Feb 06 08:53:45 archvm kernel: x86/fpu: Supporting XSAVE feature 0x002: 'SS=
E registers'
Feb 06 08:53:45 archvm kernel: x86/fpu: Supporting XSAVE feature 0x004: 'AV=
X registers'
Feb 06 08:53:45 archvm kernel: x86/fpu: xstate_offset[2]:  576, xstate_size=
s[2]:  256
Feb 06 08:53:45 archvm kernel: x86/fpu: Enabled xstate features 0x7, contex=
t size is 832 bytes, using 'compacted' format.
Feb 06 08:53:45 archvm kernel: Freeing SMP alternatives memory: 44K
Feb 06 08:53:45 archvm kernel: pid_max: default: 32768 minimum: 301
Feb 06 08:53:45 archvm kernel: LSM: initializing lsm=3Dcapability,landlock,=
lockdown,yama,bpf
Feb 06 08:53:45 archvm kernel: landlock: Up and running.
Feb 06 08:53:45 archvm kernel: Yama: becoming mindful.
Feb 06 08:53:45 archvm kernel: LSM support for eBPF active
Feb 06 08:53:45 archvm kernel: Mount-cache hash table entries: 4096 (order:=
 3, 32768 bytes, linear)
Feb 06 08:53:45 archvm kernel: Mountpoint-cache hash table entries: 4096 (o=
rder: 3, 32768 bytes, linear)
Feb 06 08:53:45 archvm kernel: smpboot: CPU0: AMD Ryzen 7 2700X Eight-Core =
Processor (family: 0x17, model: 0x8, stepping: 0x2)
Feb 06 08:53:45 archvm kernel: Performance Events: Fam17h+ core perfctr, AM=
D PMU driver.
Feb 06 08:53:45 archvm kernel: ... version:                0
Feb 06 08:53:45 archvm kernel: ... bit width:              48
Feb 06 08:53:45 archvm kernel: ... generic registers:      6
Feb 06 08:53:45 archvm kernel: ... value mask:             0000ffffffffffff
Feb 06 08:53:45 archvm kernel: ... max period:             00007fffffffffff
Feb 06 08:53:45 archvm kernel: ... fixed-purpose events:   0
Feb 06 08:53:45 archvm kernel: ... event mask:             000000000000003f
Feb 06 08:53:45 archvm kernel: signal: max sigframe size: 1776
Feb 06 08:53:45 archvm kernel: rcu: Hierarchical SRCU implementation.
Feb 06 08:53:45 archvm kernel: rcu:         Max phase no-delay instances is=
 400.
Feb 06 08:53:45 archvm kernel: Timer migration: 1 hierarchy levels; 8 child=
ren per group; 1 crossnode level
Feb 06 08:53:45 archvm kernel: smp: Bringing up secondary CPUs ...
Feb 06 08:53:45 archvm kernel: smpboot: x86: Booting SMP configuration:
Feb 06 08:53:45 archvm kernel: .... node  #0, CPUs:      #2 #4 #6 #1 #3 #5 =
#7
Feb 06 08:53:45 archvm kernel: smp: Brought up 1 node, 8 CPUs
Feb 06 08:53:45 archvm kernel: smpboot: Total of 8 processors activated (59=
200.54 BogoMIPS)
Feb 06 08:53:45 archvm kernel: Memory: 1965392K/2077096K available (17367K =
kernel code, 2681K rwdata, 14500K rodata, 4308K init, 3932K bss, 103332K re=
served, 0K cma-reserved)
Feb 06 08:53:45 archvm kernel: devtmpfs: initialized
Feb 06 08:53:45 archvm kernel: x86/mm: Memory block size: 128MB
Feb 06 08:53:45 archvm kernel: ACPI: PM: Registering ACPI NVS region [mem 0=
x7eb7e000-0x7ebfdfff] (524288 bytes)
Feb 06 08:53:45 archvm kernel: ACPI: PM: Registering ACPI NVS region [mem 0=
x7ef9a000-0x7ef9bfff] (8192 bytes)
Feb 06 08:53:45 archvm kernel: clocksource: jiffies: mask: 0xffffffff max_c=
ycles: 0xffffffff, max_idle_ns: 1911260446275000 ns
Feb 06 08:53:45 archvm kernel: futex hash table entries: 2048 (order: 5, 13=
1072 bytes, linear)
Feb 06 08:53:45 archvm kernel: pinctrl core: initialized pinctrl subsystem
Feb 06 08:53:45 archvm kernel: PM: RTC time: 21:53:41, date: 2025-02-05
Feb 06 08:53:45 archvm kernel: NET: Registered PF_NETLINK/PF_ROUTE protocol=
 family
Feb 06 08:53:45 archvm kernel: DMA: preallocated 256 KiB GFP_KERNEL pool fo=
r atomic allocations
Feb 06 08:53:45 archvm kernel: DMA: preallocated 256 KiB GFP_KERNEL|GFP_DMA=
 pool for atomic allocations
Feb 06 08:53:45 archvm kernel: DMA: preallocated 256 KiB GFP_KERNEL|GFP_DMA=
32 pool for atomic allocations
Feb 06 08:53:45 archvm kernel: audit: initializing netlink subsys (disabled)
Feb 06 08:53:45 archvm kernel: audit: type=3D2000 audit(1738792422.728:1): =
state=3Dinitialized audit_enabled=3D0 res=3D1
Feb 06 08:53:45 archvm kernel: thermal_sys: Registered thermal governor 'fa=
ir_share'
Feb 06 08:53:45 archvm kernel: thermal_sys: Registered thermal governor 'ba=
ng_bang'
Feb 06 08:53:45 archvm kernel: thermal_sys: Registered thermal governor 'st=
ep_wise'
Feb 06 08:53:45 archvm kernel: thermal_sys: Registered thermal governor 'us=
er_space'
Feb 06 08:53:45 archvm kernel: thermal_sys: Registered thermal governor 'po=
wer_allocator'
Feb 06 08:53:45 archvm kernel: cpuidle: using governor ladder
Feb 06 08:53:45 archvm kernel: cpuidle: using governor menu
Feb 06 08:53:45 archvm kernel: acpiphp: ACPI Hot Plug PCI Controller Driver=
 version: 0.5
Feb 06 08:53:45 archvm kernel: PCI: ECAM [mem 0xe0000000-0xefffffff] (base =
0xe0000000) for domain 0000 [bus 00-ff]
Feb 06 08:53:45 archvm kernel: PCI: Using configuration type 1 for base acc=
ess
Feb 06 08:53:45 archvm kernel: kprobes: kprobe jump-optimization is enabled=
=2E All kprobes are optimized if possible.
Feb 06 08:53:45 archvm kernel: HugeTLB: registered 1.00 GiB page size, pre-=
allocated 0 pages
Feb 06 08:53:45 archvm kernel: HugeTLB: 16380 KiB vmemmap can be freed for =
a 1.00 GiB page
Feb 06 08:53:45 archvm kernel: HugeTLB: registered 2.00 MiB page size, pre-=
allocated 0 pages
Feb 06 08:53:45 archvm kernel: HugeTLB: 28 KiB vmemmap can be freed for a 2=
=2E00 MiB page
Feb 06 08:53:45 archvm kernel: ACPI: Added _OSI(Module Device)
Feb 06 08:53:45 archvm kernel: ACPI: Added _OSI(Processor Device)
Feb 06 08:53:45 archvm kernel: ACPI: Added _OSI(3.0 _SCP Extensions)
Feb 06 08:53:45 archvm kernel: ACPI: Added _OSI(Processor Aggregator Device)
Feb 06 08:53:45 archvm kernel: ACPI: 1 ACPI AML tables successfully acquire=
d and loaded
Feb 06 08:53:45 archvm kernel: ACPI: Interpreter enabled
Feb 06 08:53:45 archvm kernel: ACPI: PM: (supports S0 S5)
Feb 06 08:53:45 archvm kernel: ACPI: Using IOAPIC for interrupt routing
Feb 06 08:53:45 archvm kernel: PCI: Using host bridge windows from ACPI; if=
 necessary, use "pci=3Dnocrs" and report a bug
Feb 06 08:53:45 archvm kernel: PCI: Using E820 reservations for host bridge=
 windows
Feb 06 08:53:45 archvm kernel: ACPI: Enabled 2 GPEs in block 00 to 3F
Feb 06 08:53:45 archvm kernel: ACPI: PCI Root Bridge [PCI0] (domain 0000 [b=
us 00-ff])
Feb 06 08:53:45 archvm kernel: acpi PNP0A08:00: _OSC: OS supports [Extended=
Config ASPM ClockPM Segments MSI EDR HPX-Type3]
Feb 06 08:53:45 archvm kernel: acpi PNP0A08:00: _OSC: platform does not sup=
port [PCIeHotplug LTR DPC]
Feb 06 08:53:45 archvm kernel: acpi PNP0A08:00: _OSC: OS now controls [SHPC=
Hotplug PME AER PCIeCapability]
Feb 06 08:53:45 archvm kernel: PCI host bridge to bus 0000:00
Feb 06 08:53:45 archvm kernel: pci_bus 0000:00: root bus resource [io  0x00=
00-0x0cf7 window]
Feb 06 08:53:45 archvm kernel: pci_bus 0000:00: root bus resource [io  0x0d=
00-0xffff window]
Feb 06 08:53:45 archvm kernel: pci_bus 0000:00: root bus resource [mem 0x00=
0a0000-0x000bffff window]
Feb 06 08:53:45 archvm kernel: pci_bus 0000:00: root bus resource [mem 0x80=
000000-0xdfffffff window]
Feb 06 08:53:45 archvm kernel: pci_bus 0000:00: root bus resource [mem 0xf0=
000000-0xfebfffff window]
Feb 06 08:53:45 archvm kernel: pci_bus 0000:00: root bus resource [mem 0x38=
0000000000-0x384fffffffff window]
Feb 06 08:53:45 archvm kernel: pci_bus 0000:00: root bus resource [bus 00-f=
f]
Feb 06 08:53:45 archvm kernel: pci 0000:00:00.0: [8086:29c0] type 00 class =
0x060000 conventional PCI endpoint
Feb 06 08:53:45 archvm kernel: pci 0000:00:01.0: [1b36:000c] type 01 class =
0x060400 PCIe Root Port
Feb 06 08:53:45 archvm kernel: pci 0000:00:01.0: BAR 0 [mem 0x8248e000-0x82=
48efff]
Feb 06 08:53:45 archvm kernel: pci 0000:00:01.0: PCI bridge to [bus 01]
Feb 06 08:53:45 archvm kernel: pci 0000:00:01.0:   bridge window [mem 0x822=
00000-0x823fffff]
Feb 06 08:53:45 archvm kernel: pci 0000:00:01.0:   bridge window [mem 0x380=
000000000-0x3807ffffffff 64bit pref]
Feb 06 08:53:45 archvm kernel: pci 0000:00:01.1: [1b36:000c] type 01 class =
0x060400 PCIe Root Port
Feb 06 08:53:45 archvm kernel: pci 0000:00:01.1: BAR 0 [mem 0x8248d000-0x82=
48dfff]
Feb 06 08:53:45 archvm kernel: pci 0000:00:01.1: PCI bridge to [bus 02]
Feb 06 08:53:45 archvm kernel: pci 0000:00:01.1:   bridge window [mem 0x820=
00000-0x821fffff]
Feb 06 08:53:45 archvm kernel: pci 0000:00:01.1:   bridge window [mem 0x380=
800000000-0x380fffffffff 64bit pref]
Feb 06 08:53:45 archvm kernel: pci 0000:00:01.2: [1b36:000c] type 01 class =
0x060400 PCIe Root Port
Feb 06 08:53:45 archvm kernel: pci 0000:00:01.2: BAR 0 [mem 0x8248c000-0x82=
48cfff]
Feb 06 08:53:45 archvm kernel: pci 0000:00:01.2: PCI bridge to [bus 03]
Feb 06 08:53:45 archvm kernel: pci 0000:00:01.2:   bridge window [mem 0x81e=
00000-0x81ffffff]
Feb 06 08:53:45 archvm kernel: pci 0000:00:01.2:   bridge window [mem 0x381=
000000000-0x3817ffffffff 64bit pref]
Feb 06 08:53:45 archvm kernel: pci 0000:00:01.3: [1b36:000c] type 01 class =
0x060400 PCIe Root Port
Feb 06 08:53:45 archvm kernel: pci 0000:00:01.3: BAR 0 [mem 0x8248b000-0x82=
48bfff]
Feb 06 08:53:45 archvm kernel: pci 0000:00:01.3: PCI bridge to [bus 04]
Feb 06 08:53:45 archvm kernel: pci 0000:00:01.3:   bridge window [mem 0x81c=
00000-0x81dfffff]
Feb 06 08:53:45 archvm kernel: pci 0000:00:01.3:   bridge window [mem 0x381=
800000000-0x381fffffffff 64bit pref]
Feb 06 08:53:45 archvm kernel: pci 0000:00:01.4: [1b36:000c] type 01 class =
0x060400 PCIe Root Port
Feb 06 08:53:45 archvm kernel: pci 0000:00:01.4: BAR 0 [mem 0x8248a000-0x82=
48afff]
Feb 06 08:53:45 archvm kernel: pci 0000:00:01.4: PCI bridge to [bus 05]
Feb 06 08:53:45 archvm kernel: pci 0000:00:01.4:   bridge window [mem 0x81a=
00000-0x81bfffff]
Feb 06 08:53:45 archvm kernel: pci 0000:00:01.4:   bridge window [mem 0x382=
000000000-0x3827ffffffff 64bit pref]
Feb 06 08:53:45 archvm kernel: pci 0000:00:01.5: [1b36:000c] type 01 class =
0x060400 PCIe Root Port
Feb 06 08:53:45 archvm kernel: pci 0000:00:01.5: BAR 0 [mem 0x82489000-0x82=
489fff]
Feb 06 08:53:45 archvm kernel: pci 0000:00:01.5: PCI bridge to [bus 06]
Feb 06 08:53:45 archvm kernel: pci 0000:00:01.5:   bridge window [mem 0x818=
00000-0x819fffff]
Feb 06 08:53:45 archvm kernel: pci 0000:00:01.5:   bridge window [mem 0x382=
800000000-0x382fffffffff 64bit pref]
Feb 06 08:53:45 archvm kernel: pci 0000:00:01.6: [1b36:000c] type 01 class =
0x060400 PCIe Root Port
Feb 06 08:53:45 archvm kernel: pci 0000:00:01.6: BAR 0 [mem 0x82488000-0x82=
488fff]
Feb 06 08:53:45 archvm kernel: pci 0000:00:01.6: PCI bridge to [bus 07]
Feb 06 08:53:45 archvm kernel: pci 0000:00:01.6:   bridge window [mem 0x816=
00000-0x817fffff]
Feb 06 08:53:45 archvm kernel: pci 0000:00:01.6:   bridge window [mem 0x383=
000000000-0x3837ffffffff 64bit pref]
Feb 06 08:53:45 archvm kernel: pci 0000:00:01.7: [1b36:000c] type 01 class =
0x060400 PCIe Root Port
Feb 06 08:53:45 archvm kernel: pci 0000:00:01.7: BAR 0 [mem 0x82487000-0x82=
487fff]
Feb 06 08:53:45 archvm kernel: pci 0000:00:01.7: PCI bridge to [bus 08]
Feb 06 08:53:45 archvm kernel: pci 0000:00:01.7:   bridge window [mem 0x814=
00000-0x815fffff]
Feb 06 08:53:45 archvm kernel: pci 0000:00:01.7:   bridge window [mem 0x383=
800000000-0x383fffffffff 64bit pref]
Feb 06 08:53:45 archvm kernel: pci 0000:00:02.0: [1b36:000c] type 01 class =
0x060400 PCIe Root Port
Feb 06 08:53:45 archvm kernel: pci 0000:00:02.0: BAR 0 [mem 0x82486000-0x82=
486fff]
Feb 06 08:53:45 archvm kernel: pci 0000:00:02.0: PCI bridge to [bus 09]
Feb 06 08:53:45 archvm kernel: pci 0000:00:02.0:   bridge window [io  0x600=
0-0x6fff]
Feb 06 08:53:45 archvm kernel: pci 0000:00:02.0:   bridge window [mem 0x800=
00000-0x810fffff]
Feb 06 08:53:45 archvm kernel: pci 0000:00:02.0:   bridge window [mem 0x384=
000000000-0x3847ffffffff 64bit pref]
Feb 06 08:53:45 archvm kernel: pci 0000:00:02.1: [1b36:000c] type 01 class =
0x060400 PCIe Root Port
Feb 06 08:53:45 archvm kernel: pci 0000:00:02.1: BAR 0 [mem 0x82485000-0x82=
485fff]
Feb 06 08:53:45 archvm kernel: pci 0000:00:02.1: PCI bridge to [bus 0a]
Feb 06 08:53:45 archvm kernel: pci 0000:00:02.1:   bridge window [mem 0x812=
00000-0x813fffff]
Feb 06 08:53:45 archvm kernel: pci 0000:00:02.1:   bridge window [mem 0x384=
800000000-0x384fffffffff 64bit pref]
Feb 06 08:53:45 archvm kernel: pci 0000:00:1b.0: [8086:293e] type 00 class =
0x040300 conventional PCI endpoint
Feb 06 08:53:45 archvm kernel: pci 0000:00:1b.0: BAR 0 [mem 0x82480000-0x82=
483fff]
Feb 06 08:53:45 archvm kernel: pci 0000:00:1f.0: [8086:2918] type 00 class =
0x060100 conventional PCI endpoint
Feb 06 08:53:45 archvm kernel: pci 0000:00:1f.0: quirk: [io  0x0600-0x067f]=
 claimed by ICH6 ACPI/GPIO/TCO
Feb 06 08:53:45 archvm kernel: pci 0000:00:1f.2: [8086:2922] type 00 class =
0x010601 conventional PCI endpoint
Feb 06 08:53:45 archvm kernel: pci 0000:00:1f.2: BAR 4 [io  0x7040-0x705f]
Feb 06 08:53:45 archvm kernel: pci 0000:00:1f.2: BAR 5 [mem 0x82484000-0x82=
484fff]
Feb 06 08:53:45 archvm kernel: pci 0000:00:1f.3: [8086:2930] type 00 class =
0x0c0500 conventional PCI endpoint
Feb 06 08:53:45 archvm kernel: pci 0000:00:1f.3: BAR 4 [io  0x7000-0x703f]
Feb 06 08:53:45 archvm kernel: acpiphp: Slot [0] registered
Feb 06 08:53:45 archvm kernel: pci 0000:01:00.0: [1af4:105a] type 00 class =
0x018000 PCIe Endpoint
Feb 06 08:53:45 archvm kernel: pci 0000:01:00.0: BAR 1 [mem 0x82200000-0x82=
200fff]
Feb 06 08:53:45 archvm kernel: pci 0000:01:00.0: BAR 4 [mem 0x380000000000-=
0x380000003fff 64bit pref]
Feb 06 08:53:45 archvm kernel: pci 0000:00:01.0: PCI bridge to [bus 01]
Feb 06 08:53:45 archvm kernel: acpiphp: Slot [0-2] registered
Feb 06 08:53:45 archvm kernel: pci 0000:02:00.0: [1af4:1041] type 00 class =
0x020000 PCIe Endpoint
Feb 06 08:53:45 archvm kernel: pci 0000:02:00.0: BAR 1 [mem 0x82000000-0x82=
000fff]
Feb 06 08:53:45 archvm kernel: pci 0000:02:00.0: BAR 4 [mem 0x380800000000-=
0x380800003fff 64bit pref]
Feb 06 08:53:45 archvm kernel: pci 0000:02:00.0: ROM [mem 0xfffc0000-0xffff=
ffff pref]
Feb 06 08:53:45 archvm kernel: pci 0000:00:01.1: PCI bridge to [bus 02]
Feb 06 08:53:45 archvm kernel: acpiphp: Slot [0-3] registered
Feb 06 08:53:45 archvm kernel: pci 0000:03:00.0: [1b36:000d] type 00 class =
0x0c0330 PCIe Endpoint
Feb 06 08:53:45 archvm kernel: pci 0000:03:00.0: BAR 0 [mem 0x81e00000-0x81=
e03fff 64bit]
Feb 06 08:53:45 archvm kernel: pci 0000:00:01.2: PCI bridge to [bus 03]
Feb 06 08:53:45 archvm kernel: acpiphp: Slot [0-4] registered
Feb 06 08:53:45 archvm kernel: pci 0000:04:00.0: [1af4:1043] type 00 class =
0x078000 PCIe Endpoint
Feb 06 08:53:45 archvm kernel: pci 0000:04:00.0: BAR 1 [mem 0x81c00000-0x81=
c00fff]
Feb 06 08:53:45 archvm kernel: pci 0000:04:00.0: BAR 4 [mem 0x381800000000-=
0x381800003fff 64bit pref]
Feb 06 08:53:45 archvm kernel: pci 0000:00:01.3: PCI bridge to [bus 04]
Feb 06 08:53:45 archvm kernel: acpiphp: Slot [0-5] registered
Feb 06 08:53:45 archvm kernel: pci 0000:05:00.0: [1af4:1042] type 00 class =
0x010000 PCIe Endpoint
Feb 06 08:53:45 archvm kernel: pci 0000:05:00.0: BAR 1 [mem 0x81a00000-0x81=
a00fff]
Feb 06 08:53:45 archvm kernel: pci 0000:05:00.0: BAR 4 [mem 0x382000000000-=
0x382000003fff 64bit pref]
Feb 06 08:53:45 archvm kernel: pci 0000:00:01.4: PCI bridge to [bus 05]
Feb 06 08:53:45 archvm kernel: acpiphp: Slot [0-6] registered
Feb 06 08:53:45 archvm kernel: pci 0000:06:00.0: [1af4:1044] type 00 class =
0x00ff00 PCIe Endpoint
Feb 06 08:53:45 archvm kernel: pci 0000:06:00.0: BAR 1 [mem 0x81800000-0x81=
800fff]
Feb 06 08:53:45 archvm kernel: pci 0000:06:00.0: BAR 4 [mem 0x382800000000-=
0x382800003fff 64bit pref]
Feb 06 08:53:45 archvm kernel: pci 0000:00:01.5: PCI bridge to [bus 06]
Feb 06 08:53:45 archvm kernel: acpiphp: Slot [0-7] registered
Feb 06 08:53:45 archvm kernel: pci 0000:07:00.0: [1af4:1052] type 00 class =
0x090000 PCIe Endpoint
Feb 06 08:53:45 archvm kernel: pci 0000:07:00.0: BAR 1 [mem 0x81600000-0x81=
600fff]
Feb 06 08:53:45 archvm kernel: pci 0000:07:00.0: BAR 4 [mem 0x383000000000-=
0x383000003fff 64bit pref]
Feb 06 08:53:45 archvm kernel: pci 0000:00:01.6: PCI bridge to [bus 07]
Feb 06 08:53:45 archvm kernel: acpiphp: Slot [0-8] registered
Feb 06 08:53:45 archvm kernel: pci 0000:08:00.0: [1af4:1052] type 00 class =
0x090200 PCIe Endpoint
Feb 06 08:53:45 archvm kernel: pci 0000:08:00.0: BAR 1 [mem 0x81400000-0x81=
400fff]
Feb 06 08:53:45 archvm kernel: pci 0000:08:00.0: BAR 4 [mem 0x383800000000-=
0x383800003fff 64bit pref]
Feb 06 08:53:45 archvm kernel: pci 0000:00:01.7: PCI bridge to [bus 08]
Feb 06 08:53:45 archvm kernel: acpiphp: Slot [0-9] registered
Feb 06 08:53:45 archvm kernel: pci 0000:09:00.0: [10de:1380] type 00 class =
0x030000 PCIe Legacy Endpoint
Feb 06 08:53:45 archvm kernel: pci 0000:09:00.0: BAR 0 [mem 0x80000000-0x80=
ffffff]
Feb 06 08:53:45 archvm kernel: pci 0000:09:00.0: BAR 1 [mem 0x384000000000-=
0x38400fffffff 64bit pref]
Feb 06 08:53:45 archvm kernel: pci 0000:09:00.0: BAR 3 [mem 0x384010000000-=
0x384011ffffff 64bit pref]
Feb 06 08:53:45 archvm kernel: pci 0000:09:00.0: BAR 5 [io  0x6000-0x607f]
Feb 06 08:53:45 archvm kernel: pci 0000:09:00.0: ROM [mem 0xfff80000-0xffff=
ffff pref]
Feb 06 08:53:45 archvm kernel: pci 0000:09:00.0: Max Payload Size set to 12=
8 (was 256, max 256)
Feb 06 08:53:45 archvm kernel: pci 0000:09:00.0: 16.000 Gb/s available PCIe=
 bandwidth, limited by 2.5 GT/s PCIe x8 link at 0000:00:02.0 (capable of 12=
6.016 Gb/s with 8.0 GT/s PCIe x16 link)
Feb 06 08:53:45 archvm kernel: pci 0000:09:00.1: [10de:0fbc] type 00 class =
0x040300 PCIe Endpoint
Feb 06 08:53:45 archvm kernel: pci 0000:09:00.1: BAR 0 [mem 0x81000000-0x81=
003fff]
Feb 06 08:53:45 archvm kernel: pci 0000:09:00.1: Max Payload Size set to 12=
8 (was 256, max 256)
Feb 06 08:53:45 archvm kernel: pci 0000:00:02.0: PCI bridge to [bus 09]
Feb 06 08:53:45 archvm kernel: acpiphp: Slot [0-10] registered
Feb 06 08:53:45 archvm kernel: pci 0000:00:02.1: PCI bridge to [bus 0a]
Feb 06 08:53:45 archvm kernel: ACPI: PCI: Interrupt link LNKA configured fo=
r IRQ 10
Feb 06 08:53:45 archvm kernel: ACPI: PCI: Interrupt link LNKB configured fo=
r IRQ 10
Feb 06 08:53:45 archvm kernel: ACPI: PCI: Interrupt link LNKC configured fo=
r IRQ 11
Feb 06 08:53:45 archvm kernel: ACPI: PCI: Interrupt link LNKD configured fo=
r IRQ 11
Feb 06 08:53:45 archvm kernel: ACPI: PCI: Interrupt link LNKE configured fo=
r IRQ 10
Feb 06 08:53:45 archvm kernel: ACPI: PCI: Interrupt link LNKF configured fo=
r IRQ 10
Feb 06 08:53:45 archvm kernel: ACPI: PCI: Interrupt link LNKG configured fo=
r IRQ 11
Feb 06 08:53:45 archvm kernel: ACPI: PCI: Interrupt link LNKH configured fo=
r IRQ 11
Feb 06 08:53:45 archvm kernel: ACPI: PCI: Interrupt link GSIA configured fo=
r IRQ 16
Feb 06 08:53:45 archvm kernel: ACPI: PCI: Interrupt link GSIB configured fo=
r IRQ 17
Feb 06 08:53:45 archvm kernel: ACPI: PCI: Interrupt link GSIC configured fo=
r IRQ 18
Feb 06 08:53:45 archvm kernel: ACPI: PCI: Interrupt link GSID configured fo=
r IRQ 19
Feb 06 08:53:45 archvm kernel: ACPI: PCI: Interrupt link GSIE configured fo=
r IRQ 20
Feb 06 08:53:45 archvm kernel: ACPI: PCI: Interrupt link GSIF configured fo=
r IRQ 21
Feb 06 08:53:45 archvm kernel: ACPI: PCI: Interrupt link GSIG configured fo=
r IRQ 22
Feb 06 08:53:45 archvm kernel: ACPI: PCI: Interrupt link GSIH configured fo=
r IRQ 23
Feb 06 08:53:45 archvm kernel: iommu: Default domain type: Translated
Feb 06 08:53:45 archvm kernel: iommu: DMA domain TLB invalidation policy: l=
azy mode
Feb 06 08:53:45 archvm kernel: SCSI subsystem initialized
Feb 06 08:53:45 archvm kernel: libata version 3.00 loaded.
Feb 06 08:53:45 archvm kernel: ACPI: bus type USB registered
Feb 06 08:53:45 archvm kernel: usbcore: registered new interface driver usb=
fs
Feb 06 08:53:45 archvm kernel: usbcore: registered new interface driver hub
Feb 06 08:53:45 archvm kernel: usbcore: registered new device driver usb
Feb 06 08:53:45 archvm kernel: EDAC MC: Ver: 3.0.0
Feb 06 08:53:45 archvm kernel: efivars: Registered efivars operations
Feb 06 08:53:45 archvm kernel: NetLabel: Initializing
Feb 06 08:53:45 archvm kernel: NetLabel:  domain hash size =3D 128
Feb 06 08:53:45 archvm kernel: NetLabel:  protocols =3D UNLABELED CIPSOv4 C=
ALIPSO
Feb 06 08:53:45 archvm kernel: NetLabel:  unlabeled traffic allowed by defa=
ult
Feb 06 08:53:45 archvm kernel: mctp: management component transport protoco=
l core
Feb 06 08:53:45 archvm kernel: NET: Registered PF_MCTP protocol family
Feb 06 08:53:45 archvm kernel: PCI: Using ACPI for IRQ routing
Feb 06 08:53:45 archvm kernel: PCI: pci_cache_line_size set to 64 bytes
Feb 06 08:53:45 archvm kernel: e820: reserve RAM buffer [mem 0x0009f000-0x0=
009ffff]
Feb 06 08:53:45 archvm kernel: e820: reserve RAM buffer [mem 0x7bc09018-0x7=
bffffff]
Feb 06 08:53:45 archvm kernel: e820: reserve RAM buffer [mem 0x7bc2a018-0x7=
bffffff]
Feb 06 08:53:45 archvm kernel: e820: reserve RAM buffer [mem 0x7d16f000-0x7=
fffffff]
Feb 06 08:53:45 archvm kernel: e820: reserve RAM buffer [mem 0x7e8ec000-0x7=
fffffff]
Feb 06 08:53:45 archvm kernel: e820: reserve RAM buffer [mem 0x7ef9a000-0x7=
fffffff]
Feb 06 08:53:45 archvm kernel: e820: reserve RAM buffer [mem 0x7f000000-0x7=
fffffff]
Feb 06 08:53:45 archvm kernel: pci 0000:09:00.0: vgaarb: setting as boot VG=
A device
Feb 06 08:53:45 archvm kernel: pci 0000:09:00.0: vgaarb: bridge control pos=
sible
Feb 06 08:53:45 archvm kernel: pci 0000:09:00.0: vgaarb: VGA device added: =
decodes=3Dio+mem,owns=3Dnone,locks=3Dnone
Feb 06 08:53:45 archvm kernel: vgaarb: loaded
Feb 06 08:53:45 archvm kernel: clocksource: Switched to clocksource kvm-clo=
ck
Feb 06 08:53:45 archvm kernel: VFS: Disk quotas dquot_6.6.0
Feb 06 08:53:45 archvm kernel: VFS: Dquot-cache hash table entries: 512 (or=
der 0, 4096 bytes)
Feb 06 08:53:45 archvm kernel: pnp: PnP ACPI init
Feb 06 08:53:45 archvm kernel: system 00:03: [mem 0xe0000000-0xefffffff win=
dow] has been reserved
Feb 06 08:53:45 archvm kernel: pnp: PnP ACPI: found 4 devices
Feb 06 08:53:45 archvm kernel: clocksource: acpi_pm: mask: 0xffffff max_cyc=
les: 0xffffff, max_idle_ns: 2085701024 ns
Feb 06 08:53:45 archvm kernel: NET: Registered PF_INET protocol family
Feb 06 08:53:45 archvm kernel: IP idents hash table entries: 32768 (order: =
6, 262144 bytes, linear)
Feb 06 08:53:45 archvm kernel: tcp_listen_portaddr_hash hash table entries:=
 1024 (order: 2, 16384 bytes, linear)
Feb 06 08:53:45 archvm kernel: Table-perturb hash table entries: 65536 (ord=
er: 6, 262144 bytes, linear)
Feb 06 08:53:45 archvm kernel: TCP established hash table entries: 16384 (o=
rder: 5, 131072 bytes, linear)
Feb 06 08:53:45 archvm kernel: TCP bind hash table entries: 16384 (order: 7=
, 524288 bytes, linear)
Feb 06 08:53:45 archvm kernel: TCP: Hash tables configured (established 163=
84 bind 16384)
Feb 06 08:53:45 archvm kernel: MPTCP token hash table entries: 2048 (order:=
 3, 49152 bytes, linear)
Feb 06 08:53:45 archvm kernel: UDP hash table entries: 1024 (order: 4, 6553=
6 bytes, linear)
Feb 06 08:53:45 archvm kernel: UDP-Lite hash table entries: 1024 (order: 4,=
 65536 bytes, linear)
Feb 06 08:53:45 archvm kernel: NET: Registered PF_UNIX/PF_LOCAL protocol fa=
mily
Feb 06 08:53:45 archvm kernel: NET: Registered PF_XDP protocol family
Feb 06 08:53:45 archvm kernel: pci 0000:02:00.0: ROM [mem 0xfffc0000-0xffff=
ffff pref]: can't claim; no compatible bridge window
Feb 06 08:53:45 archvm kernel: pci 0000:09:00.0: ROM [mem 0xfff80000-0xffff=
ffff pref]: can't claim; no compatible bridge window
Feb 06 08:53:45 archvm kernel: pci 0000:00:01.0: bridge window [io  0x1000-=
0x0fff] to [bus 01] add_size 1000
Feb 06 08:53:45 archvm kernel: pci 0000:00:01.1: bridge window [io  0x1000-=
0x0fff] to [bus 02] add_size 1000
Feb 06 08:53:45 archvm kernel: pci 0000:00:01.2: bridge window [io  0x1000-=
0x0fff] to [bus 03] add_size 1000
Feb 06 08:53:45 archvm kernel: pci 0000:00:01.3: bridge window [io  0x1000-=
0x0fff] to [bus 04] add_size 1000
Feb 06 08:53:45 archvm kernel: pci 0000:00:01.4: bridge window [io  0x1000-=
0x0fff] to [bus 05] add_size 1000
Feb 06 08:53:45 archvm kernel: pci 0000:00:01.5: bridge window [io  0x1000-=
0x0fff] to [bus 06] add_size 1000
Feb 06 08:53:45 archvm kernel: pci 0000:00:01.6: bridge window [io  0x1000-=
0x0fff] to [bus 07] add_size 1000
Feb 06 08:53:45 archvm kernel: pci 0000:00:01.7: bridge window [io  0x1000-=
0x0fff] to [bus 08] add_size 1000
Feb 06 08:53:45 archvm kernel: pci 0000:00:02.1: bridge window [io  0x1000-=
0x0fff] to [bus 0a] add_size 1000
Feb 06 08:53:45 archvm kernel: pci 0000:00:01.0: bridge window [io  0x1000-=
0x1fff]: assigned
Feb 06 08:53:45 archvm kernel: pci 0000:00:01.1: bridge window [io  0x2000-=
0x2fff]: assigned
Feb 06 08:53:45 archvm kernel: pci 0000:00:01.2: bridge window [io  0x3000-=
0x3fff]: assigned
Feb 06 08:53:45 archvm kernel: pci 0000:00:01.3: bridge window [io  0x4000-=
0x4fff]: assigned
Feb 06 08:53:45 archvm kernel: pci 0000:00:01.4: bridge window [io  0x5000-=
0x5fff]: assigned
Feb 06 08:53:45 archvm kernel: pci 0000:00:01.5: bridge window [io  0x8000-=
0x8fff]: assigned
Feb 06 08:53:45 archvm kernel: pci 0000:00:01.6: bridge window [io  0x9000-=
0x9fff]: assigned
Feb 06 08:53:45 archvm kernel: pci 0000:00:01.7: bridge window [io  0xa000-=
0xafff]: assigned
Feb 06 08:53:45 archvm kernel: pci 0000:00:02.1: bridge window [io  0xb000-=
0xbfff]: assigned
Feb 06 08:53:45 archvm kernel: pci 0000:00:01.0: PCI bridge to [bus 01]
Feb 06 08:53:45 archvm kernel: pci 0000:00:01.0:   bridge window [io  0x100=
0-0x1fff]
Feb 06 08:53:45 archvm kernel: pci 0000:00:01.0:   bridge window [mem 0x822=
00000-0x823fffff]
Feb 06 08:53:45 archvm kernel: pci 0000:00:01.0:   bridge window [mem 0x380=
000000000-0x3807ffffffff 64bit pref]
Feb 06 08:53:45 archvm kernel: pci 0000:02:00.0: ROM [mem 0x82040000-0x8207=
ffff pref]: assigned
Feb 06 08:53:45 archvm kernel: pci 0000:00:01.1: PCI bridge to [bus 02]
Feb 06 08:53:45 archvm kernel: pci 0000:00:01.1:   bridge window [io  0x200=
0-0x2fff]
Feb 06 08:53:45 archvm kernel: pci 0000:00:01.1:   bridge window [mem 0x820=
00000-0x821fffff]
Feb 06 08:53:45 archvm kernel: pci 0000:00:01.1:   bridge window [mem 0x380=
800000000-0x380fffffffff 64bit pref]
Feb 06 08:53:45 archvm kernel: pci 0000:00:01.2: PCI bridge to [bus 03]
Feb 06 08:53:45 archvm kernel: pci 0000:00:01.2:   bridge window [io  0x300=
0-0x3fff]
Feb 06 08:53:45 archvm kernel: pci 0000:00:01.2:   bridge window [mem 0x81e=
00000-0x81ffffff]
Feb 06 08:53:45 archvm kernel: pci 0000:00:01.2:   bridge window [mem 0x381=
000000000-0x3817ffffffff 64bit pref]
Feb 06 08:53:45 archvm kernel: pci 0000:00:01.3: PCI bridge to [bus 04]
Feb 06 08:53:45 archvm kernel: pci 0000:00:01.3:   bridge window [io  0x400=
0-0x4fff]
Feb 06 08:53:45 archvm kernel: pci 0000:00:01.3:   bridge window [mem 0x81c=
00000-0x81dfffff]
Feb 06 08:53:45 archvm kernel: pci 0000:00:01.3:   bridge window [mem 0x381=
800000000-0x381fffffffff 64bit pref]
Feb 06 08:53:45 archvm kernel: pci 0000:00:01.4: PCI bridge to [bus 05]
Feb 06 08:53:45 archvm kernel: pci 0000:00:01.4:   bridge window [io  0x500=
0-0x5fff]
Feb 06 08:53:45 archvm kernel: pci 0000:00:01.4:   bridge window [mem 0x81a=
00000-0x81bfffff]
Feb 06 08:53:45 archvm kernel: pci 0000:00:01.4:   bridge window [mem 0x382=
000000000-0x3827ffffffff 64bit pref]
Feb 06 08:53:45 archvm kernel: pci 0000:00:01.5: PCI bridge to [bus 06]
Feb 06 08:53:45 archvm kernel: pci 0000:00:01.5:   bridge window [io  0x800=
0-0x8fff]
Feb 06 08:53:45 archvm kernel: pci 0000:00:01.5:   bridge window [mem 0x818=
00000-0x819fffff]
Feb 06 08:53:45 archvm kernel: pci 0000:00:01.5:   bridge window [mem 0x382=
800000000-0x382fffffffff 64bit pref]
Feb 06 08:53:45 archvm kernel: pci 0000:00:01.6: PCI bridge to [bus 07]
Feb 06 08:53:45 archvm kernel: pci 0000:00:01.6:   bridge window [io  0x900=
0-0x9fff]
Feb 06 08:53:45 archvm kernel: pci 0000:00:01.6:   bridge window [mem 0x816=
00000-0x817fffff]
Feb 06 08:53:45 archvm kernel: pci 0000:00:01.6:   bridge window [mem 0x383=
000000000-0x3837ffffffff 64bit pref]
Feb 06 08:53:45 archvm kernel: pci 0000:00:01.7: PCI bridge to [bus 08]
Feb 06 08:53:45 archvm kernel: pci 0000:00:01.7:   bridge window [io  0xa00=
0-0xafff]
Feb 06 08:53:45 archvm kernel: pci 0000:00:01.7:   bridge window [mem 0x814=
00000-0x815fffff]
Feb 06 08:53:45 archvm kernel: pci 0000:00:01.7:   bridge window [mem 0x383=
800000000-0x383fffffffff 64bit pref]
Feb 06 08:53:45 archvm kernel: pci 0000:09:00.0: ROM [mem 0x81080000-0x810f=
ffff pref]: assigned
Feb 06 08:53:45 archvm kernel: pci 0000:00:02.0: PCI bridge to [bus 09]
Feb 06 08:53:45 archvm kernel: pci 0000:00:02.0:   bridge window [io  0x600=
0-0x6fff]
Feb 06 08:53:45 archvm kernel: pci 0000:00:02.0:   bridge window [mem 0x800=
00000-0x810fffff]
Feb 06 08:53:45 archvm kernel: pci 0000:00:02.0:   bridge window [mem 0x384=
000000000-0x3847ffffffff 64bit pref]
Feb 06 08:53:45 archvm kernel: pci 0000:00:02.1: PCI bridge to [bus 0a]
Feb 06 08:53:45 archvm kernel: pci 0000:00:02.1:   bridge window [io  0xb00=
0-0xbfff]
Feb 06 08:53:45 archvm kernel: pci 0000:00:02.1:   bridge window [mem 0x812=
00000-0x813fffff]
Feb 06 08:53:45 archvm kernel: pci 0000:00:02.1:   bridge window [mem 0x384=
800000000-0x384fffffffff 64bit pref]
Feb 06 08:53:45 archvm kernel: pci_bus 0000:00: resource 4 [io  0x0000-0x0c=
f7 window]
Feb 06 08:53:45 archvm kernel: pci_bus 0000:00: resource 5 [io  0x0d00-0xff=
ff window]
Feb 06 08:53:45 archvm kernel: pci_bus 0000:00: resource 6 [mem 0x000a0000-=
0x000bffff window]
Feb 06 08:53:45 archvm kernel: pci_bus 0000:00: resource 7 [mem 0x80000000-=
0xdfffffff window]
Feb 06 08:53:45 archvm kernel: pci_bus 0000:00: resource 8 [mem 0xf0000000-=
0xfebfffff window]
Feb 06 08:53:45 archvm kernel: pci_bus 0000:00: resource 9 [mem 0x380000000=
000-0x384fffffffff window]
Feb 06 08:53:45 archvm kernel: pci_bus 0000:01: resource 0 [io  0x1000-0x1f=
ff]
Feb 06 08:53:45 archvm kernel: pci_bus 0000:01: resource 1 [mem 0x82200000-=
0x823fffff]
Feb 06 08:53:45 archvm kernel: pci_bus 0000:01: resource 2 [mem 0x380000000=
000-0x3807ffffffff 64bit pref]
Feb 06 08:53:45 archvm kernel: pci_bus 0000:02: resource 0 [io  0x2000-0x2f=
ff]
Feb 06 08:53:45 archvm kernel: pci_bus 0000:02: resource 1 [mem 0x82000000-=
0x821fffff]
Feb 06 08:53:45 archvm kernel: pci_bus 0000:02: resource 2 [mem 0x380800000=
000-0x380fffffffff 64bit pref]
Feb 06 08:53:45 archvm kernel: pci_bus 0000:03: resource 0 [io  0x3000-0x3f=
ff]
Feb 06 08:53:45 archvm kernel: pci_bus 0000:03: resource 1 [mem 0x81e00000-=
0x81ffffff]
Feb 06 08:53:45 archvm kernel: pci_bus 0000:03: resource 2 [mem 0x381000000=
000-0x3817ffffffff 64bit pref]
Feb 06 08:53:45 archvm kernel: pci_bus 0000:04: resource 0 [io  0x4000-0x4f=
ff]
Feb 06 08:53:45 archvm kernel: pci_bus 0000:04: resource 1 [mem 0x81c00000-=
0x81dfffff]
Feb 06 08:53:45 archvm kernel: pci_bus 0000:04: resource 2 [mem 0x381800000=
000-0x381fffffffff 64bit pref]
Feb 06 08:53:45 archvm kernel: pci_bus 0000:05: resource 0 [io  0x5000-0x5f=
ff]
Feb 06 08:53:45 archvm kernel: pci_bus 0000:05: resource 1 [mem 0x81a00000-=
0x81bfffff]
Feb 06 08:53:45 archvm kernel: pci_bus 0000:05: resource 2 [mem 0x382000000=
000-0x3827ffffffff 64bit pref]
Feb 06 08:53:45 archvm kernel: pci_bus 0000:06: resource 0 [io  0x8000-0x8f=
ff]
Feb 06 08:53:45 archvm kernel: pci_bus 0000:06: resource 1 [mem 0x81800000-=
0x819fffff]
Feb 06 08:53:45 archvm kernel: pci_bus 0000:06: resource 2 [mem 0x382800000=
000-0x382fffffffff 64bit pref]
Feb 06 08:53:45 archvm kernel: pci_bus 0000:07: resource 0 [io  0x9000-0x9f=
ff]
Feb 06 08:53:45 archvm kernel: pci_bus 0000:07: resource 1 [mem 0x81600000-=
0x817fffff]
Feb 06 08:53:45 archvm kernel: pci_bus 0000:07: resource 2 [mem 0x383000000=
000-0x3837ffffffff 64bit pref]
Feb 06 08:53:45 archvm kernel: pci_bus 0000:08: resource 0 [io  0xa000-0xaf=
ff]
Feb 06 08:53:45 archvm kernel: pci_bus 0000:08: resource 1 [mem 0x81400000-=
0x815fffff]
Feb 06 08:53:45 archvm kernel: pci_bus 0000:08: resource 2 [mem 0x383800000=
000-0x383fffffffff 64bit pref]
Feb 06 08:53:45 archvm kernel: pci_bus 0000:09: resource 0 [io  0x6000-0x6f=
ff]
Feb 06 08:53:45 archvm kernel: pci_bus 0000:09: resource 1 [mem 0x80000000-=
0x810fffff]
Feb 06 08:53:45 archvm kernel: pci_bus 0000:09: resource 2 [mem 0x384000000=
000-0x3847ffffffff 64bit pref]
Feb 06 08:53:45 archvm kernel: pci_bus 0000:0a: resource 0 [io  0xb000-0xbf=
ff]
Feb 06 08:53:45 archvm kernel: pci_bus 0000:0a: resource 1 [mem 0x81200000-=
0x813fffff]
Feb 06 08:53:45 archvm kernel: pci_bus 0000:0a: resource 2 [mem 0x384800000=
000-0x384fffffffff 64bit pref]
Feb 06 08:53:45 archvm kernel: ACPI: \_SB_.GSIF: Enabled at IRQ 21
Feb 06 08:53:45 archvm kernel: pci 0000:09:00.1: extending delay after powe=
r-on from D3hot to 20 msec
Feb 06 08:53:45 archvm kernel: pci 0000:09:00.1: D0 power state depends on =
0000:09:00.0
Feb 06 08:53:45 archvm kernel: PCI: CLS 64 bytes, default 64
Feb 06 08:53:45 archvm kernel: clocksource: tsc: mask: 0xffffffffffffffff m=
ax_cycles: 0x6aaaebaad24, max_idle_ns: 881591041906 ns
Feb 06 08:53:45 archvm kernel: clocksource: Switched to clocksource tsc
Feb 06 08:53:45 archvm kernel: Trying to unpack rootfs image as initramfs...
Feb 06 08:53:45 archvm kernel: Initialise system trusted keyrings
Feb 06 08:53:45 archvm kernel: Key type blacklist registered
Feb 06 08:53:45 archvm kernel: workingset: timestamp_bits=3D36 max_order=3D=
19 bucket_order=3D0
Feb 06 08:53:45 archvm kernel: fuse: init (API version 7.42)
Feb 06 08:53:45 archvm kernel: integrity: Platform Keyring initialized
Feb 06 08:53:45 archvm kernel: integrity: Machine keyring initialized
Feb 06 08:53:45 archvm kernel: Key type asymmetric registered
Feb 06 08:53:45 archvm kernel: Asymmetric key parser 'x509' registered
Feb 06 08:53:45 archvm kernel: Block layer SCSI generic (bsg) driver versio=
n 0.4 loaded (major 246)
Feb 06 08:53:45 archvm kernel: io scheduler mq-deadline registered
Feb 06 08:53:45 archvm kernel: io scheduler kyber registered
Feb 06 08:53:45 archvm kernel: io scheduler bfq registered
Feb 06 08:53:45 archvm kernel: ledtrig-cpu: registered to indicate activity=
 on CPUs
Feb 06 08:53:45 archvm kernel: pcieport 0000:00:01.0: PME: Signaling with I=
RQ 24
Feb 06 08:53:45 archvm kernel: pcieport 0000:00:01.0: AER: enabled with IRQ=
 24
Feb 06 08:53:45 archvm kernel: pcieport 0000:00:01.1: PME: Signaling with I=
RQ 25
Feb 06 08:53:45 archvm kernel: pcieport 0000:00:01.1: AER: enabled with IRQ=
 25
Feb 06 08:53:45 archvm kernel: pcieport 0000:00:01.2: PME: Signaling with I=
RQ 26
Feb 06 08:53:45 archvm kernel: pcieport 0000:00:01.2: AER: enabled with IRQ=
 26
Feb 06 08:53:45 archvm kernel: pcieport 0000:00:01.3: PME: Signaling with I=
RQ 27
Feb 06 08:53:45 archvm kernel: pcieport 0000:00:01.3: AER: enabled with IRQ=
 27
Feb 06 08:53:45 archvm kernel: pcieport 0000:00:01.4: PME: Signaling with I=
RQ 28
Feb 06 08:53:45 archvm kernel: pcieport 0000:00:01.4: AER: enabled with IRQ=
 28
Feb 06 08:53:45 archvm kernel: pcieport 0000:00:01.5: PME: Signaling with I=
RQ 29
Feb 06 08:53:45 archvm kernel: pcieport 0000:00:01.5: AER: enabled with IRQ=
 29
Feb 06 08:53:45 archvm kernel: pcieport 0000:00:01.6: PME: Signaling with I=
RQ 30
Feb 06 08:53:45 archvm kernel: pcieport 0000:00:01.6: AER: enabled with IRQ=
 30
Feb 06 08:53:45 archvm kernel: pcieport 0000:00:01.7: PME: Signaling with I=
RQ 31
Feb 06 08:53:45 archvm kernel: pcieport 0000:00:01.7: AER: enabled with IRQ=
 31
Feb 06 08:53:45 archvm kernel: ACPI: \_SB_.GSIG: Enabled at IRQ 22
Feb 06 08:53:45 archvm kernel: pcieport 0000:00:02.0: PME: Signaling with I=
RQ 32
Feb 06 08:53:45 archvm kernel: pcieport 0000:00:02.0: AER: enabled with IRQ=
 32
Feb 06 08:53:45 archvm kernel: pcieport 0000:00:02.1: PME: Signaling with I=
RQ 33
Feb 06 08:53:45 archvm kernel: pcieport 0000:00:02.1: AER: enabled with IRQ=
 33
Feb 06 08:53:45 archvm kernel: shpchp: Standard Hot Plug PCI Controller Dri=
ver version: 0.4
Feb 06 08:53:45 archvm kernel: input: Power Button as /devices/LNXSYSTM:00/=
LNXPWRBN:00/input/input0
Feb 06 08:53:45 archvm kernel: ACPI: button: Power Button [PWRF]
Feb 06 08:53:45 archvm kernel: virtiofs virtio0: discovered new tag: host
Feb 06 08:53:45 archvm kernel: virtiofs virtio0: virtio_fs_setup_dax: No ca=
che capability
Feb 06 08:53:45 archvm kernel: Serial: 8250/16550 driver, 32 ports, IRQ sha=
ring enabled
Feb 06 08:53:45 archvm kernel: Non-volatile memory driver v1.3
Feb 06 08:53:45 archvm kernel: Linux agpgart interface v0.103
Feb 06 08:53:45 archvm kernel: ACPI: bus type drm_connector registered
Feb 06 08:53:45 archvm kernel: Freeing initrd memory: 10656K
Feb 06 08:53:45 archvm kernel: ahci 0000:00:1f.2: version 3.0
Feb 06 08:53:45 archvm kernel: ACPI: \_SB_.GSIA: Enabled at IRQ 16
Feb 06 08:53:45 archvm kernel: ahci 0000:00:1f.2: AHCI vers 0001.0000, 32 c=
ommand slots, 1.5 Gbps, SATA mode
Feb 06 08:53:45 archvm kernel: ahci 0000:00:1f.2: 6/6 ports implemented (po=
rt mask 0x3f)
Feb 06 08:53:45 archvm kernel: ahci 0000:00:1f.2: flags: 64bit ncq only
Feb 06 08:53:45 archvm kernel: scsi host0: ahci
Feb 06 08:53:45 archvm kernel: scsi host1: ahci
Feb 06 08:53:45 archvm kernel: scsi host2: ahci
Feb 06 08:53:45 archvm kernel: scsi host3: ahci
Feb 06 08:53:45 archvm kernel: scsi host4: ahci
Feb 06 08:53:45 archvm kernel: scsi host5: ahci
Feb 06 08:53:45 archvm kernel: ata1: SATA max UDMA/133 abar m4096@0x8248400=
0 port 0x82484100 irq 37 lpm-pol 0
Feb 06 08:53:45 archvm kernel: ata2: SATA max UDMA/133 abar m4096@0x8248400=
0 port 0x82484180 irq 37 lpm-pol 0
Feb 06 08:53:45 archvm kernel: ata3: SATA max UDMA/133 abar m4096@0x8248400=
0 port 0x82484200 irq 37 lpm-pol 0
Feb 06 08:53:45 archvm kernel: ata4: SATA max UDMA/133 abar m4096@0x8248400=
0 port 0x82484280 irq 37 lpm-pol 0
Feb 06 08:53:45 archvm kernel: ata5: SATA max UDMA/133 abar m4096@0x8248400=
0 port 0x82484300 irq 37 lpm-pol 0
Feb 06 08:53:45 archvm kernel: ata6: SATA max UDMA/133 abar m4096@0x8248400=
0 port 0x82484380 irq 37 lpm-pol 0
Feb 06 08:53:45 archvm kernel: xhci_hcd 0000:03:00.0: xHCI Host Controller
Feb 06 08:53:45 archvm kernel: xhci_hcd 0000:03:00.0: new USB bus registere=
d, assigned bus number 1
Feb 06 08:53:45 archvm kernel: xhci_hcd 0000:03:00.0: hcc params 0x00087001=
 hci version 0x100 quirks 0x0000000000000010
Feb 06 08:53:45 archvm kernel: xhci_hcd 0000:03:00.0: xHCI Host Controller
Feb 06 08:53:45 archvm kernel: xhci_hcd 0000:03:00.0: new USB bus registere=
d, assigned bus number 2
Feb 06 08:53:45 archvm kernel: xhci_hcd 0000:03:00.0: Host supports USB 3.0=
 SuperSpeed
Feb 06 08:53:45 archvm kernel: usb usb1: New USB device found, idVendor=3D1=
d6b, idProduct=3D0002, bcdDevice=3D 6.14
Feb 06 08:53:45 archvm kernel: usb usb1: New USB device strings: Mfr=3D3, P=
roduct=3D2, SerialNumber=3D1
Feb 06 08:53:45 archvm kernel: usb usb1: Product: xHCI Host Controller
Feb 06 08:53:45 archvm kernel: usb usb1: Manufacturer: Linux 6.14.0-rc1-1-m=
ainline xhci-hcd
Feb 06 08:53:45 archvm kernel: usb usb1: SerialNumber: 0000:03:00.0
Feb 06 08:53:45 archvm kernel: hub 1-0:1.0: USB hub found
Feb 06 08:53:45 archvm kernel: hub 1-0:1.0: 15 ports detected
Feb 06 08:53:45 archvm kernel: usb usb2: We don't know the algorithms for L=
PM for this host, disabling LPM.
Feb 06 08:53:45 archvm kernel: usb usb2: New USB device found, idVendor=3D1=
d6b, idProduct=3D0003, bcdDevice=3D 6.14
Feb 06 08:53:45 archvm kernel: usb usb2: New USB device strings: Mfr=3D3, P=
roduct=3D2, SerialNumber=3D1
Feb 06 08:53:45 archvm kernel: usb usb2: Product: xHCI Host Controller
Feb 06 08:53:45 archvm kernel: usb usb2: Manufacturer: Linux 6.14.0-rc1-1-m=
ainline xhci-hcd
Feb 06 08:53:45 archvm kernel: usb usb2: SerialNumber: 0000:03:00.0
Feb 06 08:53:45 archvm kernel: hub 2-0:1.0: USB hub found
Feb 06 08:53:45 archvm kernel: hub 2-0:1.0: 15 ports detected
Feb 06 08:53:45 archvm kernel: usbcore: registered new interface driver usb=
serial_generic
Feb 06 08:53:45 archvm kernel: usbserial: USB Serial support registered for=
 generic
Feb 06 08:53:45 archvm kernel: rtc_cmos 00:02: RTC can wake from S4
Feb 06 08:53:45 archvm kernel: rtc_cmos 00:02: registered as rtc0
Feb 06 08:53:45 archvm kernel: rtc_cmos 00:02: setting system clock to 2025=
-02-05T21:53:42 UTC (1738792422)
Feb 06 08:53:45 archvm kernel: rtc_cmos 00:02: alarms up to one day, y3k, 2=
42 bytes nvram
Feb 06 08:53:45 archvm kernel: simple-framebuffer simple-framebuffer.0: [dr=
m] Registered 1 planes with drm panic
Feb 06 08:53:45 archvm kernel: [drm] Initialized simpledrm 1.0.0 for simple=
-framebuffer.0 on minor 0
Feb 06 08:53:45 archvm kernel: fbcon: Deferring console take-over
Feb 06 08:53:45 archvm kernel: simple-framebuffer simple-framebuffer.0: [dr=
m] fb0: simpledrmdrmfb frame buffer device
Feb 06 08:53:45 archvm kernel: hid: raw HID events driver (C) Jiri Kosina
Feb 06 08:53:45 archvm kernel: drop_monitor: Initializing network drop moni=
tor service
Feb 06 08:53:45 archvm kernel: NET: Registered PF_INET6 protocol family
Feb 06 08:53:45 archvm kernel: Segment Routing with IPv6
Feb 06 08:53:45 archvm kernel: RPL Segment Routing with IPv6
Feb 06 08:53:45 archvm kernel: In-situ OAM (IOAM) with IPv6
Feb 06 08:53:45 archvm kernel: NET: Registered PF_PACKET protocol family
Feb 06 08:53:45 archvm kernel: IPI shorthand broadcast: enabled
Feb 06 08:53:45 archvm kernel: sched_clock: Marking stable (881003097, 1295=
698)->(922058577, -39759782)
Feb 06 08:53:45 archvm kernel: registered taskstats version 1
Feb 06 08:53:45 archvm kernel: Loading compiled-in X.509 certificates
Feb 06 08:53:45 archvm kernel: Loaded X.509 cert 'Build time autogenerated =
kernel key: d6666ab7e7b98485ae8647dd9e2d15e353fd1113'
Feb 06 08:53:45 archvm kernel: Demotion targets for Node 0: null
Feb 06 08:53:45 archvm kernel: Key type .fscrypt registered
Feb 06 08:53:45 archvm kernel: Key type fscrypt-provisioning registered
Feb 06 08:53:45 archvm kernel: PM:   Magic number: 13:916:903
Feb 06 08:53:45 archvm kernel: usb usb2-port4: hash matches
Feb 06 08:53:45 archvm kernel: RAS: Correctable Errors collector initialize=
d.
Feb 06 08:53:45 archvm kernel: clk: Disabling unused clocks
Feb 06 08:53:45 archvm kernel: PM: genpd: Disabling unused power domains
Feb 06 08:53:45 archvm kernel: ata1: SATA link down (SStatus 0 SControl 300)
Feb 06 08:53:45 archvm kernel: ata3: SATA link down (SStatus 0 SControl 300)
Feb 06 08:53:45 archvm kernel: ata5: SATA link down (SStatus 0 SControl 300)
Feb 06 08:53:45 archvm kernel: ata2: SATA link down (SStatus 0 SControl 300)
Feb 06 08:53:45 archvm kernel: ata6: SATA link down (SStatus 0 SControl 300)
Feb 06 08:53:45 archvm kernel: ata4: SATA link down (SStatus 0 SControl 300)
Feb 06 08:53:45 archvm kernel: Freeing unused decrypted memory: 2028K
Feb 06 08:53:45 archvm kernel: Freeing unused kernel image (initmem) memory=
: 4308K
Feb 06 08:53:45 archvm kernel: Write protecting the kernel read-only data: =
34816k
Feb 06 08:53:45 archvm kernel: Freeing unused kernel image (text/rodata gap=
) memory: 1064K
Feb 06 08:53:45 archvm kernel: Freeing unused kernel image (rodata/data gap=
) memory: 1884K
Feb 06 08:53:45 archvm kernel: x86/mm: Checked W+X mappings: passed, no W+X=
 pages found.
Feb 06 08:53:45 archvm kernel: rodata_test: all tests were successful
Feb 06 08:53:45 archvm kernel: Run /init as init process
Feb 06 08:53:45 archvm kernel:   with arguments:
Feb 06 08:53:45 archvm kernel:     /init
Feb 06 08:53:45 archvm kernel:   with environment:
Feb 06 08:53:45 archvm kernel:     HOME=3D/
Feb 06 08:53:45 archvm kernel:     TERM=3Dlinux
Feb 06 08:53:45 archvm kernel: fbcon: Taking over console
Feb 06 08:53:45 archvm kernel: Console: switching to colour frame buffer de=
vice 160x50
Feb 06 08:53:45 archvm kernel: i8042: PNP: PS/2 Controller [PNP0303:KBD,PNP=
0f13:MOU] at 0x60,0x64 irq 1,12
Feb 06 08:53:45 archvm kernel: virtio_blk virtio3: 8/0/0 default/read/poll =
queues
Feb 06 08:53:45 archvm kernel: serio: i8042 KBD port at 0x60,0x64 irq 1
Feb 06 08:53:45 archvm kernel: serio: i8042 AUX port at 0x60,0x64 irq 12
Feb 06 08:53:45 archvm kernel: virtio_blk virtio3: [vda] 62914560 512-byte =
logical blocks (32.2 GB/30.0 GiB)
Feb 06 08:53:45 archvm kernel: input: QEMU Virtio Keyboard as /devices/pci0=
000:00/0000:00:01.6/0000:07:00.0/virtio5/input/input1
Feb 06 08:53:45 archvm kernel:  vda: vda1 vda2
Feb 06 08:53:45 archvm kernel: input: AT Translated Set 2 keyboard as /devi=
ces/platform/i8042/serio0/input/input2
Feb 06 08:53:45 archvm kernel: input: QEMU Virtio Mouse as /devices/pci0000=
:00/0000:00:01.7/0000:08:00.0/virtio6/input/input3
Feb 06 08:53:45 archvm kernel: nouveau 0000:09:00.0: NVIDIA GM107 (117000a2)
Feb 06 08:53:45 archvm kernel: nouveau 0000:09:00.0: bios: version 82.07.32=
=2E00.6d
Feb 06 08:53:45 archvm kernel: Console: switching to colour dummy device 80=
x25
Feb 06 08:53:45 archvm kernel: nouveau 0000:09:00.0: vgaarb: deactivate vga=
 console
Feb 06 08:53:45 archvm kernel: nouveau 0000:09:00.0: fb: 2048 MiB GDDR5
Feb 06 08:53:45 archvm kernel: nouveau 0000:09:00.0: bus: MMIO read of 0000=
0000 FAULT at 3e6684 [ PRIVRING ]
Feb 06 08:53:45 archvm kernel: nouveau 0000:09:00.0: drm: VRAM: 2048 MiB
Feb 06 08:53:45 archvm kernel: nouveau 0000:09:00.0: drm: GART: 1048576 MiB
Feb 06 08:53:45 archvm kernel: nouveau 0000:09:00.0: drm: TMDS table versio=
n 2.0
Feb 06 08:53:45 archvm kernel: nouveau 0000:09:00.0: drm: MM: using COPY fo=
r buffer copies
Feb 06 08:53:45 archvm kernel: nouveau 0000:09:00.0: [drm] Registered 4 pla=
nes with drm panic
Feb 06 08:53:45 archvm kernel: [drm] Initialized nouveau 1.4.0 for 0000:09:=
00.0 on minor 0
Feb 06 08:53:45 archvm kernel: fbcon: nouveaudrmfb (fb0) is primary device
Feb 06 08:53:45 archvm kernel: Console: switching to colour frame buffer de=
vice 240x67
Feb 06 08:53:45 archvm kernel: nouveau 0000:09:00.0: [drm] fb0: nouveaudrmf=
b frame buffer device
Feb 06 08:53:45 archvm kernel: EXT4-fs (vda2): mounted filesystem 52298256-=
d09b-4e26-86ee-d93193a072ad r/w with ordered data mode. Quota mode: none.
Feb 06 08:53:45 archvm systemd[1]: systemd 257.2-2-arch running in system m=
ode (+PAM +AUDIT -SELINUX -APPARMOR -IMA +IPE +SMACK +SECCOMP +GCRYPT +GNUT=
LS +OPENSSL +ACL +BLKID +CURL +ELFUTILS +FIDO2 +IDN2 -IDN +IPTC +KMOD +LIBC=
RYPTSETUP +LIBCRYPTSETUP_PLUGINS +LIBFDISK +PCRE2 +PWQUALITY +P11KIT +QRENC=
ODE +TPM2 +BZIP2 +LZ4 +XZ +ZLIB +ZSTD +BPF_FRAMEWORK +BTF +XKBCOMMON +UTMP =
-SYSVINIT +LIBARCHIVE)
Feb 06 08:53:45 archvm systemd[1]: Detected virtualization kvm.
Feb 06 08:53:45 archvm systemd[1]: Detected architecture x86-64.
Feb 06 08:53:45 archvm systemd[1]: Hostname set to .
Feb 06 08:53:45 archvm systemd[1]: bpf-restrict-fs: LSM BPF program attached
Feb 06 08:53:45 archvm kernel: Guest personality initialized and is inactive
Feb 06 08:53:45 archvm kernel: VMCI host device registered (name=3Dvmci, ma=
jor=3D10, minor=3D123)
Feb 06 08:53:45 archvm kernel: Initialized host personality
Feb 06 08:53:45 archvm kernel: NET: Registered PF_VSOCK protocol family
Feb 06 08:53:45 archvm systemd[1]: Queued start job for default target Grap=
hical Interface.
Feb 06 08:53:45 archvm systemd[1]: Created slice Slice /system/dirmngr.
Feb 06 08:53:45 archvm systemd[1]: Created slice Slice /system/getty.
Feb 06 08:53:45 archvm systemd[1]: Created slice Slice /system/gpg-agent.
Feb 06 08:53:45 archvm systemd[1]: Created slice Slice /system/gpg-agent-br=
owser.
Feb 06 08:53:45 archvm systemd[1]: Created slice Slice /system/gpg-agent-ex=
tra.
Feb 06 08:53:45 archvm systemd[1]: Created slice Slice /system/gpg-agent-ss=
h.
Feb 06 08:53:45 archvm systemd[1]: Created slice Slice /system/keyboxd.
Feb 06 08:53:45 archvm systemd[1]: Created slice Slice /system/modprobe.
Feb 06 08:53:45 archvm systemd[1]: Created slice User and Session Slice.
Feb 06 08:53:45 archvm systemd[1]: Started Dispatch Password Requests to Co=
nsole Directory Watch.
Feb 06 08:53:45 archvm systemd[1]: Started Forward Password Requests to Wal=
l Directory Watch.
Feb 06 08:53:45 archvm systemd[1]: Set up automount Arbitrary Executable Fi=
le Formats File System Automount Point.
Feb 06 08:53:45 archvm systemd[1]: Reached target Local Encrypted Volumes.
Feb 06 08:53:45 archvm systemd[1]: Reached target Login Prompts.
Feb 06 08:53:45 archvm systemd[1]: Reached target Local Integrity Protected=
 Volumes.
Feb 06 08:53:45 archvm systemd[1]: Reached target Path Units.
Feb 06 08:53:45 archvm systemd[1]: Reached target Remote Encrypted Volumes.
Feb 06 08:53:45 archvm systemd[1]: Reached target Remote File Systems.
Feb 06 08:53:45 archvm systemd[1]: Reached target Slice Units.
Feb 06 08:53:45 archvm systemd[1]: Reached target Local Verity Protected Vo=
lumes.
Feb 06 08:53:45 archvm systemd[1]: Listening on Device-mapper event daemon =
FIFOs.
Feb 06 08:53:45 archvm systemd[1]: Listening on Process Core Dump Socket.
Feb 06 08:53:45 archvm systemd[1]: Listening on Credential Encryption/Decry=
ption.
Feb 06 08:53:45 archvm systemd[1]: Listening on Journal Audit Socket.
Feb 06 08:53:45 archvm systemd[1]: Listening on Journal Socket (/dev/log).
Feb 06 08:53:45 archvm systemd[1]: Listening on Journal Sockets.
Feb 06 08:53:45 archvm systemd[1]: Listening on DDI File System Mounter Soc=
ket.
Feb 06 08:53:45 archvm systemd[1]: Listening on Namespace Resource Manager =
Socket.
Feb 06 08:53:45 archvm systemd[1]: TPM PCR Measurements was skipped because=
 of an unmet condition check (ConditionSecurity=3Dmeasured-uki).
Feb 06 08:53:45 archvm systemd[1]: Make TPM PCR Policy was skipped because =
of an unmet condition check (ConditionSecurity=3Dmeasured-uki).
Feb 06 08:53:45 archvm systemd[1]: Listening on udev Control Socket.
Feb 06 08:53:45 archvm systemd[1]: Listening on udev Kernel Socket.
Feb 06 08:53:45 archvm systemd[1]: Listening on User Database Manager Socke=
t.
Feb 06 08:53:45 archvm systemd[1]: Mounting Huge Pages File System...
Feb 06 08:53:45 archvm systemd[1]: Mounting POSIX Message Queue File System=
=2E..
Feb 06 08:53:45 archvm systemd[1]: Mounting Kernel Debug File System...
Feb 06 08:53:45 archvm systemd[1]: Mounting Kernel Trace File System...
Feb 06 08:53:45 archvm systemd[1]: Starting Create List of Static Device No=
des...
Feb 06 08:53:45 archvm systemd[1]: Starting Load Kernel Module configfs...
Feb 06 08:53:45 archvm systemd[1]: Starting Load Kernel Module dm_mod...
Feb 06 08:53:45 archvm systemd[1]: Starting Load Kernel Module drm...
Feb 06 08:53:45 archvm systemd[1]: Starting Load Kernel Module efi_pstore...
Feb 06 08:53:45 archvm systemd[1]: Starting Load Kernel Module fuse...
Feb 06 08:53:45 archvm systemd[1]: Starting Load Kernel Module loop...
Feb 06 08:53:45 archvm systemd[1]: Clear Stale Hibernate Storage Info was s=
kipped because of an unmet condition check (ConditionPathExists=3D/sys/firm=
ware/efi/efivars/HibernateLocation-8cf2644b-4b0b-428f-9387-6d876050dc67).
Feb 06 08:53:45 archvm systemd[1]: Starting Journal Service...
Feb 06 08:53:45 archvm kernel: device-mapper: uevent: version 1.0.3
Feb 06 08:53:45 archvm kernel: device-mapper: ioctl: 4.49.0-ioctl (2025-01-=
17) initialised: dm-devel@lists.linux.dev
Feb 06 08:53:45 archvm kernel: loop: module loaded
Feb 06 08:53:45 archvm systemd[1]: Starting Load Kernel Modules...
Feb 06 08:53:45 archvm systemd[1]: TPM PCR Machine ID Measurement was skipp=
ed because of an unmet condition check (ConditionSecurity=3Dmeasured-uki).
Feb 06 08:53:45 archvm systemd[1]: Starting Remount Root and Kernel File Sy=
stems...
Feb 06 08:53:45 archvm systemd[1]: Early TPM SRK Setup was skipped because =
of an unmet condition check (ConditionSecurity=3Dmeasured-uki).
Feb 06 08:53:45 archvm systemd[1]: Starting Load udev Rules from Credential=
s...
Feb 06 08:53:45 archvm systemd[1]: Starting Coldplug All udev Devices...
Feb 06 08:53:45 archvm systemd[1]: Mounted Huge Pages File System.
Feb 06 08:53:45 archvm systemd[1]: Mounted POSIX Message Queue File System.
Feb 06 08:53:45 archvm systemd[1]: Mounted Kernel Debug File System.
Feb 06 08:53:45 archvm systemd[1]: Mounted Kernel Trace File System.
Feb 06 08:53:45 archvm systemd[1]: Finished Create List of Static Device No=
des.
Feb 06 08:53:45 archvm systemd[1]: modprobe@configfs.service: Deactivated s=
uccessfully.
Feb 06 08:53:45 archvm systemd[1]: Finished Load Kernel Module configfs.
Feb 06 08:53:45 archvm systemd[1]: modprobe@dm_mod.service: Deactivated suc=
cessfully.
Feb 06 08:53:45 archvm systemd[1]: Finished Load Kernel Module dm_mod.
Feb 06 08:53:45 archvm systemd-journald[314]: Collecting audit messages is =
enabled.
Feb 06 08:53:45 archvm kernel: audit: type=3D1130 audit(1738792425.612:2): =
pid=3D1 uid=3D0 auid=3D4294967295 ses=3D4294967295 msg=3D'unit=3Dmodprobe@d=
m_mod comm=3D"systemd" exe=3D"/usr/lib/systemd/systemd" hostname=3D? addr=
=3D? terminal=3D? res=3Dsuccess'
Feb 06 08:53:45 archvm kernel: audit: type=3D1131 audit(1738792425.612:3): =
pid=3D1 uid=3D0 auid=3D4294967295 ses=3D4294967295 msg=3D'unit=3Dmodprobe@d=
m_mod comm=3D"systemd" exe=3D"/usr/lib/systemd/systemd" hostname=3D? addr=
=3D? terminal=3D? res=3Dsuccess'
Feb 06 08:53:45 archvm systemd[1]: modprobe@drm.service: Deactivated succes=
sfully.
Feb 06 08:53:45 archvm systemd[1]: Finished Load Kernel Module drm.
Feb 06 08:53:45 archvm kernel: audit: type=3D1130 audit(1738792425.613:4): =
pid=3D1 uid=3D0 auid=3D4294967295 ses=3D4294967295 msg=3D'unit=3Dmodprobe@d=
rm comm=3D"systemd" exe=3D"/usr/lib/systemd/systemd" hostname=3D? addr=3D? =
terminal=3D? res=3Dsuccess'
Feb 06 08:53:45 archvm kernel: audit: type=3D1131 audit(1738792425.613:5): =
pid=3D1 uid=3D0 auid=3D4294967295 ses=3D4294967295 msg=3D'unit=3Dmodprobe@d=
rm comm=3D"systemd" exe=3D"/usr/lib/systemd/systemd" hostname=3D? addr=3D? =
terminal=3D? res=3Dsuccess'
Feb 06 08:53:45 archvm systemd[1]: modprobe@efi_pstore.service: Deactivated=
 successfully.
Feb 06 08:53:45 archvm systemd[1]: Finished Load Kernel Module efi_pstore.
Feb 06 08:53:45 archvm kernel: audit: type=3D1130 audit(1738792425.615:6): =
pid=3D1 uid=3D0 auid=3D4294967295 ses=3D4294967295 msg=3D'unit=3Dmodprobe@e=
fi_pstore comm=3D"systemd" exe=3D"/usr/lib/systemd/systemd" hostname=3D? ad=
dr=3D? terminal=3D? res=3Dsuccess'
Feb 06 08:53:45 archvm kernel: audit: type=3D1131 audit(1738792425.615:7): =
pid=3D1 uid=3D0 auid=3D4294967295 ses=3D4294967295 msg=3D'unit=3Dmodprobe@e=
fi_pstore comm=3D"systemd" exe=3D"/usr/lib/systemd/systemd" hostname=3D? ad=
dr=3D? terminal=3D? res=3Dsuccess'
Feb 06 08:53:45 archvm systemd[1]: modprobe@fuse.service: Deactivated succe=
ssfully.
Feb 06 08:53:45 archvm systemd[1]: Finished Load Kernel Module fuse.
Feb 06 08:53:45 archvm kernel: audit: type=3D1130 audit(1738792425.616:8): =
pid=3D1 uid=3D0 auid=3D4294967295 ses=3D4294967295 msg=3D'unit=3Dmodprobe@f=
use comm=3D"systemd" exe=3D"/usr/lib/systemd/systemd" hostname=3D? addr=3D?=
 terminal=3D? res=3Dsuccess'
Feb 06 08:53:45 archvm kernel: audit: type=3D1131 audit(1738792425.616:9): =
pid=3D1 uid=3D0 auid=3D4294967295 ses=3D4294967295 msg=3D'unit=3Dmodprobe@f=
use comm=3D"systemd" exe=3D"/usr/lib/systemd/systemd" hostname=3D? addr=3D?=
 terminal=3D? res=3Dsuccess'
Feb 06 08:53:45 archvm systemd[1]: modprobe@loop.service: Deactivated succe=
ssfully.
Feb 06 08:53:45 archvm systemd[1]: Finished Load Kernel Module loop.
Feb 06 08:53:45 archvm kernel: audit: type=3D1130 audit(1738792425.617:10):=
 pid=3D1 uid=3D0 auid=3D4294967295 ses=3D4294967295 msg=3D'unit=3Dmodprobe@=
loop comm=3D"systemd" exe=3D"/usr/lib/systemd/systemd" hostname=3D? addr=3D=
? terminal=3D? res=3Dsuccess'
Feb 06 08:53:45 archvm systemd[1]: Finished Remount Root and Kernel File Sy=
stems.
Feb 06 08:53:45 archvm systemd[1]: Finished Load udev Rules from Credential=
s.
Feb 06 08:53:45 archvm systemd[1]: Activating swap /swap/swapfile...
Feb 06 08:53:45 archvm systemd[1]: Mounting FUSE Control File System...
Feb 06 08:53:45 archvm systemd[1]: Mounting Kernel Configuration File Syste=
m...
Feb 06 08:53:45 archvm systemd[1]: Rebuild Hardware Database was skipped be=
cause no trigger condition checks were met.
Feb 06 08:53:45 archvm systemd[1]: Platform Persistent Storage Archival was=
 skipped because of an unmet condition check (ConditionDirectoryNotEmpty=3D=
/sys/fs/pstore).
Feb 06 08:53:45 archvm systemd[1]: Starting Load/Save OS Random Seed...
Feb 06 08:53:45 archvm systemd[1]: Repartition Root Disk was skipped becaus=
e no trigger condition checks were met.
Feb 06 08:53:45 archvm systemd[1]: Starting Create Static Device Nodes in /=
dev gracefully...
Feb 06 08:53:45 archvm systemd[1]: TPM SRK Setup was skipped because of an =
unmet condition check (ConditionSecurity=3Dmeasured-uki).
Feb 06 08:53:45 archvm systemd[1]: Finished Load Kernel Modules.
Feb 06 08:53:45 archvm kernel: Adding 524284k swap on /swap/swapfile.  Prio=
rity:-2 extents:3 across:548860k
Feb 06 08:53:45 archvm systemd[1]: Activated swap /swap/swapfile.
Feb 06 08:53:45 archvm systemd[1]: Mounted FUSE Control File System.
Feb 06 08:53:45 archvm systemd[1]: Mounted Kernel Configuration File System.
Feb 06 08:53:45 archvm systemd[1]: Reached target Swaps.
Feb 06 08:53:45 archvm systemd[1]: Mounting Temporary Directory /tmp...
Feb 06 08:53:45 archvm systemd[1]: Starting Apply Kernel Variables...
Feb 06 08:53:45 archvm systemd[1]: Finished Load/Save OS Random Seed.
Feb 06 08:53:45 archvm systemd[1]: Starting Namespace Resource Manager...
Feb 06 08:53:45 archvm systemd[1]: Starting User Database Manager...
Feb 06 08:53:45 archvm systemd[1]: Mounted Temporary Directory /tmp.
Feb 06 08:53:45 archvm systemd-journald[314]: Journal started
Feb 06 08:53:45 archvm systemd-journald[314]: Runtime Journal (/run/log/jou=
rnal/8f1b161d188e41219ae9cfb088b4379d) is 8M, max 97.3M, 89.3M free.
Feb 06 08:53:45 archvm audit[1]: SERVICE_START pid=3D1 uid=3D0 auid=3D42949=
67295 ses=3D4294967295 msg=3D'unit=3Dmodprobe@dm_mod comm=3D"systemd" exe=
=3D"/usr/lib/systemd/systemd" hostname=3D? addr=3D? terminal=3D? res=3Dsucc=
ess'
Feb 06 08:53:45 archvm audit[1]: SERVICE_STOP pid=3D1 uid=3D0 auid=3D429496=
7295 ses=3D4294967295 msg=3D'unit=3Dmodprobe@dm_mod comm=3D"systemd" exe=3D=
"/usr/lib/systemd/systemd" hostname=3D? addr=3D? terminal=3D? res=3Dsuccess'
Feb 06 08:53:45 archvm audit[1]: SERVICE_START pid=3D1 uid=3D0 auid=3D42949=
67295 ses=3D4294967295 msg=3D'unit=3Dmodprobe@drm comm=3D"systemd" exe=3D"/=
usr/lib/systemd/systemd" hostname=3D? addr=3D? terminal=3D? res=3Dsuccess'
Feb 06 08:53:45 archvm audit[1]: SERVICE_STOP pid=3D1 uid=3D0 auid=3D429496=
7295 ses=3D4294967295 msg=3D'unit=3Dmodprobe@drm comm=3D"systemd" exe=3D"/u=
sr/lib/systemd/systemd" hostname=3D? addr=3D? terminal=3D? res=3Dsuccess'
Feb 06 08:53:45 archvm audit[1]: SERVICE_START pid=3D1 uid=3D0 auid=3D42949=
67295 ses=3D4294967295 msg=3D'unit=3Dmodprobe@efi_pstore comm=3D"systemd" e=
xe=3D"/usr/lib/systemd/systemd" hostname=3D? addr=3D? terminal=3D? res=3Dsu=
ccess'
Feb 06 08:53:45 archvm audit[1]: SERVICE_STOP pid=3D1 uid=3D0 auid=3D429496=
7295 ses=3D4294967295 msg=3D'unit=3Dmodprobe@efi_pstore comm=3D"systemd" ex=
e=3D"/usr/lib/systemd/systemd" hostname=3D? addr=3D? terminal=3D? res=3Dsuc=
cess'
Feb 06 08:53:45 archvm audit[1]: SERVICE_START pid=3D1 uid=3D0 auid=3D42949=
67295 ses=3D4294967295 msg=3D'unit=3Dmodprobe@fuse comm=3D"systemd" exe=3D"=
/usr/lib/systemd/systemd" hostname=3D? addr=3D? terminal=3D? res=3Dsuccess'
Feb 06 08:53:45 archvm audit[1]: SERVICE_STOP pid=3D1 uid=3D0 auid=3D429496=
7295 ses=3D4294967295 msg=3D'unit=3Dmodprobe@fuse comm=3D"systemd" exe=3D"/=
usr/lib/systemd/systemd" hostname=3D? addr=3D? terminal=3D? res=3Dsuccess'
Feb 06 08:53:45 archvm audit[1]: SERVICE_START pid=3D1 uid=3D0 auid=3D42949=
67295 ses=3D4294967295 msg=3D'unit=3Dmodprobe@loop comm=3D"systemd" exe=3D"=
/usr/lib/systemd/systemd" hostname=3D? addr=3D? terminal=3D? res=3Dsuccess'
Feb 06 08:53:45 archvm audit[1]: SERVICE_STOP pid=3D1 uid=3D0 auid=3D429496=
7295 ses=3D4294967295 msg=3D'unit=3Dmodprobe@loop comm=3D"systemd" exe=3D"/=
usr/lib/systemd/systemd" hostname=3D? addr=3D? terminal=3D? res=3Dsuccess'
Feb 06 08:53:45 archvm audit[1]: SERVICE_START pid=3D1 uid=3D0 auid=3D42949=
67295 ses=3D4294967295 msg=3D'unit=3Dsystemd-remount-fs comm=3D"systemd" ex=
e=3D"/usr/lib/systemd/systemd" hostname=3D? addr=3D? terminal=3D? res=3Dsuc=
cess'
Feb 06 08:53:45 archvm audit[1]: SERVICE_START pid=3D1 uid=3D0 auid=3D42949=
67295 ses=3D4294967295 msg=3D'unit=3Dsystemd-udev-load-credentials comm=3D"=
systemd" exe=3D"/usr/lib/systemd/systemd" hostname=3D? addr=3D? terminal=3D=
? res=3Dsuccess'
Feb 06 08:53:45 archvm audit[1]: SERVICE_START pid=3D1 uid=3D0 auid=3D42949=
67295 ses=3D4294967295 msg=3D'unit=3Dsystemd-modules-load comm=3D"systemd" =
exe=3D"/usr/lib/systemd/systemd" hostname=3D? addr=3D? terminal=3D? res=3Ds=
uccess'
Feb 06 08:53:45 archvm audit[1]: SERVICE_START pid=3D1 uid=3D0 auid=3D42949=
67295 ses=3D4294967295 msg=3D'unit=3Dsystemd-random-seed comm=3D"systemd" e=
xe=3D"/usr/lib/systemd/systemd" hostname=3D? addr=3D? terminal=3D? res=3Dsu=
ccess'
Feb 06 08:53:45 archvm audit: BPF prog-id=3D25 op=3DLOAD
Feb 06 08:53:45 archvm audit: BPF prog-id=3D26 op=3DLOAD
Feb 06 08:53:45 archvm audit: BPF prog-id=3D27 op=3DLOAD
Feb 06 08:53:45 archvm audit: BPF prog-id=3D28 op=3DLOAD
Feb 06 08:53:45 archvm audit: BPF prog-id=3D29 op=3DLOAD
Feb 06 08:53:45 archvm audit: BPF prog-id=3D30 op=3DLOAD
Feb 06 08:53:45 archvm systemd-modules-load[315]: Inserted module 'crypto_u=
ser'
Feb 06 08:53:45 archvm systemd[1]: Finished Apply Kernel Variables.
Feb 06 08:53:45 archvm audit[1]: SERVICE_START pid=3D1 uid=3D0 auid=3D42949=
67295 ses=3D4294967295 msg=3D'unit=3Dsystemd-sysctl comm=3D"systemd" exe=3D=
"/usr/lib/systemd/systemd" hostname=3D? addr=3D? terminal=3D? res=3Dsuccess'
Feb 06 08:53:45 archvm systemd[1]: Started Journal Service.
Feb 06 08:53:45 archvm audit[1]: SERVICE_START pid=3D1 uid=3D0 auid=3D42949=
67295 ses=3D4294967295 msg=3D'unit=3Dsystemd-journald comm=3D"systemd" exe=
=3D"/usr/lib/systemd/systemd" hostname=3D? addr=3D? terminal=3D? res=3Dsucc=
ess'
Feb 06 08:53:45 archvm systemd[1]: Starting Flush Journal to Persistent Sto=
rage...
Feb 06 08:53:45 archvm audit: BPF prog-id=3D31 op=3DLOAD
Feb 06 08:53:45 archvm audit[331]: SYSCALL arch=3Dc000003e syscall=3D321 su=
ccess=3Dyes exit=3D13 a0=3D5 a1=3D7ffebd1b7bb0 a2=3D94 a3=3D1000 items=3D0 =
ppid=3D1 pid=3D331 auid=3D4294967295 uid=3D0 gid=3D0 euid=3D0 suid=3D0 fsui=
d=3D0 egid=3D0 sgid=3D0 fsgid=3D0 tty=3D(none) ses=3D4294967295 comm=3D"sys=
temd-nsresou" exe=3D"/usr/lib/systemd/systemd-nsresourced" key=3D(null)
Feb 06 08:53:45 archvm audit: PROCTITLE proctitle=3D"/usr/lib/systemd/syste=
md-nsresourced"
Feb 06 08:53:45 archvm audit: BPF prog-id=3D31 op=3DUNLOAD
Feb 06 08:53:45 archvm audit[331]: SYSCALL arch=3Dc000003e syscall=3D3 succ=
ess=3Dyes exit=3D0 a0=3Dd a1=3D0 a2=3D0 a3=3D0 items=3D0 ppid=3D1 pid=3D331=
 auid=3D4294967295 uid=3D0 gid=3D0 euid=3D0 suid=3D0 fsuid=3D0 egid=3D0 sgi=
d=3D0 fsgid=3D0 tty=3D(none) ses=3D4294967295 comm=3D"systemd-nsresou" exe=
=3D"/usr/lib/systemd/systemd-nsresourced" key=3D(null)
Feb 06 08:53:45 archvm audit: PROCTITLE proctitle=3D"/usr/lib/systemd/syste=
md-nsresourced"
Feb 06 08:53:45 archvm audit: BPF prog-id=3D32 op=3DLOAD
Feb 06 08:53:45 archvm audit[331]: SYSCALL arch=3Dc000003e syscall=3D321 su=
ccess=3Dyes exit=3D11 a0=3D5 a1=3D7ffebd1b7ab0 a2=3D94 a3=3D2 items=3D0 ppi=
d=3D1 pid=3D331 auid=3D4294967295 uid=3D0 gid=3D0 euid=3D0 suid=3D0 fsuid=
=3D0 egid=3D0 sgid=3D0 fsgid=3D0 tty=3D(none) ses=3D4294967295 comm=3D"syst=
emd-nsresou" exe=3D"/usr/lib/systemd/systemd-nsresourced" key=3D(null)
Feb 06 08:53:45 archvm audit: PROCTITLE proctitle=3D"/usr/lib/systemd/syste=
md-nsresourced"
Feb 06 08:53:45 archvm audit: BPF prog-id=3D32 op=3DUNLOAD
Feb 06 08:53:45 archvm audit[331]: SYSCALL arch=3Dc000003e syscall=3D3 succ=
ess=3Dyes exit=3D0 a0=3Db a1=3D0 a2=3D0 a3=3D0 items=3D0 ppid=3D1 pid=3D331=
 auid=3D4294967295 uid=3D0 gid=3D0 euid=3D0 suid=3D0 fsuid=3D0 egid=3D0 sgi=
d=3D0 fsgid=3D0 tty=3D(none) ses=3D4294967295 comm=3D"systemd-nsresou" exe=
=3D"/usr/lib/systemd/systemd-nsresourced" key=3D(null)
Feb 06 08:53:45 archvm audit: PROCTITLE proctitle=3D"/usr/lib/systemd/syste=
md-nsresourced"
Feb 06 08:53:45 archvm systemd[1]: Finished Coldplug All udev Devices.
Feb 06 08:53:45 archvm systemd-journald[314]: Time spent on flushing to /va=
r/log/journal/8f1b161d188e41219ae9cfb088b4379d is 7.609ms for 876 entries.
Feb 06 08:53:45 archvm systemd-journald[314]: System Journal (/var/log/jour=
nal/8f1b161d188e41219ae9cfb088b4379d) is 40M, max 2.9G, 2.8G free.
Feb 06 08:53:45 archvm systemd-journald[314]: Received client request to fl=
ush runtime journal.
Feb 06 08:53:45 archvm systemd-journald[314]: File /var/log/journal/8f1b161=
d188e41219ae9cfb088b4379d/system.journal corrupted or uncleanly shut down, =
renaming and replacing.
Feb 06 08:53:45 archvm audit[1]: SERVICE_START pid=3D1 uid=3D0 auid=3D42949=
67295 ses=3D4294967295 msg=3D'unit=3Dsystemd-udev-trigger comm=3D"systemd" =
exe=3D"/usr/lib/systemd/systemd" hostname=3D? addr=3D? terminal=3D? res=3Ds=
uccess'
Feb 06 08:53:45 archvm audit[1]: SERVICE_START pid=3D1 uid=3D0 auid=3D42949=
67295 ses=3D4294967295 msg=3D'unit=3Dsystemd-userdbd comm=3D"systemd" exe=
=3D"/usr/lib/systemd/systemd" hostname=3D? addr=3D? terminal=3D? res=3Dsucc=
ess'
Feb 06 08:53:45 archvm audit: BPF prog-id=3D33 op=3DLOAD
Feb 06 08:53:45 archvm audit[331]: SYSCALL arch=3Dc000003e syscall=3D321 su=
ccess=3Dyes exit=3D14 a0=3D5 a1=3D7ffebd1b7810 a2=3D94 a3=3D4 items=3D0 ppi=
d=3D1 pid=3D331 auid=3D4294967295 uid=3D0 gid=3D0 euid=3D0 suid=3D0 fsuid=
=3D0 egid=3D0 sgid=3D0 fsgid=3D0 tty=3D(none) ses=3D4294967295 comm=3D"syst=
emd-nsresou" exe=3D"/usr/lib/systemd/systemd-nsresourced" key=3D(null)
Feb 06 08:53:45 archvm audit: PROCTITLE proctitle=3D"/usr/lib/systemd/syste=
md-nsresourced"
Feb 06 08:53:45 archvm audit: BPF prog-id=3D33 op=3DUNLOAD
Feb 06 08:53:45 archvm audit[331]: SYSCALL arch=3Dc000003e syscall=3D3 succ=
ess=3Dyes exit=3D0 a0=3De a1=3D0 a2=3D0 a3=3D0 items=3D0 ppid=3D1 pid=3D331=
 auid=3D4294967295 uid=3D0 gid=3D0 euid=3D0 suid=3D0 fsuid=3D0 egid=3D0 sgi=
d=3D0 fsgid=3D0 tty=3D(none) ses=3D4294967295 comm=3D"systemd-nsresou" exe=
=3D"/usr/lib/systemd/systemd-nsresourced" key=3D(null)
Feb 06 08:53:45 archvm audit: PROCTITLE proctitle=3D"/usr/lib/systemd/syste=
md-nsresourced"
Feb 06 08:53:45 archvm audit: BPF prog-id=3D34 op=3DLOAD
Feb 06 08:53:45 archvm audit[331]: SYSCALL arch=3Dc000003e syscall=3D321 su=
ccess=3Dyes exit=3D14 a0=3D5 a1=3D7ffebd1b7940 a2=3D94 a3=3D0 items=3D0 ppi=
d=3D1 pid=3D331 auid=3D4294967295 uid=3D0 gid=3D0 euid=3D0 suid=3D0 fsuid=
=3D0 egid=3D0 sgid=3D0 fsgid=3D0 tty=3D(none) ses=3D4294967295 comm=3D"syst=
emd-nsresou" exe=3D"/usr/lib/systemd/systemd-nsresourced" key=3D(null)
Feb 06 08:53:45 archvm audit: PROCTITLE proctitle=3D"/usr/lib/systemd/syste=
md-nsresourced"
Feb 06 08:53:45 archvm audit: BPF prog-id=3D34 op=3DUNLOAD
Feb 06 08:53:45 archvm audit[331]: SYSCALL arch=3Dc000003e syscall=3D3 succ=
ess=3Dyes exit=3D0 a0=3De a1=3D0 a2=3D0 a3=3D0 items=3D0 ppid=3D1 pid=3D331=
 auid=3D4294967295 uid=3D0 gid=3D0 euid=3D0 suid=3D0 fsuid=3D0 egid=3D0 sgi=
d=3D0 fsgid=3D0 tty=3D(none) ses=3D4294967295 comm=3D"systemd-nsresou" exe=
=3D"/usr/lib/systemd/systemd-nsresourced" key=3D(null)
Feb 06 08:53:45 archvm audit: PROCTITLE proctitle=3D"/usr/lib/systemd/syste=
md-nsresourced"
Feb 06 08:53:45 archvm audit: BPF prog-id=3D35 op=3DLOAD
Feb 06 08:53:45 archvm audit[331]: SYSCALL arch=3Dc000003e syscall=3D321 su=
ccess=3Dyes exit=3D14 a0=3D5 a1=3D7ffebd1b70e0 a2=3D94 a3=3D35 items=3D0 pp=
id=3D1 pid=3D331 auid=3D4294967295 uid=3D0 gid=3D0 euid=3D0 suid=3D0 fsuid=
=3D0 egid=3D0 sgid=3D0 fsgid=3D0 tty=3D(none) ses=3D4294967295 comm=3D"syst=
emd-nsresou" exe=3D"/usr/lib/systemd/systemd-nsresourced" key=3D(null)
Feb 06 08:53:45 archvm audit: PROCTITLE proctitle=3D"/usr/lib/systemd/syste=
md-nsresourced"
Feb 06 08:53:45 archvm audit: BPF prog-id=3D36 op=3DLOAD
Feb 06 08:53:45 archvm audit[331]: SYSCALL arch=3Dc000003e syscall=3D321 su=
ccess=3Dyes exit=3D15 a0=3D5 a1=3D7ffebd1b70e0 a2=3D94 a3=3D35 items=3D0 pp=
id=3D1 pid=3D331 auid=3D4294967295 uid=3D0 gid=3D0 euid=3D0 suid=3D0 fsuid=
=3D0 egid=3D0 sgid=3D0 fsgid=3D0 tty=3D(none) ses=3D4294967295 comm=3D"syst=
emd-nsresou" exe=3D"/usr/lib/systemd/systemd-nsresourced" key=3D(null)
Feb 06 08:53:45 archvm audit: PROCTITLE proctitle=3D"/usr/lib/systemd/syste=
md-nsresourced"
Feb 06 08:53:45 archvm audit: BPF prog-id=3D37 op=3DLOAD
Feb 06 08:53:45 archvm audit[331]: SYSCALL arch=3Dc000003e syscall=3D321 su=
ccess=3Dyes exit=3D16 a0=3D5 a1=3D7ffebd1b70e0 a2=3D94 a3=3D35 items=3D0 pp=
id=3D1 pid=3D331 auid=3D4294967295 uid=3D0 gid=3D0 euid=3D0 suid=3D0 fsuid=
=3D0 egid=3D0 sgid=3D0 fsgid=3D0 tty=3D(none) ses=3D4294967295 comm=3D"syst=
emd-nsresou" exe=3D"/usr/lib/systemd/systemd-nsresourced" key=3D(null)
Feb 06 08:53:45 archvm audit: PROCTITLE proctitle=3D"/usr/lib/systemd/syste=
md-nsresourced"
Feb 06 08:53:45 archvm audit: BPF prog-id=3D38 op=3DLOAD
Feb 06 08:53:45 archvm audit[331]: SYSCALL arch=3Dc000003e syscall=3D321 su=
ccess=3Dyes exit=3D17 a0=3D5 a1=3D7ffebd1b70e0 a2=3D94 a3=3D35 items=3D0 pp=
id=3D1 pid=3D331 auid=3D4294967295 uid=3D0 gid=3D0 euid=3D0 suid=3D0 fsuid=
=3D0 egid=3D0 sgid=3D0 fsgid=3D0 tty=3D(none) ses=3D4294967295 comm=3D"syst=
emd-nsresou" exe=3D"/usr/lib/systemd/systemd-nsresourced" key=3D(null)
Feb 06 08:53:45 archvm audit: PROCTITLE proctitle=3D"/usr/lib/systemd/syste=
md-nsresourced"
Feb 06 08:53:45 archvm audit: BPF prog-id=3D39 op=3DLOAD
Feb 06 08:53:45 archvm audit[331]: SYSCALL arch=3Dc000003e syscall=3D321 su=
ccess=3Dyes exit=3D18 a0=3D5 a1=3D7ffebd1b70e0 a2=3D94 a3=3D35 items=3D0 pp=
id=3D1 pid=3D331 auid=3D4294967295 uid=3D0 gid=3D0 euid=3D0 suid=3D0 fsuid=
=3D0 egid=3D0 sgid=3D0 fsgid=3D0 tty=3D(none) ses=3D4294967295 comm=3D"syst=
emd-nsresou" exe=3D"/usr/lib/systemd/systemd-nsresourced" key=3D(null)
Feb 06 08:53:45 archvm audit: PROCTITLE proctitle=3D"/usr/lib/systemd/syste=
md-nsresourced"
Feb 06 08:53:45 archvm audit: BPF prog-id=3D40 op=3DLOAD
Feb 06 08:53:45 archvm audit[331]: SYSCALL arch=3Dc000003e syscall=3D321 su=
ccess=3Dyes exit=3D19 a0=3D5 a1=3D7ffebd1b70e0 a2=3D94 a3=3D16 items=3D0 pp=
id=3D1 pid=3D331 auid=3D4294967295 uid=3D0 gid=3D0 euid=3D0 suid=3D0 fsuid=
=3D0 egid=3D0 sgid=3D0 fsgid=3D0 tty=3D(none) ses=3D4294967295 comm=3D"syst=
emd-nsresou" exe=3D"/usr/lib/systemd/systemd-nsresourced" key=3D(null)
Feb 06 08:53:45 archvm audit: PROCTITLE proctitle=3D"/usr/lib/systemd/syste=
md-nsresourced"
Feb 06 08:53:45 archvm systemd[1]: Started User Database Manager.
Feb 06 08:53:45 archvm systemd[1]: Finished Flush Journal to Persistent Sto=
rage.
Feb 06 08:53:45 archvm audit[1]: SERVICE_START pid=3D1 uid=3D0 auid=3D42949=
67295 ses=3D4294967295 msg=3D'unit=3Dsystemd-journal-flush comm=3D"systemd"=
 exe=3D"/usr/lib/systemd/systemd" hostname=3D? addr=3D? terminal=3D? res=3D=
success'
Feb 06 08:53:45 archvm systemd-nsresourced[331]: userns-restrict BPF-LSM pr=
ogram userns_restrict_path_chown now attached.
Feb 06 08:53:45 archvm systemd-nsresourced[331]: userns-restrict BPF-LSM pr=
ogram userns_restrict_path_mkdir now attached.
Feb 06 08:53:45 archvm systemd-nsresourced[331]: userns-restrict BPF-LSM pr=
ogram userns_restrict_path_mknod now attached.
Feb 06 08:53:45 archvm systemd-nsresourced[331]: userns-restrict BPF-LSM pr=
ogram userns_restrict_path_symlink now attached.
Feb 06 08:53:45 archvm systemd-nsresourced[331]: userns-restrict BPF-LSM pr=
ogram userns_restrict_path_link now attached.
Feb 06 08:53:45 archvm audit: BPF prog-id=3D41 op=3DLOAD
Feb 06 08:53:45 archvm audit[331]: SYSCALL arch=3Dc000003e syscall=3D321 su=
ccess=3Dyes exit=3D26 a0=3D5 a1=3D7ffebd1b7680 a2=3D94 a3=3D2 items=3D0 ppi=
d=3D1 pid=3D331 auid=3D4294967295 uid=3D0 gid=3D0 euid=3D0 suid=3D0 fsuid=
=3D0 egid=3D0 sgid=3D0 fsgid=3D0 tty=3D(none) ses=3D4294967295 comm=3D"syst=
emd-nsresou" exe=3D"/usr/lib/systemd/systemd-nsresourced" key=3D(null)
Feb 06 08:53:45 archvm audit: PROCTITLE proctitle=3D"/usr/lib/systemd/syste=
md-nsresourced"
Feb 06 08:53:45 archvm audit: BPF prog-id=3D41 op=3DUNLOAD
Feb 06 08:53:45 archvm audit[331]: SYSCALL arch=3Dc000003e syscall=3D3 succ=
ess=3Dyes exit=3D0 a0=3D1a a1=3D0 a2=3D0 a3=3D0 items=3D0 ppid=3D1 pid=3D33=
1 auid=3D4294967295 uid=3D0 gid=3D0 euid=3D0 suid=3D0 fsuid=3D0 egid=3D0 sg=
id=3D0 fsgid=3D0 tty=3D(none) ses=3D4294967295 comm=3D"systemd-nsresou" exe=
=3D"/usr/lib/systemd/systemd-nsresourced" key=3D(null)
Feb 06 08:53:45 archvm audit: PROCTITLE proctitle=3D"/usr/lib/systemd/syste=
md-nsresourced"
Feb 06 08:53:45 archvm systemd-nsresourced[331]: userns-restrict BPF-LSM pr=
ogram userns_restrict_free_user_ns now attached.
Feb 06 08:53:45 archvm systemd[1]: Started Namespace Resource Manager.
Feb 06 08:53:45 archvm audit[1]: SERVICE_START pid=3D1 uid=3D0 auid=3D42949=
67295 ses=3D4294967295 msg=3D'unit=3Dsystemd-nsresourced comm=3D"systemd" e=
xe=3D"/usr/lib/systemd/systemd" hostname=3D? addr=3D? terminal=3D? res=3Dsu=
ccess'
Feb 06 08:53:45 archvm systemd[1]: Finished Create Static Device Nodes in /=
dev gracefully.
Feb 06 08:53:45 archvm audit[1]: SERVICE_START pid=3D1 uid=3D0 auid=3D42949=
67295 ses=3D4294967295 msg=3D'unit=3Dsystemd-tmpfiles-setup-dev-early comm=
=3D"systemd" exe=3D"/usr/lib/systemd/systemd" hostname=3D? addr=3D? termina=
l=3D? res=3Dsuccess'
Feb 06 08:53:45 archvm systemd[1]: Starting Create System Users...
Feb 06 08:53:45 archvm systemd[1]: Finished Create System Users.
Feb 06 08:53:45 archvm audit[1]: SERVICE_START pid=3D1 uid=3D0 auid=3D42949=
67295 ses=3D4294967295 msg=3D'unit=3Dsystemd-sysusers comm=3D"systemd" exe=
=3D"/usr/lib/systemd/systemd" hostname=3D? addr=3D? terminal=3D? res=3Dsucc=
ess'
Feb 06 08:53:45 archvm audit: BPF prog-id=3D42 op=3DLOAD
Feb 06 08:53:45 archvm systemd[1]: Starting Network Name Resolution...
Feb 06 08:53:45 archvm audit: BPF prog-id=3D43 op=3DLOAD
Feb 06 08:53:45 archvm systemd[1]: Starting Network Time Synchronization...
Feb 06 08:53:45 archvm systemd[1]: Starting Create Static Device Nodes in /=
dev...
Feb 06 08:53:45 archvm systemd[1]: Finished Create Static Device Nodes in /=
dev.
Feb 06 08:53:45 archvm audit[1]: SERVICE_START pid=3D1 uid=3D0 auid=3D42949=
67295 ses=3D4294967295 msg=3D'unit=3Dsystemd-tmpfiles-setup-dev comm=3D"sys=
temd" exe=3D"/usr/lib/systemd/systemd" hostname=3D? addr=3D? terminal=3D? r=
es=3Dsuccess'
Feb 06 08:53:45 archvm systemd[1]: Started Network Time Synchronization.
Feb 06 08:53:45 archvm audit[1]: SERVICE_START pid=3D1 uid=3D0 auid=3D42949=
67295 ses=3D4294967295 msg=3D'unit=3Dsystemd-timesyncd comm=3D"systemd" exe=
